/Users/claw/Library/Python/3.9/lib/python/site-packages/urllib3/__init__.py:35: NotOpenSSLWarning: urllib3 v2 only supports OpenSSL 1.1.1+, currently the 'ssl' module is compiled with 'LibreSSL 2.8.3'. See: https://github.com/urllib3/urllib3/issues/3020
  warnings.warn(
======================================================================
🤖 整合爬蟲系統 v2.0
======================================================================
🎯 目標: 100 條有效數據
📁 輸出: /Users/claw/Desktop/汽車保險潛客數據
⏰ 時間: 2026-03-25 08:03:18
======================================================================

🚗 啟動 28car.com 爬蟲...
  📄 爬取第 1 頁...
    ✅ [1] 98893576
    ✅ [1] 98893576
    ✅ [1] 98893576
    ✅ [2] 63899332
    ✅ [3] 94888916
    ✅ [3] 98893576 🚗寶馬 218iA GRAN COUPE M SPORT	汽油	5座	1
    ✅ [3] 98893576 🚗豐田 HIACE 3.0 DELUXE	柴油	5座	2982cc	自動
    ✅ [3] 98893576 🚗豐田 HIACE 3.0 DELUXE	柴油	5座	2982cc	自動
    ✅ [3] 98893576 🚗福士 T6	柴油	5座	1968cc	自動波	2018	$69,500
    ✅ [4] 91428812 🚗福士 T6	柴油	5座	1968cc	自動波	2018	$69,500
    ✅ [5] 94658335 🚗豐田 HIACE 2.8 DELUXE EURO 6	柴油	5座	27
    ✅ [5] 91428812 🚗購置Tesla二手部、仍有二手車全車保養，Ben 電話:9465833
    ✅ [5] 91428812 🚗富豪 16TON	柴油	2座	7143cc	自動波	2018	$199
    ✅ [5] 91428812 🚗富豪 16TON	柴油	2座	7143cc	自動波	2018	$199
    ✅ [5] 91428812 🚗富豪 16TON	柴油	2座	7143cc	自動波	2018	$199
    ✅ [5] 91428812
    ✅ [5] 91428812
    ✅ [5] 91428812
    ✅ [5] 91428812 🚗豐田 HIACE 2.8 DELUXE EURO 6	柴油	5座	27
    ✅ [5] 91428812 🚗豐田 HIACE 2.8 DELUXE EURO 6	柴油	5座	27
  📄 爬取第 2 頁...
    ✅ [5] 98893576
    ✅ [5] 98893576
    ✅ [5] 98893576
    ✅ [5] 63899332
    ✅ [5] 94888916
    ✅ [5] 98893576 🚗寶馬 218iA GRAN COUPE M SPORT	汽油	5座	1
    ✅ [5] 98893576 🚗豐田 HIACE 3.0 DELUXE	柴油	5座	2982cc	自動
    ✅ [5] 98893576 🚗豐田 HIACE 3.0 DELUXE	柴油	5座	2982cc	自動
    ✅ [5] 98893576 🚗福士 T6	柴油	5座	1968cc	自動波	2018	$69,500
    ✅ [5] 91428812 🚗福士 T6	柴油	5座	1968cc	自動波	2018	$69,500
    ✅ [5] 94658335 🚗豐田 HIACE 2.8 DELUXE EURO 6	柴油	5座	27
    ✅ [5] 91428812 🚗購置Tesla二手部、仍有二手車全車保養，Ben 電話:9465833
    ✅ [5] 91428812 🚗富豪 16TON	柴油	2座	7143cc	自動波	2018	$199
    ✅ [5] 91428812 🚗富豪 16TON	柴油	2座	7143cc	自動波	2018	$199
    ✅ [5] 91428812 🚗富豪 16TON	柴油	2座	7143cc	自動波	2018	$199
    ✅ [5] 91428812
    ✅ [5] 91428812
    ✅ [5] 91428812
    ✅ [5] 91428812 🚗豐田 HIACE 2.8 DELUXE EURO 6	柴油	5座	27
    ✅ [5] 91428812 🚗豐田 HIACE 2.8 DELUXE EURO 6	柴油	5座	27
  📄 爬取第 3 頁...
    ✅ [5] 98893576
    ✅ [5] 98893576
    ✅ [5] 98893576
    ✅ [5] 63899332
    ✅ [5] 94888916
    ✅ [5] 98893576 🚗寶馬 218iA GRAN COUPE M SPORT	汽油	5座	1
    ✅ [5] 98893576 🚗豐田 HIACE 3.0 DELUXE	柴油	5座	2982cc	自動
    ✅ [5] 98893576 🚗豐田 HIACE 3.0 DELUXE	柴油	5座	2982cc	自動
    ✅ [5] 98893576 🚗福士 T6	柴油	5座	1968cc	自動波	2018	$69,500
    ✅ [5] 91428812 🚗福士 T6	柴油	5座	1968cc	自動波	2018	$69,500
    ✅ [5] 94658335 🚗豐田 HIACE 2.8 DELUXE EURO 6	柴油	5座	27
    ✅ [5] 91428812 🚗購置Tesla二手部、仍有二手車全車保養，Ben 電話:9465833
    ✅ [5] 91428812 🚗富豪 16TON	柴油	2座	7143cc	自動波	2018	$199
    ✅ [5] 91428812 🚗富豪 16TON	柴油	2座	7143cc	自動波	2018	$199
    ✅ [5] 91428812 🚗富豪 16TON	柴油	2座	7143cc	自動波	2018	$199
    ✅ [5] 91428812
    ✅ [5] 91428812
    ✅ [5] 91428812
    ✅ [5] 91428812 🚗豐田 HIACE 2.8 DELUXE EURO 6	柴油	5座	27
    ✅ [5] 91428812 🚗豐田 HIACE 2.8 DELUXE EURO 6	柴油	5座	27
  📄 爬取第 4 頁...
    ✅ [5] 98893576
    ✅ [5] 98893576
    ✅ [5] 98893576
    ✅ [5] 63899332
    ✅ [5] 94888916
    ✅ [5] 98893576 🚗寶馬 218iA GRAN COUPE M SPORT	汽油	5座	1
    ✅ [5] 98893576 🚗豐田 HIACE 3.0 DELUXE	柴油	5座	2982cc	自動
    ✅ [5] 98893576 🚗豐田 HIACE 3.0 DELUXE	柴油	5座	2982cc	自動
    ✅ [5] 98893576 🚗福士 T6	柴油	5座	1968cc	自動波	2018	$69,500
    ✅ [5] 91428812 🚗福士 T6	柴油	5座	1968cc	自動波	2018	$69,500
    ✅ [5] 94658335 🚗豐田 HIACE 2.8 DELUXE EURO 6	柴油	5座	27
    ✅ [5] 91428812 🚗購置Tesla二手部、仍有二手車全車保養，Ben 電話:9465833
    ✅ [5] 91428812 🚗富豪 16TON	柴油	2座	7143cc	自動波	2018	$199
    ✅ [5] 91428812 🚗富豪 16TON	柴油	2座	7143cc	自動波	2018	$199
    ✅ [5] 91428812 🚗富豪 16TON	柴油	2座	7143cc	自動波	2018	$199
    ✅ [5] 91428812
    ✅ [5] 91428812
    ✅ [5] 91428812
    ✅ [5] 91428812 🚗豐田 HIACE 2.8 DELUXE EURO 6	柴油	5座	27
    ✅ [5] 91428812 🚗豐田 HIACE 2.8 DELUXE EURO 6	柴油	5座	27
    📊 進度: 5/100 條 (第 5 頁)
  📄 爬取第 5 頁...
    ✅ [5] 98893576
    ✅ [5] 98893576
    ✅ [5] 98893576
    ✅ [5] 63899332
    ✅ [5] 94888916
    ✅ [5] 98893576 🚗寶馬 218iA GRAN COUPE M SPORT	汽油	5座	1
    ✅ [5] 98893576 🚗豐田 HIACE 3.0 DELUXE	柴油	5座	2982cc	自動
    ✅ [5] 98893576 🚗豐田 HIACE 3.0 DELUXE	柴油	5座	2982cc	自動
    ✅ [5] 98893576 🚗福士 T6	柴油	5座	1968cc	自動波	2018	$69,500
    ✅ [5] 91428812 🚗福士 T6	柴油	5座	1968cc	自動波	2018	$69,500
    ✅ [5] 94658335 🚗豐田 HIACE 2.8 DELUXE EURO 6	柴油	5座	27
    ✅ [5] 91428812 🚗購置Tesla二手部、仍有二手車全車保養，Ben 電話:9465833
    ✅ [5] 91428812 🚗富豪 16TON	柴油	2座	7143cc	自動波	2018	$199
    ✅ [5] 91428812 🚗富豪 16TON	柴油	2座	7143cc	自動波	2018	$199
    ✅ [5] 91428812 🚗富豪 16TON	柴油	2座	7143cc	自動波	2018	$199
    ✅ [5] 91428812
    ✅ [5] 91428812
    ✅ [5] 91428812
    ✅ [5] 91428812 🚗豐田 HIACE 2.8 DELUXE EURO 6	柴油	5座	27
    ✅ [5] 91428812 🚗豐田 HIACE 2.8 DELUXE EURO 6	柴油	5座	27
  📄 爬取第 6 頁...
    ✅ [6] 90686671
    ✅ [6] 90686671 🚗豐田 VELLFIRE HEV HYBRID ALPHARD	混能	7
    ✅ [6] 98893576 🚗豐田 VELLFIRE ZA	汽油	7座	2500cc	自動波	201
    ✅ [6] 90686671 🚗豐田 HIACE 3.0 DELUXE EURO 5	柴油	5座	29
    ✅ [6] 98893576 🚗豐田 SIENTA HYBRID G FACELIFT	混能	7座	1
    ✅ [7] 69922781 🚗豐田 SIENTA HYBRID G FACELIFT	混能	7座	1
    ✅ [7] 98893576 🚗豐田 VELLFIRE 2.5 FACELIFT ALPHARDV	汽
    ✅ [7] 98893576 🚗豐田 VELLFIRE 2.5 FACELIFT ALPHARDV	汽
    ✅ [7] 98893576
    ✅ [7] 98893576
    ✅ [7] 98893576
    ✅ [7] 98893576
    ✅ [7] 63899332
    ✅ [7] 94888916
    ✅ [7] 98893576 🚗寶馬 218iA GRAN COUPE M SPORT	汽油	5座	1
    ✅ [7] 98893576 🚗豐田 HIACE 3.0 DELUXE	柴油	5座	2982cc	自動
    ✅ [7] 98893576 🚗豐田 HIACE 3.0 DELUXE	柴油	5座	2982cc	自動
    ✅ [7] 98893576 🚗福士 T6	柴油	5座	1968cc	自動波	2018	$69,500
    ✅ [7] 91428812 🚗福士 T6	柴油	5座	1968cc	自動波	2018	$69,500
  📄 爬取第 7 頁...
    ✅ [7] 90686671
    ✅ [7] 90686671 🚗豐田 VELLFIRE HEV HYBRID ALPHARD	混能	7
    ✅ [7] 98893576 🚗豐田 VELLFIRE ZA	汽油	7座	2500cc	自動波	201
    ✅ [7] 90686671 🚗豐田 HIACE 3.0 DELUXE EURO 5	柴油	5座	29
    ✅ [7] 98893576 🚗豐田 SIENTA HYBRID G FACELIFT	混能	7座	1
    ✅ [7] 69922781 🚗豐田 SIENTA HYBRID G FACELIFT	混能	7座	1
    ✅ [7] 98893576 🚗豐田 VELLFIRE 2.5 FACELIFT ALPHARDV	汽
    ✅ [7] 98893576 🚗豐田 VELLFIRE 2.5 FACELIFT ALPHARDV	汽
    ✅ [7] 98893576
    ✅ [7] 98893576
    ✅ [7] 98893576
    ✅ [7] 98893576
    ✅ [7] 63899332
    ✅ [7] 94888916
    ✅ [7] 98893576 🚗寶馬 218iA GRAN COUPE M SPORT	汽油	5座	1
    ✅ [7] 98893576 🚗豐田 HIACE 3.0 DELUXE	柴油	5座	2982cc	自動
    ✅ [7] 98893576 🚗豐田 HIACE 3.0 DELUXE	柴油	5座	2982cc	自動
    ✅ [7] 98893576 🚗福士 T6	柴油	5座	1968cc	自動波	2018	$69,500
    ✅ [7] 91428812 🚗福士 T6	柴油	5座	1968cc	自動波	2018	$69,500
  📄 爬取第 8 頁...
    ✅ [7] 90686671
    ✅ [7] 90686671 🚗豐田 VELLFIRE HEV HYBRID ALPHARD	混能	7
    ✅ [7] 98893576 🚗豐田 VELLFIRE ZA	汽油	7座	2500cc	自動波	201
    ✅ [7] 90686671 🚗豐田 HIACE 3.0 DELUXE EURO 5	柴油	5座	29
    ✅ [7] 98893576 🚗豐田 SIENTA HYBRID G FACELIFT	混能	7座	1
    ✅ [7] 69922781 🚗豐田 SIENTA HYBRID G FACELIFT	混能	7座	1
    ✅ [7] 98893576 🚗豐田 VELLFIRE 2.5 FACELIFT ALPHARDV	汽
    ✅ [7] 98893576 🚗豐田 VELLFIRE 2.5 FACELIFT ALPHARDV	汽
    ✅ [7] 98893576
    ✅ [7] 98893576
    ✅ [7] 98893576
    ✅ [7] 98893576
    ✅ [7] 63899332
    ✅ [7] 94888916
    ✅ [7] 98893576 🚗寶馬 218iA GRAN COUPE M SPORT	汽油	5座	1
    ✅ [7] 98893576 🚗豐田 HIACE 3.0 DELUXE	柴油	5座	2982cc	自動
    ✅ [7] 98893576 🚗豐田 HIACE 3.0 DELUXE	柴油	5座	2982cc	自動
    ✅ [7] 98893576 🚗福士 T6	柴油	5座	1968cc	自動波	2018	$69,500
    ✅ [7] 91428812 🚗福士 T6	柴油	5座	1968cc	自動波	2018	$69,500
  📄 爬取第 9 頁...
    ✅ [7] 90686671
    ✅ [7] 90686671 🚗豐田 VELLFIRE HEV HYBRID ALPHARD	混能	7
    ✅ [7] 98893576 🚗豐田 VELLFIRE ZA	汽油	7座	2500cc	自動波	201
    ✅ [7] 90686671 🚗豐田 HIACE 3.0 DELUXE EURO 5	柴油	5座	29
    ✅ [7] 98893576 🚗豐田 SIENTA HYBRID G FACELIFT	混能	7座	1
    ✅ [7] 69922781 🚗豐田 SIENTA HYBRID G FACELIFT	混能	7座	1
    ✅ [7] 98893576 🚗豐田 VELLFIRE 2.5 FACELIFT ALPHARDV	汽
    ✅ [7] 98893576 🚗豐田 VELLFIRE 2.5 FACELIFT ALPHARDV	汽
    ✅ [7] 98893576
    ✅ [7] 98893576
    ✅ [7] 98893576
    ✅ [7] 98893576
    ✅ [7] 63899332
    ✅ [7] 94888916
    ✅ [7] 98893576 🚗寶馬 218iA GRAN COUPE M SPORT	汽油	5座	1
    ✅ [7] 98893576 🚗豐田 HIACE 3.0 DELUXE	柴油	5座	2982cc	自動
    ✅ [7] 98893576 🚗豐田 HIACE 3.0 DELUXE	柴油	5座	2982cc	自動
    ✅ [7] 98893576 🚗福士 T6	柴油	5座	1968cc	自動波	2018	$69,500
    ✅ [7] 91428812 🚗福士 T6	柴油	5座	1968cc	自動波	2018	$69,500
    📊 進度: 7/100 條 (第 10 頁)
  📄 爬取第 10 頁...
    ✅ [7] 90686671
    ✅ [7] 90686671 🚗豐田 VELLFIRE HEV HYBRID ALPHARD	混能	7
    ✅ [7] 98893576 🚗豐田 VELLFIRE ZA	汽油	7座	2500cc	自動波	201
    ✅ [7] 90686671 🚗豐田 HIACE 3.0 DELUXE EURO 5	柴油	5座	29
    ✅ [7] 98893576 🚗豐田 SIENTA HYBRID G FACELIFT	混能	7座	1
    ✅ [7] 69922781 🚗豐田 SIENTA HYBRID G FACELIFT	混能	7座	1
    ✅ [7] 98893576 🚗豐田 VELLFIRE 2.5 FACELIFT ALPHARDV	汽
    ✅ [7] 98893576 🚗豐田 VELLFIRE 2.5 FACELIFT ALPHARDV	汽
    ✅ [7] 98893576
    ✅ [7] 98893576
    ✅ [7] 98893576
    ✅ [7] 98893576
    ✅ [7] 63899332
    ✅ [7] 94888916
    ✅ [7] 98893576 🚗寶馬 218iA GRAN COUPE M SPORT	汽油	5座	1
    ✅ [7] 98893576 🚗豐田 HIACE 3.0 DELUXE	柴油	5座	2982cc	自動
    ✅ [7] 98893576 🚗豐田 HIACE 3.0 DELUXE	柴油	5座	2982cc	自動
    ✅ [7] 98893576 🚗福士 T6	柴油	5座	1968cc	自動波	2018	$69,500
    ✅ [7] 91428812 🚗福士 T6	柴油	5座	1968cc	自動波	2018	$69,500
  📄 爬取第 11 頁...
    ✅ [7] 90686671
    ✅ [7] 90686671 🚗豐田 VELLFIRE HEV HYBRID ALPHARD	混能	7
    ✅ [7] 98893576 🚗豐田 VELLFIRE ZA	汽油	7座	2500cc	自動波	201
    ✅ [7] 90686671 🚗豐田 HIACE 3.0 DELUXE EURO 5	柴油	5座	29
    ✅ [7] 98893576 🚗豐田 SIENTA HYBRID G FACELIFT	混能	7座	1
    ✅ [7] 69922781 🚗豐田 SIENTA HYBRID G FACELIFT	混能	7座	1
    ✅ [7] 98893576 🚗豐田 VELLFIRE 2.5 FACELIFT ALPHARDV	汽
    ✅ [7] 98893576 🚗豐田 VELLFIRE 2.5 FACELIFT ALPHARDV	汽
    ✅ [7] 98893576
    ✅ [7] 98893576
    ✅ [7] 98893576
    ✅ [7] 98893576
    ✅ [7] 63899332
    ✅ [7] 94888916
    ✅ [7] 98893576 🚗寶馬 218iA GRAN COUPE M SPORT	汽油	5座	1
    ✅ [7] 98893576 🚗豐田 HIACE 3.0 DELUXE	柴油	5座	2982cc	自動
    ✅ [7] 98893576 🚗豐田 HIACE 3.0 DELUXE	柴油	5座	2982cc	自動
    ✅ [7] 98893576 🚗福士 T6	柴油	5座	1968cc	自動波	2018	$69,500
    ✅ [7] 91428812 🚗福士 T6	柴油	5座	1968cc	自動波	2018	$69,500
  📄 爬取第 12 頁...
    ✅ [7] 90686671
    ✅ [7] 90686671 🚗豐田 VELLFIRE HEV HYBRID ALPHARD	混能	7
    ✅ [7] 98893576 🚗豐田 VELLFIRE ZA	汽油	7座	2500cc	自動波	201
    ✅ [7] 90686671 🚗豐田 HIACE 3.0 DELUXE EURO 5	柴油	5座	29
    ✅ [7] 98893576 🚗豐田 SIENTA HYBRID G FACELIFT	混能	7座	1
    ✅ [7] 69922781 🚗豐田 SIENTA HYBRID G FACELIFT	混能	7座	1
    ✅ [7] 98893576 🚗豐田 VELLFIRE 2.5 FACELIFT ALPHARDV	汽
    ✅ [7] 98893576 🚗豐田 VELLFIRE 2.5 FACELIFT ALPHARDV	汽
    ✅ [7] 98893576
    ✅ [7] 98893576
    ✅ [7] 98893576
    ✅ [7] 98893576
    ✅ [7] 63899332
    ✅ [7] 94888916
    ✅ [7] 98893576 🚗寶馬 218iA GRAN COUPE M SPORT	汽油	5座	1
    ✅ [7] 98893576 🚗豐田 HIACE 3.0 DELUXE	柴油	5座	2982cc	自動
    ✅ [7] 98893576 🚗豐田 HIACE 3.0 DELUXE	柴油	5座	2982cc	自動
    ✅ [7] 98893576 🚗福士 T6	柴油	5座	1968cc	自動波	2018	$69,500
    ✅ [7] 91428812 🚗福士 T6	柴油	5座	1968cc	自動波	2018	$69,500
  📄 爬取第 13 頁...
    ✅ [7] 90686671
    ✅ [7] 90686671 🚗豐田 VELLFIRE HEV HYBRID ALPHARD	混能	7
    ✅ [7] 98893576 🚗豐田 VELLFIRE ZA	汽油	7座	2500cc	自動波	201
    ✅ [7] 90686671 🚗豐田 HIACE 3.0 DELUXE EURO 5	柴油	5座	29
    ✅ [7] 98893576 🚗豐田 SIENTA HYBRID G FACELIFT	混能	7座	1
    ✅ [7] 69922781 🚗豐田 SIENTA HYBRID G FACELIFT	混能	7座	1
    ✅ [7] 98893576 🚗豐田 VELLFIRE 2.5 FACELIFT ALPHARDV	汽
    ✅ [7] 98893576 🚗豐田 VELLFIRE 2.5 FACELIFT ALPHARDV	汽
    ✅ [7] 98893576
    ✅ [7] 98893576
    ✅ [7] 98893576
    ✅ [7] 98893576
    ✅ [7] 63899332
    ✅ [7] 94888916
    ✅ [7] 98893576 🚗寶馬 218iA GRAN COUPE M SPORT	汽油	5座	1
    ✅ [7] 98893576 🚗豐田 HIACE 3.0 DELUXE	柴油	5座	2982cc	自動
    ✅ [7] 98893576 🚗豐田 HIACE 3.0 DELUXE	柴油	5座	2982cc	自動
    ✅ [7] 98893576 🚗福士 T6	柴油	5座	1968cc	自動波	2018	$69,500
    ✅ [7] 91428812 🚗福士 T6	柴油	5座	1968cc	自動波	2018	$69,500
  📄 爬取第 14 頁...
    ✅ [7] 90686671
    ✅ [7] 90686671 🚗豐田 VELLFIRE HEV HYBRID ALPHARD	混能	7
    ✅ [7] 98893576 🚗豐田 VELLFIRE ZA	汽油	7座	2500cc	自動波	201
    ✅ [7] 90686671 🚗豐田 HIACE 3.0 DELUXE EURO 5	柴油	5座	29
    ✅ [7] 98893576 🚗豐田 SIENTA HYBRID G FACELIFT	混能	7座	1
    ✅ [7] 69922781 🚗豐田 SIENTA HYBRID G FACELIFT	混能	7座	1
    ✅ [7] 98893576 🚗豐田 VELLFIRE 2.5 FACELIFT ALPHARDV	汽
    ✅ [7] 98893576 🚗豐田 VELLFIRE 2.5 FACELIFT ALPHARDV	汽
    ✅ [7] 98893576
    ✅ [7] 98893576
    ✅ [7] 98893576
    ✅ [7] 98893576
    ✅ [7] 63899332
    ✅ [7] 94888916
    ✅ [7] 98893576 🚗寶馬 218iA GRAN COUPE M SPORT	汽油	5座	1
    ✅ [7] 98893576 🚗豐田 HIACE 3.0 DELUXE	柴油	5座	2982cc	自動
    ✅ [7] 98893576 🚗豐田 HIACE 3.0 DELUXE	柴油	5座	2982cc	自動
    ✅ [7] 98893576 🚗福士 T6	柴油	5座	1968cc	自動波	2018	$69,500
    ✅ [7] 91428812 🚗福士 T6	柴油	5座	1968cc	自動波	2018	$69,500
    📊 進度: 7/100 條 (第 15 頁)
  📄 爬取第 15 頁...
    ✅ [7] 90686671
    ✅ [7] 90686671 🚗豐田 VELLFIRE HEV HYBRID ALPHARD	混能	7
    ✅ [7] 98893576 🚗豐田 VELLFIRE ZA	汽油	7座	2500cc	自動波	201
    ✅ [7] 90686671 🚗豐田 HIACE 3.0 DELUXE EURO 5	柴油	5座	29
    ✅ [7] 98893576 🚗豐田 SIENTA HYBRID G FACELIFT	混能	7座	1
    ✅ [7] 69922781 🚗豐田 SIENTA HYBRID G FACELIFT	混能	7座	1
    ✅ [7] 98893576 🚗豐田 VELLFIRE 2.5 FACELIFT ALPHARDV	汽
    ✅ [7] 98893576 🚗豐田 VELLFIRE 2.5 FACELIFT ALPHARDV	汽
    ✅ [7] 98893576
    ✅ [7] 98893576
    ✅ [7] 98893576
    ✅ [7] 98893576
    ✅ [7] 63899332
    ✅ [7] 94888916
    ✅ [7] 98893576 🚗寶馬 218iA GRAN COUPE M SPORT	汽油	5座	1
    ✅ [7] 98893576 🚗豐田 HIACE 3.0 DELUXE	柴油	5座	2982cc	自動
    ✅ [7] 98893576 🚗豐田 HIACE 3.0 DELUXE	柴油	5座	2982cc	自動
    ✅ [7] 98893576 🚗福士 T6	柴油	5座	1968cc	自動波	2018	$69,500
    ✅ [7] 91428812 🚗福士 T6	柴油	5座	1968cc	自動波	2018	$69,500
  📄 爬取第 16 頁...
    ✅ [7] 90686671
    ✅ [7] 90686671 🚗豐田 VELLFIRE HEV HYBRID ALPHARD	混能	7
    ✅ [7] 98893576 🚗豐田 VELLFIRE ZA	汽油	7座	2500cc	自動波	201
    ✅ [7] 90686671 🚗豐田 HIACE 3.0 DELUXE EURO 5	柴油	5座	29
    ✅ [7] 98893576 🚗豐田 SIENTA HYBRID G FACELIFT	混能	7座	1
    ✅ [7] 69922781 🚗豐田 SIENTA HYBRID G FACELIFT	混能	7座	1
    ✅ [7] 98893576 🚗豐田 VELLFIRE 2.5 FACELIFT ALPHARDV	汽
    ✅ [7] 98893576 🚗豐田 VELLFIRE 2.5 FACELIFT ALPHARDV	汽
    ✅ [7] 98893576
    ✅ [7] 98893576
    ✅ [7] 98893576
    ✅ [7] 98893576
    ✅ [7] 63899332
    ✅ [7] 94888916
    ✅ [7] 98893576 🚗寶馬 218iA GRAN COUPE M SPORT	汽油	5座	1
    ✅ [7] 98893576 🚗豐田 HIACE 3.0 DELUXE	柴油	5座	2982cc	自動
    ✅ [7] 98893576 🚗豐田 HIACE 3.0 DELUXE	柴油	5座	2982cc	自動
    ✅ [7] 98893576 🚗福士 T6	柴油	5座	1968cc	自動波	2018	$69,500
    ✅ [7] 91428812 🚗福士 T6	柴油	5座	1968cc	自動波	2018	$69,500
  📄 爬取第 17 頁...
    ✅ [7] 90686671
    ✅ [7] 90686671 🚗豐田 VELLFIRE HEV HYBRID ALPHARD	混能	7
    ✅ [7] 98893576 🚗豐田 VELLFIRE ZA	汽油	7座	2500cc	自動波	201
    ✅ [7] 90686671 🚗豐田 HIACE 3.0 DELUXE EURO 5	柴油	5座	29
    ✅ [7] 98893576 🚗豐田 SIENTA HYBRID G FACELIFT	混能	7座	1
    ✅ [7] 69922781 🚗豐田 SIENTA HYBRID G FACELIFT	混能	7座	1
    ✅ [7] 98893576 🚗豐田 VELLFIRE 2.5 FACELIFT ALPHARDV	汽
    ✅ [7] 98893576 🚗豐田 VELLFIRE 2.5 FACELIFT ALPHARDV	汽
    ✅ [7] 98893576
    ✅ [7] 98893576
    ✅ [7] 98893576
    ✅ [7] 98893576
    ✅ [7] 63899332
    ✅ [7] 94888916
    ✅ [7] 98893576 🚗寶馬 218iA GRAN COUPE M SPORT	汽油	5座	1
    ✅ [7] 98893576 🚗豐田 HIACE 3.0 DELUXE	柴油	5座	2982cc	自動
    ✅ [7] 98893576 🚗豐田 HIACE 3.0 DELUXE	柴油	5座	2982cc	自動
    ✅ [7] 98893576 🚗福士 T6	柴油	5座	1968cc	自動波	2018	$69,500
    ✅ [7] 91428812 🚗福士 T6	柴油	5座	1968cc	自動波	2018	$69,500
  📄 爬取第 18 頁...
    ✅ [8] 61395500 🚗豐田 VELLFIRE 2.5 MODELLISTA	汽油	7座	25
    ✅ [9] 91200853 🚗平治 E200 ESTATE	汽油	5座	1991cc	自動波	201
    ✅ [10] 60107171 🚗特斯拉 MODEL S 75D	電動	5座	158kW	自動波	201
    ✅ [11] 93101922 🚗鈴木 SOLIO BANDIT HYBRID	混能	5座	1242cc
    ✅ [11] 90686671 🚗豐田 VOXY HYBRID ZS FACELIFT NOAH	混能	
    ✅ [12] 44621498 🚗豐田 VELLFIRE ZG FACELIFT	汽油	7座	2500c
    ✅ [12] 90686671 🚗豐田 VOXY HYBRID ZS FACELIFT NOAH	混能	
    ✅ [12] 90686671 🚗豐田 VELLFIRE HEV HYBRID ALPHARD	混能	7
    ✅ [12] 98893576 🚗豐田 VELLFIRE ZA	汽油	7座	2500cc	自動波	201
    ✅ [12] 90686671 🚗豐田 HIACE 3.0 DELUXE EURO 5	柴油	5座	29
    ✅ [12] 69922781 🚗豐田 SIENTA HYBRID G FACELIFT	混能	7座	1
    ✅ [12] 98893576 🚗豐田 VELLFIRE 2.5 FACELIFT ALPHARDV	汽
    ✅ [12] 98893576 🚗豐田 VELLFIRE 2.5 FACELIFT ALPHARDV	汽
    ✅ [12] 98893576
    ✅ [12] 98893576
    ✅ [12] 98893576
    ✅ [12] 98893576
    ✅ [12] 98893576
  📄 爬取第 19 頁...
    ✅ [12] 61395500 🚗豐田 VELLFIRE 2.5 MODELLISTA	汽油	7座	25
    ✅ [12] 91200853 🚗平治 E200 ESTATE	汽油	5座	1991cc	自動波	201
    ✅ [12] 60107171 🚗特斯拉 MODEL S 75D	電動	5座	158kW	自動波	201
    ✅ [12] 93101922 🚗鈴木 SOLIO BANDIT HYBRID	混能	5座	1242cc
    ✅ [12] 90686671 🚗豐田 VOXY HYBRID ZS FACELIFT NOAH	混能	
    ✅ [12] 44621498 🚗豐田 VELLFIRE ZG FACELIFT	汽油	7座	2500c
    ✅ [12] 90686671 🚗豐田 VOXY HYBRID ZS FACELIFT NOAH	混能	
    ✅ [12] 90686671 🚗豐田 VELLFIRE HEV HYBRID ALPHARD	混能	7
    ✅ [12] 98893576 🚗豐田 VELLFIRE ZA	汽油	7座	2500cc	自動波	201
    ✅ [12] 90686671 🚗豐田 HIACE 3.0 DELUXE EURO 5	柴油	5座	29
    ✅ [12] 69922781 🚗豐田 SIENTA HYBRID G FACELIFT	混能	7座	1
    ✅ [12] 98893576 🚗豐田 VELLFIRE 2.5 FACELIFT ALPHARDV	汽
    ✅ [12] 98893576 🚗豐田 VELLFIRE 2.5 FACELIFT ALPHARDV	汽
    ✅ [12] 98893576
    ✅ [12] 98893576
    ✅ [12] 98893576
    ✅ [12] 98893576
    ✅ [12] 98893576
    📊 進度: 12/100 條 (第 20 頁)
  📄 爬取第 20 頁...
    ✅ [12] 61395500 🚗豐田 VELLFIRE 2.5 MODELLISTA	汽油	7座	25
    ✅ [12] 91200853 🚗平治 E200 ESTATE	汽油	5座	1991cc	自動波	201
    ✅ [12] 60107171 🚗特斯拉 MODEL S 75D	電動	5座	158kW	自動波	201
    ✅ [12] 93101922 🚗鈴木 SOLIO BANDIT HYBRID	混能	5座	1242cc
    ✅ [12] 90686671 🚗豐田 VOXY HYBRID ZS FACELIFT NOAH	混能	
    ✅ [12] 44621498 🚗豐田 VELLFIRE ZG FACELIFT	汽油	7座	2500c
    ✅ [12] 90686671 🚗豐田 VOXY HYBRID ZS FACELIFT NOAH	混能	
    ✅ [12] 90686671 🚗豐田 VELLFIRE HEV HYBRID ALPHARD	混能	7
    ✅ [12] 98893576 🚗豐田 VELLFIRE ZA	汽油	7座	2500cc	自動波	201
    ✅ [12] 90686671 🚗豐田 HIACE 3.0 DELUXE EURO 5	柴油	5座	29
    ✅ [12] 69922781 🚗豐田 SIENTA HYBRID G FACELIFT	混能	7座	1
    ✅ [12] 98893576 🚗豐田 VELLFIRE 2.5 FACELIFT ALPHARDV	汽
    ✅ [12] 98893576 🚗豐田 VELLFIRE 2.5 FACELIFT ALPHARDV	汽
    ✅ [12] 98893576
    ✅ [12] 98893576
    ✅ [12] 98893576
    ✅ [12] 98893576
    ✅ [12] 98893576
  📄 爬取第 21 頁...
    ✅ [12] 61395500 🚗豐田 VELLFIRE 2.5 MODELLISTA	汽油	7座	25
    ✅ [12] 91200853 🚗平治 E200 ESTATE	汽油	5座	1991cc	自動波	201
    ✅ [12] 60107171 🚗特斯拉 MODEL S 75D	電動	5座	158kW	自動波	201
    ✅ [12] 93101922 🚗鈴木 SOLIO BANDIT HYBRID	混能	5座	1242cc
    ✅ [12] 90686671 🚗豐田 VOXY HYBRID ZS FACELIFT NOAH	混能	
    ✅ [12] 44621498 🚗豐田 VELLFIRE ZG FACELIFT	汽油	7座	2500c
    ✅ [12] 90686671 🚗豐田 VOXY HYBRID ZS FACELIFT NOAH	混能	
    ✅ [12] 90686671 🚗豐田 VELLFIRE HEV HYBRID ALPHARD	混能	7
    ✅ [12] 98893576 🚗豐田 VELLFIRE ZA	汽油	7座	2500cc	自動波	201
    ✅ [12] 90686671 🚗豐田 HIACE 3.0 DELUXE EURO 5	柴油	5座	29
    ✅ [12] 69922781 🚗豐田 SIENTA HYBRID G FACELIFT	混能	7座	1
    ✅ [12] 98893576 🚗豐田 VELLFIRE 2.5 FACELIFT ALPHARDV	汽
    ✅ [12] 98893576 🚗豐田 VELLFIRE 2.5 FACELIFT ALPHARDV	汽
    ✅ [12] 98893576
    ✅ [12] 98893576
    ✅ [12] 98893576
    ✅ [12] 98893576
    ✅ [12] 98893576
  📄 爬取第 22 頁...
    ✅ [12] 61395500 🚗豐田 VELLFIRE 2.5 MODELLISTA	汽油	7座	25
    ✅ [12] 91200853 🚗平治 E200 ESTATE	汽油	5座	1991cc	自動波	201
    ✅ [12] 60107171 🚗特斯拉 MODEL S 75D	電動	5座	158kW	自動波	201
    ✅ [12] 93101922 🚗鈴木 SOLIO BANDIT HYBRID	混能	5座	1242cc
    ✅ [12] 90686671 🚗豐田 VOXY HYBRID ZS FACELIFT NOAH	混能	
    ✅ [12] 44621498 🚗豐田 VELLFIRE ZG FACELIFT	汽油	7座	2500c
    ✅ [12] 90686671 🚗豐田 VOXY HYBRID ZS FACELIFT NOAH	混能	
    ✅ [12] 90686671 🚗豐田 VELLFIRE HEV HYBRID ALPHARD	混能	7
    ✅ [12] 98893576 🚗豐田 VELLFIRE ZA	汽油	7座	2500cc	自動波	201
    ✅ [12] 90686671 🚗豐田 HIACE 3.0 DELUXE EURO 5	柴油	5座	29
    ✅ [12] 69922781 🚗豐田 SIENTA HYBRID G FACELIFT	混能	7座	1
    ✅ [12] 98893576 🚗豐田 VELLFIRE 2.5 FACELIFT ALPHARDV	汽
    ✅ [12] 98893576 🚗豐田 VELLFIRE 2.5 FACELIFT ALPHARDV	汽
    ✅ [12] 98893576
    ✅ [12] 98893576
    ✅ [12] 98893576
    ✅ [12] 98893576
    ✅ [12] 98893576
  📄 爬取第 23 頁...
    ✅ [12] 61395500 🚗豐田 VELLFIRE 2.5 MODELLISTA	汽油	7座	25
    ✅ [12] 91200853 🚗平治 E200 ESTATE	汽油	5座	1991cc	自動波	201
    ✅ [12] 60107171 🚗特斯拉 MODEL S 75D	電動	5座	158kW	自動波	201
/Library/Developer/CommandLineTools/Library/Frameworks/Python3.framework/Versions/3.9/lib/python3.9/multiprocessing/resource_tracker.py:216: UserWarning: resource_tracker: There appear to be 1 leaked semaphore objects to clean up at shutdown
  warnings.warn('resource_tracker: There appear to be %d '
/Users/claw/Library/Python/3.9/lib/python/site-packages/urllib3/__init__.py:35: NotOpenSSLWarning: urllib3 v2 only supports OpenSSL 1.1.1+, currently the 'ssl' module is compiled with 'LibreSSL 2.8.3'. See: https://github.com/urllib3/urllib3/issues/3020
  warnings.warn(
======================================================================
🤖 整合爬蟲系統 v2.0
======================================================================
🎯 目標: 100 條有效數據
📁 輸出: /Users/claw/Desktop/汽車保險潛客數據
⏰ 時間: 2026-03-25 08:08:32
======================================================================

🚗 啟動 28car.com 爬蟲...
  📄 爬取第 1 頁...
    ✅ [13] 91608108
    ✅ [14] 56047643 🚗豐田 VELLFIRE 3.5 ZG	汽油	7座	3500cc	自動波
    ✅ [15] 61312765 🚗豐田 VELLFIRE 2.5	汽油	7座	2500cc	自動波	20
    ✅ [15] 61395500 🚗豐田 VELLFIRE 2.5 MODELLISTA	汽油	7座	25
    ✅ [15] 91200853 🚗平治 E200 ESTATE	汽油	5座	1991cc	自動波	201
    ✅ [15] 60107171 🚗特斯拉 MODEL S 75D	電動	5座	158kW	自動波	201
    ✅ [15] 93101922 🚗鈴木 SOLIO BANDIT HYBRID	混能	5座	1242cc
    ✅ [15] 90686671 🚗豐田 VOXY HYBRID ZS FACELIFT NOAH	混能	
    ✅ [15] 44621498 🚗豐田 VELLFIRE ZG FACELIFT	汽油	7座	2500c
    ✅ [15] 90686671 🚗豐田 VOXY HYBRID ZS FACELIFT NOAH	混能	
    ✅ [15] 90686671 🚗豐田 VELLFIRE HEV HYBRID ALPHARD	混能	7
    ✅ [15] 98893576 🚗豐田 VELLFIRE ZA	汽油	7座	2500cc	自動波	201
    ✅ [15] 90686671 🚗豐田 HIACE 3.0 DELUXE EURO 5	柴油	5座	29
    ✅ [15] 98893576 🚗豐田 SIENTA HYBRID G FACELIFT	混能	7座	1
    ✅ [15] 69922781 🚗豐田 SIENTA HYBRID G FACELIFT	混能	7座	1
    ✅ [15] 98893576 🚗豐田 VELLFIRE 2.5 FACELIFT ALPHARDV	汽
    ✅ [15] 98893576 🚗豐田 VELLFIRE 2.5 FACELIFT ALPHARDV	汽
  📄 爬取第 2 頁...
    ✅ [15] 91608108
    ✅ [15] 56047643 🚗豐田 VELLFIRE 3.5 ZG	汽油	7座	3500cc	自動波
    ✅ [15] 61312765 🚗豐田 VELLFIRE 2.5	汽油	7座	2500cc	自動波	20
    ✅ [15] 61395500 🚗豐田 VELLFIRE 2.5 MODELLISTA	汽油	7座	25
    ✅ [15] 91200853 🚗平治 E200 ESTATE	汽油	5座	1991cc	自動波	201
    ✅ [15] 60107171 🚗特斯拉 MODEL S 75D	電動	5座	158kW	自動波	201
    ✅ [15] 93101922 🚗鈴木 SOLIO BANDIT HYBRID	混能	5座	1242cc
    ✅ [15] 90686671 🚗豐田 VOXY HYBRID ZS FACELIFT NOAH	混能	
    ✅ [15] 44621498 🚗豐田 VELLFIRE ZG FACELIFT	汽油	7座	2500c
    ✅ [15] 90686671 🚗豐田 VOXY HYBRID ZS FACELIFT NOAH	混能	
    ✅ [15] 90686671 🚗豐田 VELLFIRE HEV HYBRID ALPHARD	混能	7
    ✅ [15] 98893576 🚗豐田 VELLFIRE ZA	汽油	7座	2500cc	自動波	201
    ✅ [15] 90686671 🚗豐田 HIACE 3.0 DELUXE EURO 5	柴油	5座	29
    ✅ [15] 98893576 🚗豐田 SIENTA HYBRID G FACELIFT	混能	7座	1
    ✅ [15] 69922781 🚗豐田 SIENTA HYBRID G FACELIFT	混能	7座	1
    ✅ [15] 98893576 🚗豐田 VELLFIRE 2.5 FACELIFT ALPHARDV	汽
    ✅ [15] 98893576 🚗豐田 VELLFIRE 2.5 FACELIFT ALPHARDV	汽
  📄 爬取第 3 頁...
    ✅ [15] 91608108
    ✅ [15] 56047643 🚗豐田 VELLFIRE 3.5 ZG	汽油	7座	3500cc	自動波
    ✅ [15] 61312765 🚗豐田 VELLFIRE 2.5	汽油	7座	2500cc	自動波	20
    ✅ [15] 61395500 🚗豐田 VELLFIRE 2.5 MODELLISTA	汽油	7座	25
    ✅ [15] 91200853 🚗平治 E200 ESTATE	汽油	5座	1991cc	自動波	201
    ✅ [15] 60107171 🚗特斯拉 MODEL S 75D	電動	5座	158kW	自動波	201
    ✅ [15] 93101922 🚗鈴木 SOLIO BANDIT HYBRID	混能	5座	1242cc
    ✅ [15] 90686671 🚗豐田 VOXY HYBRID ZS FACELIFT NOAH	混能	
    ✅ [15] 44621498 🚗豐田 VELLFIRE ZG FACELIFT	汽油	7座	2500c
    ✅ [15] 90686671 🚗豐田 VOXY HYBRID ZS FACELIFT NOAH	混能	
    ✅ [15] 90686671 🚗豐田 VELLFIRE HEV HYBRID ALPHARD	混能	7
    ✅ [15] 98893576 🚗豐田 VELLFIRE ZA	汽油	7座	2500cc	自動波	201
    ✅ [15] 90686671 🚗豐田 HIACE 3.0 DELUXE EURO 5	柴油	5座	29
    ✅ [15] 98893576 🚗豐田 SIENTA HYBRID G FACELIFT	混能	7座	1
    ✅ [15] 69922781 🚗豐田 SIENTA HYBRID G FACELIFT	混能	7座	1
    ✅ [15] 98893576 🚗豐田 VELLFIRE 2.5 FACELIFT ALPHARDV	汽
    ✅ [15] 98893576 🚗豐田 VELLFIRE 2.5 FACELIFT ALPHARDV	汽
  📄 爬取第 4 頁...
    ✅ [15] 91608108
    ✅ [15] 56047643 🚗豐田 VELLFIRE 3.5 ZG	汽油	7座	3500cc	自動波
    ✅ [15] 61312765 🚗豐田 VELLFIRE 2.5	汽油	7座	2500cc	自動波	20
    ✅ [15] 61395500 🚗豐田 VELLFIRE 2.5 MODELLISTA	汽油	7座	25
    ✅ [15] 91200853 🚗平治 E200 ESTATE	汽油	5座	1991cc	自動波	201
    ✅ [15] 60107171 🚗特斯拉 MODEL S 75D	電動	5座	158kW	自動波	201
    ✅ [15] 93101922 🚗鈴木 SOLIO BANDIT HYBRID	混能	5座	1242cc
    ✅ [15] 90686671 🚗豐田 VOXY HYBRID ZS FACELIFT NOAH	混能	
    ✅ [15] 44621498 🚗豐田 VELLFIRE ZG FACELIFT	汽油	7座	2500c
    ✅ [15] 90686671 🚗豐田 VOXY HYBRID ZS FACELIFT NOAH	混能	
    ✅ [15] 90686671 🚗豐田 VELLFIRE HEV HYBRID ALPHARD	混能	7
    ✅ [15] 98893576 🚗豐田 VELLFIRE ZA	汽油	7座	2500cc	自動波	201
    ✅ [15] 90686671 🚗豐田 HIACE 3.0 DELUXE EURO 5	柴油	5座	29
    ✅ [15] 98893576 🚗豐田 SIENTA HYBRID G FACELIFT	混能	7座	1
    ✅ [15] 69922781 🚗豐田 SIENTA HYBRID G FACELIFT	混能	7座	1
    ✅ [15] 98893576 🚗豐田 VELLFIRE 2.5 FACELIFT ALPHARDV	汽
    ✅ [15] 98893576 🚗豐田 VELLFIRE 2.5 FACELIFT ALPHARDV	汽
    📊 進度: 15/100 條 (第 5 頁)
  📄 爬取第 5 頁...
    ✅ [15] 91608108
    ✅ [15] 56047643 🚗豐田 VELLFIRE 3.5 ZG	汽油	7座	3500cc	自動波
    ✅ [15] 61312765 🚗豐田 VELLFIRE 2.5	汽油	7座	2500cc	自動波	20
    ✅ [15] 61395500 🚗豐田 VELLFIRE 2.5 MODELLISTA	汽油	7座	25
    ✅ [15] 91200853 🚗平治 E200 ESTATE	汽油	5座	1991cc	自動波	201
    ✅ [15] 60107171 🚗特斯拉 MODEL S 75D	電動	5座	158kW	自動波	201
    ✅ [15] 93101922 🚗鈴木 SOLIO BANDIT HYBRID	混能	5座	1242cc
    ✅ [15] 90686671 🚗豐田 VOXY HYBRID ZS FACELIFT NOAH	混能	
    ✅ [15] 44621498 🚗豐田 VELLFIRE ZG FACELIFT	汽油	7座	2500c
    ✅ [15] 90686671 🚗豐田 VOXY HYBRID ZS FACELIFT NOAH	混能	
    ✅ [15] 90686671 🚗豐田 VELLFIRE HEV HYBRID ALPHARD	混能	7
    ✅ [15] 98893576 🚗豐田 VELLFIRE ZA	汽油	7座	2500cc	自動波	201
    ✅ [15] 90686671 🚗豐田 HIACE 3.0 DELUXE EURO 5	柴油	5座	29
    ✅ [15] 98893576 🚗豐田 SIENTA HYBRID G FACELIFT	混能	7座	1
    ✅ [15] 69922781 🚗豐田 SIENTA HYBRID G FACELIFT	混能	7座	1
    ✅ [15] 98893576 🚗豐田 VELLFIRE 2.5 FACELIFT ALPHARDV	汽
    ✅ [15] 98893576 🚗豐田 VELLFIRE 2.5 FACELIFT ALPHARDV	汽
  📄 爬取第 6 頁...
    ✅ [15] 91608108
    ✅ [15] 56047643 🚗豐田 VELLFIRE 3.5 ZG	汽油	7座	3500cc	自動波
    ✅ [15] 61312765 🚗豐田 VELLFIRE 2.5	汽油	7座	2500cc	自動波	20
    ✅ [15] 61395500 🚗豐田 VELLFIRE 2.5 MODELLISTA	汽油	7座	25
    ✅ [15] 91200853 🚗平治 E200 ESTATE	汽油	5座	1991cc	自動波	201
    ✅ [15] 60107171 🚗特斯拉 MODEL S 75D	電動	5座	158kW	自動波	201
    ✅ [15] 93101922 🚗鈴木 SOLIO BANDIT HYBRID	混能	5座	1242cc
    ✅ [15] 90686671 🚗豐田 VOXY HYBRID ZS FACELIFT NOAH	混能	
    ✅ [15] 44621498 🚗豐田 VELLFIRE ZG FACELIFT	汽油	7座	2500c
    ✅ [15] 90686671 🚗豐田 VOXY HYBRID ZS FACELIFT NOAH	混能	
    ✅ [15] 90686671 🚗豐田 VELLFIRE HEV HYBRID ALPHARD	混能	7
    ✅ [15] 98893576 🚗豐田 VELLFIRE ZA	汽油	7座	2500cc	自動波	201
    ✅ [15] 90686671 🚗豐田 HIACE 3.0 DELUXE EURO 5	柴油	5座	29
    ✅ [15] 98893576 🚗豐田 SIENTA HYBRID G FACELIFT	混能	7座	1
    ✅ [15] 69922781 🚗豐田 SIENTA HYBRID G FACELIFT	混能	7座	1
    ✅ [15] 98893576 🚗豐田 VELLFIRE 2.5 FACELIFT ALPHARDV	汽
    ✅ [15] 98893576 🚗豐田 VELLFIRE 2.5 FACELIFT ALPHARDV	汽
  📄 爬取第 7 頁...
    ✅ [15] 91608108
    ✅ [15] 56047643 🚗豐田 VELLFIRE 3.5 ZG	汽油	7座	3500cc	自動波
    ✅ [15] 61312765 🚗豐田 VELLFIRE 2.5	汽油	7座	2500cc	自動波	20
    ✅ [15] 61395500 🚗豐田 VELLFIRE 2.5 MODELLISTA	汽油	7座	25
    ✅ [15] 91200853 🚗平治 E200 ESTATE	汽油	5座	1991cc	自動波	201
    ✅ [15] 60107171 🚗特斯拉 MODEL S 75D	電動	5座	158kW	自動波	201
    ✅ [15] 93101922 🚗鈴木 SOLIO BANDIT HYBRID	混能	5座	1242cc
    ✅ [15] 90686671 🚗豐田 VOXY HYBRID ZS FACELIFT NOAH	混能	
    ✅ [15] 44621498 🚗豐田 VELLFIRE ZG FACELIFT	汽油	7座	2500c
    ✅ [15] 90686671 🚗豐田 VOXY HYBRID ZS FACELIFT NOAH	混能	
    ✅ [15] 90686671 🚗豐田 VELLFIRE HEV HYBRID ALPHARD	混能	7
    ✅ [15] 98893576 🚗豐田 VELLFIRE ZA	汽油	7座	2500cc	自動波	201
    ✅ [15] 90686671 🚗豐田 HIACE 3.0 DELUXE EURO 5	柴油	5座	29
    ✅ [15] 98893576 🚗豐田 SIENTA HYBRID G FACELIFT	混能	7座	1
    ✅ [15] 69922781 🚗豐田 SIENTA HYBRID G FACELIFT	混能	7座	1
    ✅ [15] 98893576 🚗豐田 VELLFIRE 2.5 FACELIFT ALPHARDV	汽
    ✅ [15] 98893576 🚗豐田 VELLFIRE 2.5 FACELIFT ALPHARDV	汽
  📄 爬取第 8 頁...
    ✅ [15] 91608108
    ✅ [15] 56047643 🚗豐田 VELLFIRE 3.5 ZG	汽油	7座	3500cc	自動波
    ✅ [15] 61312765 🚗豐田 VELLFIRE 2.5	汽油	7座	2500cc	自動波	20
    ✅ [15] 61395500 🚗豐田 VELLFIRE 2.5 MODELLISTA	汽油	7座	25
    ✅ [15] 91200853 🚗平治 E200 ESTATE	汽油	5座	1991cc	自動波	201
    ✅ [15] 60107171 🚗特斯拉 MODEL S 75D	電動	5座	158kW	自動波	201
    ✅ [15] 93101922 🚗鈴木 SOLIO BANDIT HYBRID	混能	5座	1242cc
    ✅ [15] 90686671 🚗豐田 VOXY HYBRID ZS FACELIFT NOAH	混能	
    ✅ [15] 44621498 🚗豐田 VELLFIRE ZG FACELIFT	汽油	7座	2500c
    ✅ [15] 90686671 🚗豐田 VOXY HYBRID ZS FACELIFT NOAH	混能	
    ✅ [15] 90686671 🚗豐田 VELLFIRE HEV HYBRID ALPHARD	混能	7
    ✅ [15] 98893576 🚗豐田 VELLFIRE ZA	汽油	7座	2500cc	自動波	201
    ✅ [15] 90686671 🚗豐田 HIACE 3.0 DELUXE EURO 5	柴油	5座	29
    ✅ [15] 98893576 🚗豐田 SIENTA HYBRID G FACELIFT	混能	7座	1
    ✅ [15] 69922781 🚗豐田 SIENTA HYBRID G FACELIFT	混能	7座	1
    ✅ [15] 98893576 🚗豐田 VELLFIRE 2.5 FACELIFT ALPHARDV	汽
    ✅ [15] 98893576 🚗豐田 VELLFIRE 2.5 FACELIFT ALPHARDV	汽
  📄 爬取第 9 頁...
    ✅ [15] 91608108
    ✅ [15] 56047643 🚗豐田 VELLFIRE 3.5 ZG	汽油	7座	3500cc	自動波
    ✅ [15] 61312765 🚗豐田 VELLFIRE 2.5	汽油	7座	2500cc	自動波	20
    ✅ [15] 61395500 🚗豐田 VELLFIRE 2.5 MODELLISTA	汽油	7座	25
    ✅ [15] 91200853 🚗平治 E200 ESTATE	汽油	5座	1991cc	自動波	201
    ✅ [15] 60107171 🚗特斯拉 MODEL S 75D	電動	5座	158kW	自動波	201
    ✅ [15] 93101922 🚗鈴木 SOLIO BANDIT HYBRID	混能	5座	1242cc
    ✅ [15] 90686671 🚗豐田 VOXY HYBRID ZS FACELIFT NOAH	混能	
    ✅ [15] 44621498 🚗豐田 VELLFIRE ZG FACELIFT	汽油	7座	2500c
    ✅ [15] 90686671 🚗豐田 VOXY HYBRID ZS FACELIFT NOAH	混能	
    ✅ [15] 90686671 🚗豐田 VELLFIRE HEV HYBRID ALPHARD	混能	7
    ✅ [15] 98893576 🚗豐田 VELLFIRE ZA	汽油	7座	2500cc	自動波	201
    ✅ [15] 90686671 🚗豐田 HIACE 3.0 DELUXE EURO 5	柴油	5座	29
    ✅ [15] 98893576 🚗豐田 SIENTA HYBRID G FACELIFT	混能	7座	1
    ✅ [15] 69922781 🚗豐田 SIENTA HYBRID G FACELIFT	混能	7座	1
    ✅ [15] 98893576 🚗豐田 VELLFIRE 2.5 FACELIFT ALPHARDV	汽
    ✅ [15] 98893576 🚗豐田 VELLFIRE 2.5 FACELIFT ALPHARDV	汽
    📊 進度: 15/100 條 (第 10 頁)
  📄 爬取第 10 頁...
    ✅ [15] 44621498
    ✅ [15] 91608108 🚗豐田 VOXY HYBRID	混能	7座	1800cc	自動波	201
    ✅ [15] 91608108 🚗豐田 Corolla SPORT HYBRID GZ	混能	5座	15
    ✅ [15] 91608108 🚗豐田 VELLFIRE 2.5 FACELIFT ALPHARD	汽油
    ✅ [15] 56047643 🚗豐田 VELLFIRE 3.5 ZG	汽油	7座	3500cc	自動波
    ✅ [15] 61312765 🚗豐田 VELLFIRE 2.5	汽油	7座	2500cc	自動波	20
    ✅ [15] 61395500 🚗豐田 VELLFIRE 2.5 MODELLISTA	汽油	7座	25
    ✅ [15] 91200853 🚗平治 E200 ESTATE	汽油	5座	1991cc	自動波	201
    ✅ [15] 60107171 🚗特斯拉 MODEL S 75D	電動	5座	158kW	自動波	201
    ✅ [15] 93101922 🚗鈴木 SOLIO BANDIT HYBRID	混能	5座	1242cc
    ✅ [15] 90686671 🚗豐田 VOXY HYBRID ZS FACELIFT NOAH	混能	
    ✅ [15] 44621498 🚗豐田 VELLFIRE ZG FACELIFT	汽油	7座	2500c
    ✅ [15] 90686671 🚗豐田 VOXY HYBRID ZS FACELIFT NOAH	混能	
    ✅ [15] 90686671 🚗豐田 VELLFIRE HEV HYBRID ALPHARD	混能	7
    ✅ [15] 98893576 🚗豐田 VELLFIRE ZA	汽油	7座	2500cc	自動波	201
    ✅ [15] 90686671 🚗豐田 HIACE 3.0 DELUXE EURO 5	柴油	5座	29
    ✅ [15] 69922781 🚗豐田 SIENTA HYBRID G FACELIFT	混能	7座	1
    ✅ [15] 98893576 🚗豐田 VELLFIRE 2.5 FACELIFT ALPHARDV	汽
  📄 爬取第 11 頁...
    ✅ [15] 44621498
    ✅ [15] 91608108 🚗豐田 VOXY HYBRID	混能	7座	1800cc	自動波	201
    ✅ [15] 91608108 🚗豐田 Corolla SPORT HYBRID GZ	混能	5座	15
    ✅ [15] 91608108 🚗豐田 VELLFIRE 2.5 FACELIFT ALPHARD	汽油
    ✅ [15] 56047643 🚗豐田 VELLFIRE 3.5 ZG	汽油	7座	3500cc	自動波
    ✅ [15] 61312765 🚗豐田 VELLFIRE 2.5	汽油	7座	2500cc	自動波	20
    ✅ [15] 61395500 🚗豐田 VELLFIRE 2.5 MODELLISTA	汽油	7座	25
    ✅ [15] 91200853 🚗平治 E200 ESTATE	汽油	5座	1991cc	自動波	201
    ✅ [15] 60107171 🚗特斯拉 MODEL S 75D	電動	5座	158kW	自動波	201
    ✅ [15] 93101922 🚗鈴木 SOLIO BANDIT HYBRID	混能	5座	1242cc
    ✅ [15] 90686671 🚗豐田 VOXY HYBRID ZS FACELIFT NOAH	混能	
    ✅ [15] 44621498 🚗豐田 VELLFIRE ZG FACELIFT	汽油	7座	2500c
    ✅ [15] 90686671 🚗豐田 VOXY HYBRID ZS FACELIFT NOAH	混能	
    ✅ [15] 90686671 🚗豐田 VELLFIRE HEV HYBRID ALPHARD	混能	7
    ✅ [15] 98893576 🚗豐田 VELLFIRE ZA	汽油	7座	2500cc	自動波	201
    ✅ [15] 90686671 🚗豐田 HIACE 3.0 DELUXE EURO 5	柴油	5座	29
    ✅ [15] 69922781 🚗豐田 SIENTA HYBRID G FACELIFT	混能	7座	1
    ✅ [15] 98893576 🚗豐田 VELLFIRE 2.5 FACELIFT ALPHARDV	汽
  📄 爬取第 12 頁...
    ✅ [15] 44621498
    ✅ [15] 91608108 🚗豐田 VOXY HYBRID	混能	7座	1800cc	自動波	201
    ✅ [15] 91608108 🚗豐田 Corolla SPORT HYBRID GZ	混能	5座	15
    ✅ [15] 91608108 🚗豐田 VELLFIRE 2.5 FACELIFT ALPHARD	汽油
    ✅ [15] 56047643 🚗豐田 VELLFIRE 3.5 ZG	汽油	7座	3500cc	自動波
    ✅ [15] 61312765 🚗豐田 VELLFIRE 2.5	汽油	7座	2500cc	自動波	20
    ✅ [15] 61395500 🚗豐田 VELLFIRE 2.5 MODELLISTA	汽油	7座	25
    ✅ [15] 91200853 🚗平治 E200 ESTATE	汽油	5座	1991cc	自動波	201
    ✅ [15] 60107171 🚗特斯拉 MODEL S 75D	電動	5座	158kW	自動波	201
    ✅ [15] 93101922 🚗鈴木 SOLIO BANDIT HYBRID	混能	5座	1242cc
    ✅ [15] 90686671 🚗豐田 VOXY HYBRID ZS FACELIFT NOAH	混能	
    ✅ [15] 44621498 🚗豐田 VELLFIRE ZG FACELIFT	汽油	7座	2500c
    ✅ [15] 90686671 🚗豐田 VOXY HYBRID ZS FACELIFT NOAH	混能	
    ✅ [15] 90686671 🚗豐田 VELLFIRE HEV HYBRID ALPHARD	混能	7
    ✅ [15] 98893576 🚗豐田 VELLFIRE ZA	汽油	7座	2500cc	自動波	201
    ✅ [15] 90686671 🚗豐田 HIACE 3.0 DELUXE EURO 5	柴油	5座	29
    ✅ [15] 69922781 🚗豐田 SIENTA HYBRID G FACELIFT	混能	7座	1
    ✅ [15] 98893576 🚗豐田 VELLFIRE 2.5 FACELIFT ALPHARDV	汽
  📄 爬取第 13 頁...
    ✅ [15] 44621498
    ✅ [15] 91608108 🚗豐田 VOXY HYBRID	混能	7座	1800cc	自動波	201
    ✅ [15] 91608108 🚗豐田 Corolla SPORT HYBRID GZ	混能	5座	15
    ✅ [15] 91608108 🚗豐田 VELLFIRE 2.5 FACELIFT ALPHARD	汽油
    ✅ [15] 56047643 🚗豐田 VELLFIRE 3.5 ZG	汽油	7座	3500cc	自動波
    ✅ [15] 61312765 🚗豐田 VELLFIRE 2.5	汽油	7座	2500cc	自動波	20
    ✅ [15] 61395500 🚗豐田 VELLFIRE 2.5 MODELLISTA	汽油	7座	25
    ✅ [15] 91200853 🚗平治 E200 ESTATE	汽油	5座	1991cc	自動波	201
    ✅ [15] 60107171 🚗特斯拉 MODEL S 75D	電動	5座	158kW	自動波	201
    ✅ [15] 93101922 🚗鈴木 SOLIO BANDIT HYBRID	混能	5座	1242cc
    ✅ [15] 90686671 🚗豐田 VOXY HYBRID ZS FACELIFT NOAH	混能	
    ✅ [15] 44621498 🚗豐田 VELLFIRE ZG FACELIFT	汽油	7座	2500c
    ✅ [15] 90686671 🚗豐田 VOXY HYBRID ZS FACELIFT NOAH	混能	
    ✅ [15] 90686671 🚗豐田 VELLFIRE HEV HYBRID ALPHARD	混能	7
    ✅ [15] 98893576 🚗豐田 VELLFIRE ZA	汽油	7座	2500cc	自動波	201
    ✅ [15] 90686671 🚗豐田 HIACE 3.0 DELUXE EURO 5	柴油	5座	29
    ✅ [15] 69922781 🚗豐田 SIENTA HYBRID G FACELIFT	混能	7座	1
    ✅ [15] 98893576 🚗豐田 VELLFIRE 2.5 FACELIFT ALPHARDV	汽
  📄 爬取第 14 頁...
    ✅ [15] 44621498
    ✅ [15] 91608108 🚗豐田 VOXY HYBRID	混能	7座	1800cc	自動波	201
    ✅ [15] 91608108 🚗豐田 Corolla SPORT HYBRID GZ	混能	5座	15
    ✅ [15] 91608108 🚗豐田 VELLFIRE 2.5 FACELIFT ALPHARD	汽油
    ✅ [15] 56047643 🚗豐田 VELLFIRE 3.5 ZG	汽油	7座	3500cc	自動波
    ✅ [15] 61312765 🚗豐田 VELLFIRE 2.5	汽油	7座	2500cc	自動波	20
    ✅ [15] 61395500 🚗豐田 VELLFIRE 2.5 MODELLISTA	汽油	7座	25
    ✅ [15] 91200853 🚗平治 E200 ESTATE	汽油	5座	1991cc	自動波	201
    ✅ [15] 60107171 🚗特斯拉 MODEL S 75D	電動	5座	158kW	自動波	201
    ✅ [15] 93101922 🚗鈴木 SOLIO BANDIT HYBRID	混能	5座	1242cc
    ✅ [15] 90686671 🚗豐田 VOXY HYBRID ZS FACELIFT NOAH	混能	
    ✅ [15] 44621498 🚗豐田 VELLFIRE ZG FACELIFT	汽油	7座	2500c
    ✅ [15] 90686671 🚗豐田 VOXY HYBRID ZS FACELIFT NOAH	混能	
    ✅ [15] 90686671 🚗豐田 VELLFIRE HEV HYBRID ALPHARD	混能	7
    ✅ [15] 98893576 🚗豐田 VELLFIRE ZA	汽油	7座	2500cc	自動波	201
    ✅ [15] 90686671 🚗豐田 HIACE 3.0 DELUXE EURO 5	柴油	5座	29
    ✅ [15] 69922781 🚗豐田 SIENTA HYBRID G FACELIFT	混能	7座	1
    ✅ [15] 98893576 🚗豐田 VELLFIRE 2.5 FACELIFT ALPHARDV	汽
    📊 進度: 15/100 條 (第 15 頁)
  📄 爬取第 15 頁...
    ✅ [15] 44621498
    ✅ [15] 91608108 🚗豐田 VOXY HYBRID	混能	7座	1800cc	自動波	201
    ✅ [15] 91608108 🚗豐田 Corolla SPORT HYBRID GZ	混能	5座	15
    ✅ [15] 91608108 🚗豐田 VELLFIRE 2.5 FACELIFT ALPHARD	汽油
    ✅ [15] 56047643 🚗豐田 VELLFIRE 3.5 ZG	汽油	7座	3500cc	自動波
    ✅ [15] 61312765 🚗豐田 VELLFIRE 2.5	汽油	7座	2500cc	自動波	20
    ✅ [15] 61395500 🚗豐田 VELLFIRE 2.5 MODELLISTA	汽油	7座	25
    ✅ [15] 91200853 🚗平治 E200 ESTATE	汽油	5座	1991cc	自動波	201
    ✅ [15] 60107171 🚗特斯拉 MODEL S 75D	電動	5座	158kW	自動波	201
    ✅ [15] 93101922 🚗鈴木 SOLIO BANDIT HYBRID	混能	5座	1242cc
    ✅ [15] 90686671 🚗豐田 VOXY HYBRID ZS FACELIFT NOAH	混能	
    ✅ [15] 44621498 🚗豐田 VELLFIRE ZG FACELIFT	汽油	7座	2500c
    ✅ [15] 90686671 🚗豐田 VOXY HYBRID ZS FACELIFT NOAH	混能	
    ✅ [15] 90686671 🚗豐田 VELLFIRE HEV HYBRID ALPHARD	混能	7
    ✅ [15] 98893576 🚗豐田 VELLFIRE ZA	汽油	7座	2500cc	自動波	201
    ✅ [15] 90686671 🚗豐田 HIACE 3.0 DELUXE EURO 5	柴油	5座	29
    ✅ [15] 69922781 🚗豐田 SIENTA HYBRID G FACELIFT	混能	7座	1
    ✅ [15] 98893576 🚗豐田 VELLFIRE 2.5 FACELIFT ALPHARDV	汽
  📄 爬取第 16 頁...
    ✅ [15] 44621498
    ✅ [15] 91608108 🚗豐田 VOXY HYBRID	混能	7座	1800cc	自動波	201
    ✅ [15] 91608108 🚗豐田 Corolla SPORT HYBRID GZ	混能	5座	15
    ✅ [15] 91608108 🚗豐田 VELLFIRE 2.5 FACELIFT ALPHARD	汽油
    ✅ [15] 56047643 🚗豐田 VELLFIRE 3.5 ZG	汽油	7座	3500cc	自動波
    ✅ [15] 61312765 🚗豐田 VELLFIRE 2.5	汽油	7座	2500cc	自動波	20
    ✅ [15] 61395500 🚗豐田 VELLFIRE 2.5 MODELLISTA	汽油	7座	25
    ✅ [15] 91200853 🚗平治 E200 ESTATE	汽油	5座	1991cc	自動波	201
    ✅ [15] 60107171 🚗特斯拉 MODEL S 75D	電動	5座	158kW	自動波	201
    ✅ [15] 93101922 🚗鈴木 SOLIO BANDIT HYBRID	混能	5座	1242cc
    ✅ [15] 90686671 🚗豐田 VOXY HYBRID ZS FACELIFT NOAH	混能	
    ✅ [15] 44621498 🚗豐田 VELLFIRE ZG FACELIFT	汽油	7座	2500c
    ✅ [15] 90686671 🚗豐田 VOXY HYBRID ZS FACELIFT NOAH	混能	
    ✅ [15] 90686671 🚗豐田 VELLFIRE HEV HYBRID ALPHARD	混能	7
    ✅ [15] 98893576 🚗豐田 VELLFIRE ZA	汽油	7座	2500cc	自動波	201
    ✅ [15] 90686671 🚗豐田 HIACE 3.0 DELUXE EURO 5	柴油	5座	29
    ✅ [15] 69922781 🚗豐田 SIENTA HYBRID G FACELIFT	混能	7座	1
    ✅ [15] 98893576 🚗豐田 VELLFIRE 2.5 FACELIFT ALPHARDV	汽
  📄 爬取第 17 頁...
    ✅ [15] 44621498
    ✅ [15] 91608108 🚗豐田 VOXY HYBRID	混能	7座	1800cc	自動波	201
    ✅ [15] 91608108 🚗豐田 Corolla SPORT HYBRID GZ	混能	5座	15
    ✅ [15] 91608108 🚗豐田 VELLFIRE 2.5 FACELIFT ALPHARD	汽油
    ✅ [15] 56047643 🚗豐田 VELLFIRE 3.5 ZG	汽油	7座	3500cc	自動波
    ✅ [15] 61312765 🚗豐田 VELLFIRE 2.5	汽油	7座	2500cc	自動波	20
    ✅ [15] 61395500 🚗豐田 VELLFIRE 2.5 MODELLISTA	汽油	7座	25
    ✅ [15] 91200853 🚗平治 E200 ESTATE	汽油	5座	1991cc	自動波	201
    ✅ [15] 60107171 🚗特斯拉 MODEL S 75D	電動	5座	158kW	自動波	201
    ✅ [15] 93101922 🚗鈴木 SOLIO BANDIT HYBRID	混能	5座	1242cc
    ✅ [15] 90686671 🚗豐田 VOXY HYBRID ZS FACELIFT NOAH	混能	
    ✅ [15] 44621498 🚗豐田 VELLFIRE ZG FACELIFT	汽油	7座	2500c
    ✅ [15] 90686671 🚗豐田 VOXY HYBRID ZS FACELIFT NOAH	混能	
    ✅ [15] 90686671 🚗豐田 VELLFIRE HEV HYBRID ALPHARD	混能	7
    ✅ [15] 98893576 🚗豐田 VELLFIRE ZA	汽油	7座	2500cc	自動波	201
    ✅ [15] 90686671 🚗豐田 HIACE 3.0 DELUXE EURO 5	柴油	5座	29
    ✅ [15] 69922781 🚗豐田 SIENTA HYBRID G FACELIFT	混能	7座	1
    ✅ [15] 98893576 🚗豐田 VELLFIRE 2.5 FACELIFT ALPHARDV	汽
  📄 爬取第 18 頁...
    ✅ [15] 44621498
    ✅ [15] 91608108 🚗豐田 VOXY HYBRID	混能	7座	1800cc	自動波	201
    ✅ [15] 91608108 🚗豐田 Corolla SPORT HYBRID GZ	混能	5座	15
    ✅ [15] 91608108 🚗豐田 VELLFIRE 2.5 FACELIFT ALPHARD	汽油
    ✅ [15] 56047643 🚗豐田 VELLFIRE 3.5 ZG	汽油	7座	3500cc	自動波
    ✅ [15] 61312765 🚗豐田 VELLFIRE 2.5	汽油	7座	2500cc	自動波	20
    ✅ [15] 61395500 🚗豐田 VELLFIRE 2.5 MODELLISTA	汽油	7座	25
    ✅ [15] 91200853 🚗平治 E200 ESTATE	汽油	5座	1991cc	自動波	201
    ✅ [15] 60107171 🚗特斯拉 MODEL S 75D	電動	5座	158kW	自動波	201
    ✅ [15] 93101922 🚗鈴木 SOLIO BANDIT HYBRID	混能	5座	1242cc
    ✅ [15] 90686671 🚗豐田 VOXY HYBRID ZS FACELIFT NOAH	混能	
    ✅ [15] 44621498 🚗豐田 VELLFIRE ZG FACELIFT	汽油	7座	2500c
    ✅ [15] 90686671 🚗豐田 VOXY HYBRID ZS FACELIFT NOAH	混能	
    ✅ [15] 90686671 🚗豐田 VELLFIRE HEV HYBRID ALPHARD	混能	7
    ✅ [15] 98893576 🚗豐田 VELLFIRE ZA	汽油	7座	2500cc	自動波	201
    ✅ [15] 90686671 🚗豐田 HIACE 3.0 DELUXE EURO 5	柴油	5座	29
    ✅ [15] 69922781 🚗豐田 SIENTA HYBRID G FACELIFT	混能	7座	1
    ✅ [15] 98893576 🚗豐田 VELLFIRE 2.5 FACELIFT ALPHARDV	汽
  📄 爬取第 19 頁...
    ✅ [15] 44621498
    ✅ [15] 91608108 🚗豐田 VOXY HYBRID	混能	7座	1800cc	自動波	201
    ✅ [15] 91608108 🚗豐田 Corolla SPORT HYBRID GZ	混能	5座	15
    ✅ [15] 91608108 🚗豐田 VELLFIRE 2.5 FACELIFT ALPHARD	汽油
    ✅ [15] 56047643 🚗豐田 VELLFIRE 3.5 ZG	汽油	7座	3500cc	自動波
    ✅ [15] 61312765 🚗豐田 VELLFIRE 2.5	汽油	7座	2500cc	自動波	20
    ✅ [15] 61395500 🚗豐田 VELLFIRE 2.5 MODELLISTA	汽油	7座	25
    ✅ [15] 91200853 🚗平治 E200 ESTATE	汽油	5座	1991cc	自動波	201
    ✅ [15] 60107171 🚗特斯拉 MODEL S 75D	電動	5座	158kW	自動波	201
    ✅ [15] 93101922 🚗鈴木 SOLIO BANDIT HYBRID	混能	5座	1242cc
    ✅ [15] 90686671 🚗豐田 VOXY HYBRID ZS FACELIFT NOAH	混能	
    ✅ [15] 44621498 🚗豐田 VELLFIRE ZG FACELIFT	汽油	7座	2500c
    ✅ [15] 90686671 🚗豐田 VOXY HYBRID ZS FACELIFT NOAH	混能	
    ✅ [15] 90686671 🚗豐田 VELLFIRE HEV HYBRID ALPHARD	混能	7
    ✅ [15] 98893576 🚗豐田 VELLFIRE ZA	汽油	7座	2500cc	自動波	201
    ✅ [15] 90686671 🚗豐田 HIACE 3.0 DELUXE EURO 5	柴油	5座	29
    ✅ [15] 69922781 🚗豐田 SIENTA HYBRID G FACELIFT	混能	7座	1
    ✅ [15] 98893576 🚗豐田 VELLFIRE 2.5 FACELIFT ALPHARDV	汽
    📊 進度: 15/100 條 (第 20 頁)
  📄 爬取第 20 頁...
    ✅ [15] 44621498
    ✅ [15] 91608108 🚗豐田 VOXY HYBRID	混能	7座	1800cc	自動波	201
    ✅ [15] 91608108 🚗豐田 Corolla SPORT HYBRID GZ	混能	5座	15
    ✅ [15] 91608108 🚗豐田 VELLFIRE 2.5 FACELIFT ALPHARD	汽油
    ✅ [15] 56047643 🚗豐田 VELLFIRE 3.5 ZG	汽油	7座	3500cc	自動波
    ✅ [15] 61312765 🚗豐田 VELLFIRE 2.5	汽油	7座	2500cc	自動波	20
    ✅ [15] 61395500 🚗豐田 VELLFIRE 2.5 MODELLISTA	汽油	7座	25
    ✅ [15] 91200853 🚗平治 E200 ESTATE	汽油	5座	1991cc	自動波	201
    ✅ [15] 60107171 🚗特斯拉 MODEL S 75D	電動	5座	158kW	自動波	201
    ✅ [15] 93101922 🚗鈴木 SOLIO BANDIT HYBRID	混能	5座	1242cc
    ✅ [15] 90686671 🚗豐田 VOXY HYBRID ZS FACELIFT NOAH	混能	
    ✅ [15] 44621498 🚗豐田 VELLFIRE ZG FACELIFT	汽油	7座	2500c
    ✅ [15] 90686671 🚗豐田 VOXY HYBRID ZS FACELIFT NOAH	混能	
    ✅ [15] 90686671 🚗豐田 VELLFIRE HEV HYBRID ALPHARD	混能	7
    ✅ [15] 98893576 🚗豐田 VELLFIRE ZA	汽油	7座	2500cc	自動波	201
    ✅ [15] 90686671 🚗豐田 HIACE 3.0 DELUXE EURO 5	柴油	5座	29
    ✅ [15] 69922781 🚗豐田 SIENTA HYBRID G FACELIFT	混能	7座	1
    ✅ [15] 98893576 🚗豐田 VELLFIRE 2.5 FACELIFT ALPHARDV	汽
  📄 爬取第 21 頁...
    ✅ [15] 44621498
    ✅ [15] 91608108 🚗豐田 VOXY HYBRID	混能	7座	1800cc	自動波	201
    ✅ [15] 91608108 🚗豐田 Corolla SPORT HYBRID GZ	混能	5座	15
    ✅ [15] 91608108 🚗豐田 VELLFIRE 2.5 FACELIFT ALPHARD	汽油
    ✅ [15] 56047643 🚗豐田 VELLFIRE 3.5 ZG	汽油	7座	3500cc	自動波
    ✅ [15] 61312765 🚗豐田 VELLFIRE 2.5	汽油	7座	2500cc	自動波	20
    ✅ [15] 61395500 🚗豐田 VELLFIRE 2.5 MODELLISTA	汽油	7座	25
    ✅ [15] 91200853 🚗平治 E200 ESTATE	汽油	5座	1991cc	自動波	201
    ✅ [15] 60107171 🚗特斯拉 MODEL S 75D	電動	5座	158kW	自動波	201
    ✅ [15] 93101922 🚗鈴木 SOLIO BANDIT HYBRID	混能	5座	1242cc
    ✅ [15] 90686671 🚗豐田 VOXY HYBRID ZS FACELIFT NOAH	混能	
    ✅ [15] 44621498 🚗豐田 VELLFIRE ZG FACELIFT	汽油	7座	2500c
    ✅ [15] 90686671 🚗豐田 VOXY HYBRID ZS FACELIFT NOAH	混能	
    ✅ [15] 90686671 🚗豐田 VELLFIRE HEV HYBRID ALPHARD	混能	7
    ✅ [15] 98893576 🚗豐田 VELLFIRE ZA	汽油	7座	2500cc	自動波	201
    ✅ [15] 90686671 🚗豐田 HIACE 3.0 DELUXE EURO 5	柴油	5座	29
    ✅ [15] 69922781 🚗豐田 SIENTA HYBRID G FACELIFT	混能	7座	1
    ✅ [15] 98893576 🚗豐田 VELLFIRE 2.5 FACELIFT ALPHARDV	汽
  📄 爬取第 22 頁...
    ✅ [16] 91498709
    ✅ [16] 91498709
    ✅ [16] 91498709 🚗法拉利 328 GTS	汽油	2座	3185cc	棍波	1987	$1
    ✅ [17] 61123032 🚗豐田 Crown ATHLETE S HYBRID	混能	5座	249
    ✅ [17] 91498709 🚗豐田 VOXY HYBRID ZS FACELIFT NOAH	混能	
    ✅ [17] 61123032 🚗平治 GLC250 4MATIC AMG	汽油	5座	1991cc	自
    ✅ [17] 91498709 🚗豐田 VELLFIRE 2.5 FACELIFT ALPHARD	汽油
    ✅ [17] 44621498 🚗豐田 RACTIS	汽油	5座	1496cc	自動波	2014	$40
    ✅ [17] 91608108 🚗豐田 VOXY HYBRID	混能	7座	1800cc	自動波	201
    ✅ [17] 91608108 🚗豐田 Corolla SPORT HYBRID GZ	混能	5座	15
    ✅ [17] 91608108 🚗豐田 VELLFIRE 2.5 FACELIFT ALPHARD	汽油
    ✅ [17] 56047643 🚗豐田 VELLFIRE 3.5 ZG	汽油	7座	3500cc	自動波
    ✅ [17] 61312765 🚗豐田 VELLFIRE 2.5	汽油	7座	2500cc	自動波	20
    ✅ [17] 61395500 🚗豐田 VELLFIRE 2.5 MODELLISTA	汽油	7座	25
    ✅ [17] 91200853 🚗平治 E200 ESTATE	汽油	5座	1991cc	自動波	201
    ✅ [17] 60107171 🚗特斯拉 MODEL S 75D	電動	5座	158kW	自動波	201
    ✅ [17] 93101922 🚗鈴木 SOLIO BANDIT HYBRID	混能	5座	1242cc
  📄 爬取第 23 頁...
    ✅ [17] 91498709
    ✅ [17] 91498709
    ✅ [17] 91498709 🚗法拉利 328 GTS	汽油	2座	3185cc	棍波	1987	$1
    ✅ [17] 61123032 🚗豐田 Crown ATHLETE S HYBRID	混能	5座	249
    ✅ [17] 91498709 🚗豐田 VOXY HYBRID ZS FACELIFT NOAH	混能	
    ✅ [17] 61123032 🚗平治 GLC250 4MATIC AMG	汽油	5座	1991cc	自
    ✅ [17] 91498709 🚗豐田 VELLFIRE 2.5 FACELIFT ALPHARD	汽油
    ✅ [17] 44621498 🚗豐田 RACTIS	汽油	5座	1496cc	自動波	2014	$40
    ✅ [17] 91608108 🚗豐田 VOXY HYBRID	混能	7座	1800cc	自動波	201
    ✅ [17] 91608108 🚗豐田 Corolla SPORT HYBRID GZ	混能	5座	15
    ✅ [17] 91608108 🚗豐田 VELLFIRE 2.5 FACELIFT ALPHARD	汽油
    ✅ [17] 56047643 🚗豐田 VELLFIRE 3.5 ZG	汽油	7座	3500cc	自動波
    ✅ [17] 61312765 🚗豐田 VELLFIRE 2.5	汽油	7座	2500cc	自動波	20
    ✅ [17] 61395500 🚗豐田 VELLFIRE 2.5 MODELLISTA	汽油	7座	25
    ✅ [17] 91200853 🚗平治 E200 ESTATE	汽油	5座	1991cc	自動波	201
    ✅ [17] 60107171 🚗特斯拉 MODEL S 75D	電動	5座	158kW	自動波	201
    ✅ [17] 93101922 🚗鈴木 SOLIO BANDIT HYBRID	混能	5座	1242cc
  📄 爬取第 24 頁...
    ✅ [17] 91498709
    ✅ [17] 91498709
    ✅ [17] 91498709 🚗法拉利 328 GTS	汽油	2座	3185cc	棍波	1987	$1
    ✅ [17] 61123032 🚗豐田 Crown ATHLETE S HYBRID	混能	5座	249
    ✅ [17] 91498709 🚗豐田 VOXY HYBRID ZS FACELIFT NOAH	混能	
    ✅ [17] 61123032 🚗平治 GLC250 4MATIC AMG	汽油	5座	1991cc	自
    ✅ [17] 91498709 🚗豐田 VELLFIRE 2.5 FACELIFT ALPHARD	汽油
    ✅ [17] 44621498 🚗豐田 RACTIS	汽油	5座	1496cc	自動波	2014	$40
    ✅ [17] 91608108 🚗豐田 VOXY HYBRID	混能	7座	1800cc	自動波	201
    ✅ [17] 91608108 🚗豐田 Corolla SPORT HYBRID GZ	混能	5座	15
    ✅ [17] 91608108 🚗豐田 VELLFIRE 2.5 FACELIFT ALPHARD	汽油
    ✅ [17] 56047643 🚗豐田 VELLFIRE 3.5 ZG	汽油	7座	3500cc	自動波
    ✅ [17] 61312765 🚗豐田 VELLFIRE 2.5	汽油	7座	2500cc	自動波	20
    ✅ [17] 61395500 🚗豐田 VELLFIRE 2.5 MODELLISTA	汽油	7座	25
    ✅ [17] 91200853 🚗平治 E200 ESTATE	汽油	5座	1991cc	自動波	201
    ✅ [17] 60107171 🚗特斯拉 MODEL S 75D	電動	5座	158kW	自動波	201
    ✅ [17] 93101922 🚗鈴木 SOLIO BANDIT HYBRID	混能	5座	1242cc
    📊 進度: 17/100 條 (第 25 頁)
  📄 爬取第 25 頁...
    ✅ [17] 91498709
    ✅ [17] 91498709
    ✅ [17] 91498709 🚗法拉利 328 GTS	汽油	2座	3185cc	棍波	1987	$1
    ✅ [17] 61123032 🚗豐田 Crown ATHLETE S HYBRID	混能	5座	249
    ✅ [17] 91498709 🚗豐田 VOXY HYBRID ZS FACELIFT NOAH	混能	
    ✅ [17] 61123032 🚗平治 GLC250 4MATIC AMG	汽油	5座	1991cc	自
    ✅ [17] 91498709 🚗豐田 VELLFIRE 2.5 FACELIFT ALPHARD	汽油
    ✅ [17] 44621498 🚗豐田 RACTIS	汽油	5座	1496cc	自動波	2014	$40
    ✅ [17] 91608108 🚗豐田 VOXY HYBRID	混能	7座	1800cc	自動波	201
    ✅ [17] 91608108 🚗豐田 Corolla SPORT HYBRID GZ	混能	5座	15
    ✅ [17] 91608108 🚗豐田 VELLFIRE 2.5 FACELIFT ALPHARD	汽油
    ✅ [17] 56047643 🚗豐田 VELLFIRE 3.5 ZG	汽油	7座	3500cc	自動波
    ✅ [17] 61312765 🚗豐田 VELLFIRE 2.5	汽油	7座	2500cc	自動波	20
    ✅ [17] 61395500 🚗豐田 VELLFIRE 2.5 MODELLISTA	汽油	7座	25
    ✅ [17] 91200853 🚗平治 E200 ESTATE	汽油	5座	1991cc	自動波	201
    ✅ [17] 60107171 🚗特斯拉 MODEL S 75D	電動	5座	158kW	自動波	201
    ✅ [17] 93101922 🚗鈴木 SOLIO BANDIT HYBRID	混能	5座	1242cc
  📄 爬取第 26 頁...
    ✅ [17] 91498709
    ✅ [17] 91498709
    ✅ [17] 91498709 🚗法拉利 328 GTS	汽油	2座	3185cc	棍波	1987	$1
    ✅ [17] 61123032 🚗豐田 Crown ATHLETE S HYBRID	混能	5座	249
    ✅ [17] 91498709 🚗豐田 VOXY HYBRID ZS FACELIFT NOAH	混能	
    ✅ [17] 61123032 🚗平治 GLC250 4MATIC AMG	汽油	5座	1991cc	自
    ✅ [17] 91498709 🚗豐田 VELLFIRE 2.5 FACELIFT ALPHARD	汽油
    ✅ [17] 44621498 🚗豐田 RACTIS	汽油	5座	1496cc	自動波	2014	$40
    ✅ [17] 91608108 🚗豐田 VOXY HYBRID	混能	7座	1800cc	自動波	201
    ✅ [17] 91608108 🚗豐田 Corolla SPORT HYBRID GZ	混能	5座	15
    ✅ [17] 91608108 🚗豐田 VELLFIRE 2.5 FACELIFT ALPHARD	汽油
    ✅ [17] 56047643 🚗豐田 VELLFIRE 3.5 ZG	汽油	7座	3500cc	自動波
    ✅ [17] 61312765 🚗豐田 VELLFIRE 2.5	汽油	7座	2500cc	自動波	20
    ✅ [17] 61395500 🚗豐田 VELLFIRE 2.5 MODELLISTA	汽油	7座	25
    ✅ [17] 91200853 🚗平治 E200 ESTATE	汽油	5座	1991cc	自動波	201
    ✅ [17] 60107171 🚗特斯拉 MODEL S 75D	電動	5座	158kW	自動波	201
    ✅ [17] 93101922 🚗鈴木 SOLIO BANDIT HYBRID	混能	5座	1242cc
  📄 爬取第 27 頁...
    ✅ [17] 91498709
    ✅ [17] 91498709
    ✅ [17] 91498709 🚗法拉利 328 GTS	汽油	2座	3185cc	棍波	1987	$1
    ✅ [17] 61123032 🚗豐田 Crown ATHLETE S HYBRID	混能	5座	249
    ✅ [17] 91498709 🚗豐田 VOXY HYBRID ZS FACELIFT NOAH	混能	
    ✅ [17] 61123032 🚗平治 GLC250 4MATIC AMG	汽油	5座	1991cc	自
    ✅ [17] 91498709 🚗豐田 VELLFIRE 2.5 FACELIFT ALPHARD	汽油
    ✅ [17] 44621498 🚗豐田 RACTIS	汽油	5座	1496cc	自動波	2014	$40
    ✅ [17] 91608108 🚗豐田 VOXY HYBRID	混能	7座	1800cc	自動波	201
    ✅ [17] 91608108 🚗豐田 Corolla SPORT HYBRID GZ	混能	5座	15
    ✅ [17] 91608108 🚗豐田 VELLFIRE 2.5 FACELIFT ALPHARD	汽油
    ✅ [17] 56047643 🚗豐田 VELLFIRE 3.5 ZG	汽油	7座	3500cc	自動波
    ✅ [17] 61312765 🚗豐田 VELLFIRE 2.5	汽油	7座	2500cc	自動波	20
    ✅ [17] 61395500 🚗豐田 VELLFIRE 2.5 MODELLISTA	汽油	7座	25
    ✅ [17] 91200853 🚗平治 E200 ESTATE	汽油	5座	1991cc	自動波	201
    ✅ [17] 60107171 🚗特斯拉 MODEL S 75D	電動	5座	158kW	自動波	201
    ✅ [17] 93101922 🚗鈴木 SOLIO BANDIT HYBRID	混能	5座	1242cc
  📄 爬取第 28 頁...
    ✅ [17] 91498709
    ✅ [17] 91498709
    ✅ [17] 91498709 🚗法拉利 328 GTS	汽油	2座	3185cc	棍波	1987	$1
    ✅ [17] 61123032 🚗豐田 Crown ATHLETE S HYBRID	混能	5座	249
    ✅ [17] 91498709 🚗豐田 VOXY HYBRID ZS FACELIFT NOAH	混能	
    ✅ [17] 61123032 🚗平治 GLC250 4MATIC AMG	汽油	5座	1991cc	自
    ✅ [17] 91498709 🚗豐田 VELLFIRE 2.5 FACELIFT ALPHARD	汽油
    ✅ [17] 44621498 🚗豐田 RACTIS	汽油	5座	1496cc	自動波	2014	$40
    ✅ [17] 91608108 🚗豐田 VOXY HYBRID	混能	7座	1800cc	自動波	201
    ✅ [17] 91608108 🚗豐田 Corolla SPORT HYBRID GZ	混能	5座	15
    ✅ [17] 91608108 🚗豐田 VELLFIRE 2.5 FACELIFT ALPHARD	汽油
    ✅ [17] 56047643 🚗豐田 VELLFIRE 3.5 ZG	汽油	7座	3500cc	自動波
    ✅ [17] 61312765 🚗豐田 VELLFIRE 2.5	汽油	7座	2500cc	自動波	20
    ✅ [17] 61395500 🚗豐田 VELLFIRE 2.5 MODELLISTA	汽油	7座	25
    ✅ [17] 91200853 🚗平治 E200 ESTATE	汽油	5座	1991cc	自動波	201
    ✅ [17] 60107171 🚗特斯拉 MODEL S 75D	電動	5座	158kW	自動波	201
    ✅ [17] 93101922 🚗鈴木 SOLIO BANDIT HYBRID	混能	5座	1242cc
  📄 爬取第 29 頁...
    ✅ [17] 91498709
    ✅ [17] 91498709
    ✅ [17] 91498709 🚗法拉利 328 GTS	汽油	2座	3185cc	棍波	1987	$1
    ✅ [17] 61123032 🚗豐田 Crown ATHLETE S HYBRID	混能	5座	249
    ✅ [17] 91498709 🚗豐田 VOXY HYBRID ZS FACELIFT NOAH	混能	
    ✅ [17] 61123032 🚗平治 GLC250 4MATIC AMG	汽油	5座	1991cc	自
    ✅ [17] 91498709 🚗豐田 VELLFIRE 2.5 FACELIFT ALPHARD	汽油
    ✅ [17] 44621498 🚗豐田 RACTIS	汽油	5座	1496cc	自動波	2014	$40
    ✅ [17] 91608108 🚗豐田 VOXY HYBRID	混能	7座	1800cc	自動波	201
    ✅ [17] 91608108 🚗豐田 Corolla SPORT HYBRID GZ	混能	5座	15
    ✅ [17] 91608108 🚗豐田 VELLFIRE 2.5 FACELIFT ALPHARD	汽油
    ✅ [17] 56047643 🚗豐田 VELLFIRE 3.5 ZG	汽油	7座	3500cc	自動波
    ✅ [17] 61312765 🚗豐田 VELLFIRE 2.5	汽油	7座	2500cc	自動波	20
    ✅ [17] 61395500 🚗豐田 VELLFIRE 2.5 MODELLISTA	汽油	7座	25
    ✅ [17] 91200853 🚗平治 E200 ESTATE	汽油	5座	1991cc	自動波	201
    ✅ [17] 60107171 🚗特斯拉 MODEL S 75D	電動	5座	158kW	自動波	201
    ✅ [17] 93101922 🚗鈴木 SOLIO BANDIT HYBRID	混能	5座	1242cc
    📊 進度: 17/100 條 (第 30 頁)
  📄 爬取第 30 頁...
    ✅ [17] 91498709
    ✅ [17] 91498709
    ✅ [17] 91498709 🚗法拉利 328 GTS	汽油	2座	3185cc	棍波	1987	$1
    ✅ [17] 61123032 🚗豐田 Crown ATHLETE S HYBRID	混能	5座	249
    ✅ [17] 91498709 🚗豐田 VOXY HYBRID ZS FACELIFT NOAH	混能	
    ✅ [17] 61123032 🚗平治 GLC250 4MATIC AMG	汽油	5座	1991cc	自
    ✅ [17] 91498709 🚗豐田 VELLFIRE 2.5 FACELIFT ALPHARD	汽油
    ✅ [17] 44621498 🚗豐田 RACTIS	汽油	5座	1496cc	自動波	2014	$40
    ✅ [17] 91608108 🚗豐田 VOXY HYBRID	混能	7座	1800cc	自動波	201
    ✅ [17] 91608108 🚗豐田 Corolla SPORT HYBRID GZ	混能	5座	15
    ✅ [17] 91608108 🚗豐田 VELLFIRE 2.5 FACELIFT ALPHARD	汽油
    ✅ [17] 56047643 🚗豐田 VELLFIRE 3.5 ZG	汽油	7座	3500cc	自動波
    ✅ [17] 61312765 🚗豐田 VELLFIRE 2.5	汽油	7座	2500cc	自動波	20
    ✅ [17] 61395500 🚗豐田 VELLFIRE 2.5 MODELLISTA	汽油	7座	25
    ✅ [17] 91200853 🚗平治 E200 ESTATE	汽油	5座	1991cc	自動波	201
    ✅ [17] 60107171 🚗特斯拉 MODEL S 75D	電動	5座	158kW	自動波	201
    ✅ [17] 93101922 🚗鈴木 SOLIO BANDIT HYBRID	混能	5座	1242cc
  📄 爬取第 31 頁...
    ✅ [17] 91498709
    ✅ [17] 91498709
    ✅ [17] 91498709 🚗法拉利 328 GTS	汽油	2座	3185cc	棍波	1987	$1
    ✅ [17] 61123032 🚗豐田 Crown ATHLETE S HYBRID	混能	5座	249
    ✅ [17] 91498709 🚗豐田 VOXY HYBRID ZS FACELIFT NOAH	混能	
    ✅ [17] 61123032 🚗平治 GLC250 4MATIC AMG	汽油	5座	1991cc	自
    ✅ [17] 91498709 🚗豐田 VELLFIRE 2.5 FACELIFT ALPHARD	汽油
    ✅ [17] 44621498 🚗豐田 RACTIS	汽油	5座	1496cc	自動波	2014	$40
    ✅ [17] 91608108 🚗豐田 VOXY HYBRID	混能	7座	1800cc	自動波	201
    ✅ [17] 91608108 🚗豐田 Corolla SPORT HYBRID GZ	混能	5座	15
    ✅ [17] 91608108 🚗豐田 VELLFIRE 2.5 FACELIFT ALPHARD	汽油
    ✅ [17] 56047643 🚗豐田 VELLFIRE 3.5 ZG	汽油	7座	3500cc	自動波
    ✅ [17] 61312765 🚗豐田 VELLFIRE 2.5	汽油	7座	2500cc	自動波	20
    ✅ [17] 61395500 🚗豐田 VELLFIRE 2.5 MODELLISTA	汽油	7座	25
    ✅ [17] 91200853 🚗平治 E200 ESTATE	汽油	5座	1991cc	自動波	201
    ✅ [17] 60107171 🚗特斯拉 MODEL S 75D	電動	5座	158kW	自動波	201
    ✅ [17] 93101922 🚗鈴木 SOLIO BANDIT HYBRID	混能	5座	1242cc
  📄 爬取第 32 頁...
    ✅ [17] 91498709
    ✅ [17] 91498709
    ✅ [17] 91498709 🚗法拉利 328 GTS	汽油	2座	3185cc	棍波	1987	$1
    ✅ [17] 61123032 🚗豐田 Crown ATHLETE S HYBRID	混能	5座	249
    ✅ [17] 91498709 🚗豐田 VOXY HYBRID ZS FACELIFT NOAH	混能	
    ✅ [17] 61123032 🚗平治 GLC250 4MATIC AMG	汽油	5座	1991cc	自
    ✅ [17] 91498709 🚗豐田 VELLFIRE 2.5 FACELIFT ALPHARD	汽油
    ✅ [17] 44621498 🚗豐田 RACTIS	汽油	5座	1496cc	自動波	2014	$40
    ✅ [17] 91608108 🚗豐田 VOXY HYBRID	混能	7座	1800cc	自動波	201
    ✅ [17] 91608108 🚗豐田 Corolla SPORT HYBRID GZ	混能	5座	15
    ✅ [17] 91608108 🚗豐田 VELLFIRE 2.5 FACELIFT ALPHARD	汽油
    ✅ [17] 56047643 🚗豐田 VELLFIRE 3.5 ZG	汽油	7座	3500cc	自動波
    ✅ [17] 61312765 🚗豐田 VELLFIRE 2.5	汽油	7座	2500cc	自動波	20
    ✅ [17] 61395500 🚗豐田 VELLFIRE 2.5 MODELLISTA	汽油	7座	25
    ✅ [17] 91200853 🚗平治 E200 ESTATE	汽油	5座	1991cc	自動波	201
    ✅ [17] 60107171 🚗特斯拉 MODEL S 75D	電動	5座	158kW	自動波	201
    ✅ [17] 93101922 🚗鈴木 SOLIO BANDIT HYBRID	混能	5座	1242cc
  📄 爬取第 33 頁...
    ✅ [17] 91498709
    ✅ [17] 91498709
    ✅ [17] 91498709 🚗法拉利 328 GTS	汽油	2座	3185cc	棍波	1987	$1
    ✅ [17] 61123032 🚗豐田 Crown ATHLETE S HYBRID	混能	5座	249
    ✅ [17] 91498709 🚗豐田 VOXY HYBRID ZS FACELIFT NOAH	混能	
    ✅ [17] 61123032 🚗平治 GLC250 4MATIC AMG	汽油	5座	1991cc	自
    ✅ [17] 91498709 🚗豐田 VELLFIRE 2.5 FACELIFT ALPHARD	汽油
    ✅ [17] 44621498 🚗豐田 RACTIS	汽油	5座	1496cc	自動波	2014	$40
    ✅ [17] 91608108 🚗豐田 VOXY HYBRID	混能	7座	1800cc	自動波	201
    ✅ [17] 91608108 🚗豐田 Corolla SPORT HYBRID GZ	混能	5座	15
    ✅ [17] 91608108 🚗豐田 VELLFIRE 2.5 FACELIFT ALPHARD	汽油
    ✅ [17] 56047643 🚗豐田 VELLFIRE 3.5 ZG	汽油	7座	3500cc	自動波
    ✅ [17] 61312765 🚗豐田 VELLFIRE 2.5	汽油	7座	2500cc	自動波	20
    ✅ [17] 61395500 🚗豐田 VELLFIRE 2.5 MODELLISTA	汽油	7座	25
    ✅ [17] 91200853 🚗平治 E200 ESTATE	汽油	5座	1991cc	自動波	201
    ✅ [17] 60107171 🚗特斯拉 MODEL S 75D	電動	5座	158kW	自動波	201
    ✅ [17] 93101922 🚗鈴木 SOLIO BANDIT HYBRID	混能	5座	1242cc
  📄 爬取第 34 頁...
    ✅ [18] 91362339
    ✅ [19] 93832082 🚗本田 PCX160	汽油	2座	156cc	自動波	2021	$20,
    ✅ [20] 53907020 🚗豐田 VOXY HYBRID ZS FACELIFT NOAH	混能	
    ✅ [21] 53193655 🚗本田 NBOX CUSTOM Turbo JF3	汽油	4座	660c
    ✅ [22] 67388031 🚗豐田 VOXY HYBRID	混能	7座	1800cc	自動波	201
    ✅ [22] 91498709 🚗富豪 V40 T4 PLUS	汽油	5座	1596cc	自動波	201
    ✅ [22] 91498709 🚗富豪 V40 T4 PLUS	汽油	5座	1596cc	自動波	201
    ✅ [22] 91498709 🚗法拉利 328 GTS	汽油	2座	3185cc	棍波	1987	$1
    ✅ [22] 61123032 🚗豐田 Crown ATHLETE S HYBRID	混能	5座	249
    ✅ [22] 91498709 🚗豐田 VOXY HYBRID ZS FACELIFT NOAH	混能	
    ✅ [22] 61123032 🚗平治 GLC250 4MATIC AMG	汽油	5座	1991cc	自
    ✅ [22] 91498709 🚗豐田 VELLFIRE 2.5 FACELIFT ALPHARD	汽油
    ✅ [22] 44621498 🚗豐田 RACTIS	汽油	5座	1496cc	自動波	2014	$40
    ✅ [22] 91608108 🚗豐田 VOXY HYBRID	混能	7座	1800cc	自動波	201
    ✅ [22] 91608108 🚗豐田 Corolla SPORT HYBRID GZ	混能	5座	15
    ✅ [22] 91608108 🚗豐田 VELLFIRE 2.5 FACELIFT ALPHARD	汽油
    📊 進度: 22/100 條 (第 35 頁)
  📄 爬取第 35 頁...
    ✅ [22] 91362339
    ✅ [22] 93832082 🚗本田 PCX160	汽油	2座	156cc	自動波	2021	$20,
    ✅ [22] 53907020 🚗豐田 VOXY HYBRID ZS FACELIFT NOAH	混能	
    ✅ [22] 53193655 🚗本田 NBOX CUSTOM Turbo JF3	汽油	4座	660c
    ✅ [22] 67388031 🚗豐田 VOXY HYBRID	混能	7座	1800cc	自動波	201
    ✅ [22] 91498709 🚗富豪 V40 T4 PLUS	汽油	5座	1596cc	自動波	201
    ✅ [22] 91498709 🚗富豪 V40 T4 PLUS	汽油	5座	1596cc	自動波	201
    ✅ [22] 91498709 🚗法拉利 328 GTS	汽油	2座	3185cc	棍波	1987	$1
    ✅ [22] 61123032 🚗豐田 Crown ATHLETE S HYBRID	混能	5座	249
    ✅ [22] 91498709 🚗豐田 VOXY HYBRID ZS FACELIFT NOAH	混能	
    ✅ [22] 61123032 🚗平治 GLC250 4MATIC AMG	汽油	5座	1991cc	自
    ✅ [22] 91498709 🚗豐田 VELLFIRE 2.5 FACELIFT ALPHARD	汽油
    ✅ [22] 44621498 🚗豐田 RACTIS	汽油	5座	1496cc	自動波	2014	$40
    ✅ [22] 91608108 🚗豐田 VOXY HYBRID	混能	7座	1800cc	自動波	201
    ✅ [22] 91608108 🚗豐田 Corolla SPORT HYBRID GZ	混能	5座	15
    ✅ [22] 91608108 🚗豐田 VELLFIRE 2.5 FACELIFT ALPHARD	汽油
  📄 爬取第 36 頁...
    ✅ [22] 91362339
    ✅ [22] 93832082 🚗本田 PCX160	汽油	2座	156cc	自動波	2021	$20,
    ✅ [22] 53907020 🚗豐田 VOXY HYBRID ZS FACELIFT NOAH	混能	
    ✅ [22] 53193655 🚗本田 NBOX CUSTOM Turbo JF3	汽油	4座	660c
    ✅ [22] 67388031 🚗豐田 VOXY HYBRID	混能	7座	1800cc	自動波	201
    ✅ [22] 91498709 🚗富豪 V40 T4 PLUS	汽油	5座	1596cc	自動波	201
    ✅ [22] 91498709 🚗富豪 V40 T4 PLUS	汽油	5座	1596cc	自動波	201
    ✅ [22] 91498709 🚗法拉利 328 GTS	汽油	2座	3185cc	棍波	1987	$1
    ✅ [22] 61123032 🚗豐田 Crown ATHLETE S HYBRID	混能	5座	249
    ✅ [22] 91498709 🚗豐田 VOXY HYBRID ZS FACELIFT NOAH	混能	
    ✅ [22] 61123032 🚗平治 GLC250 4MATIC AMG	汽油	5座	1991cc	自
    ✅ [22] 91498709 🚗豐田 VELLFIRE 2.5 FACELIFT ALPHARD	汽油
    ✅ [22] 44621498 🚗豐田 RACTIS	汽油	5座	1496cc	自動波	2014	$40
    ✅ [22] 91608108 🚗豐田 VOXY HYBRID	混能	7座	1800cc	自動波	201
    ✅ [22] 91608108 🚗豐田 Corolla SPORT HYBRID GZ	混能	5座	15
    ✅ [22] 91608108 🚗豐田 VELLFIRE 2.5 FACELIFT ALPHARD	汽油
  📄 爬取第 37 頁...
    ✅ [22] 91362339
    ✅ [22] 93832082 🚗本田 PCX160	汽油	2座	156cc	自動波	2021	$20,
    ✅ [22] 53907020 🚗豐田 VOXY HYBRID ZS FACELIFT NOAH	混能	
    ✅ [22] 53193655 🚗本田 NBOX CUSTOM Turbo JF3	汽油	4座	660c
    ✅ [22] 67388031 🚗豐田 VOXY HYBRID	混能	7座	1800cc	自動波	201
    ✅ [22] 91498709 🚗富豪 V40 T4 PLUS	汽油	5座	1596cc	自動波	201
    ✅ [22] 91498709 🚗富豪 V40 T4 PLUS	汽油	5座	1596cc	自動波	201
    ✅ [22] 91498709 🚗法拉利 328 GTS	汽油	2座	3185cc	棍波	1987	$1
    ✅ [22] 61123032 🚗豐田 Crown ATHLETE S HYBRID	混能	5座	249
    ✅ [22] 91498709 🚗豐田 VOXY HYBRID ZS FACELIFT NOAH	混能	
    ✅ [22] 61123032 🚗平治 GLC250 4MATIC AMG	汽油	5座	1991cc	自
    ✅ [22] 91498709 🚗豐田 VELLFIRE 2.5 FACELIFT ALPHARD	汽油
    ✅ [22] 44621498 🚗豐田 RACTIS	汽油	5座	1496cc	自動波	2014	$40
    ✅ [22] 91608108 🚗豐田 VOXY HYBRID	混能	7座	1800cc	自動波	201
    ✅ [22] 91608108 🚗豐田 Corolla SPORT HYBRID GZ	混能	5座	15
    ✅ [22] 91608108 🚗豐田 VELLFIRE 2.5 FACELIFT ALPHARD	汽油
  📄 爬取第 38 頁...
    ✅ [22] 91362339
    ✅ [22] 93832082 🚗本田 PCX160	汽油	2座	156cc	自動波	2021	$20,
    ✅ [22] 53907020 🚗豐田 VOXY HYBRID ZS FACELIFT NOAH	混能	
    ✅ [22] 53193655 🚗本田 NBOX CUSTOM Turbo JF3	汽油	4座	660c
    ✅ [22] 67388031 🚗豐田 VOXY HYBRID	混能	7座	1800cc	自動波	201
    ✅ [22] 91498709 🚗富豪 V40 T4 PLUS	汽油	5座	1596cc	自動波	201
    ✅ [22] 91498709 🚗富豪 V40 T4 PLUS	汽油	5座	1596cc	自動波	201
    ✅ [22] 91498709 🚗法拉利 328 GTS	汽油	2座	3185cc	棍波	1987	$1
    ✅ [22] 61123032 🚗豐田 Crown ATHLETE S HYBRID	混能	5座	249
    ✅ [22] 91498709 🚗豐田 VOXY HYBRID ZS FACELIFT NOAH	混能	
    ✅ [22] 61123032 🚗平治 GLC250 4MATIC AMG	汽油	5座	1991cc	自
    ✅ [22] 91498709 🚗豐田 VELLFIRE 2.5 FACELIFT ALPHARD	汽油
    ✅ [22] 44621498 🚗豐田 RACTIS	汽油	5座	1496cc	自動波	2014	$40
    ✅ [22] 91608108 🚗豐田 VOXY HYBRID	混能	7座	1800cc	自動波	201
    ✅ [22] 91608108 🚗豐田 Corolla SPORT HYBRID GZ	混能	5座	15
    ✅ [22] 91608108 🚗豐田 VELLFIRE 2.5 FACELIFT ALPHARD	汽油
  📄 爬取第 39 頁...
    ✅ [22] 91362339
    ✅ [22] 93832082 🚗本田 PCX160	汽油	2座	156cc	自動波	2021	$20,
    ✅ [22] 53907020 🚗豐田 VOXY HYBRID ZS FACELIFT NOAH	混能	
    ✅ [22] 53193655 🚗本田 NBOX CUSTOM Turbo JF3	汽油	4座	660c
    ✅ [22] 67388031 🚗豐田 VOXY HYBRID	混能	7座	1800cc	自動波	201
    ✅ [22] 91498709 🚗富豪 V40 T4 PLUS	汽油	5座	1596cc	自動波	201
    ✅ [22] 91498709 🚗富豪 V40 T4 PLUS	汽油	5座	1596cc	自動波	201
    ✅ [22] 91498709 🚗法拉利 328 GTS	汽油	2座	3185cc	棍波	1987	$1
    ✅ [22] 61123032 🚗豐田 Crown ATHLETE S HYBRID	混能	5座	249
    ✅ [22] 91498709 🚗豐田 VOXY HYBRID ZS FACELIFT NOAH	混能	
    ✅ [22] 61123032 🚗平治 GLC250 4MATIC AMG	汽油	5座	1991cc	自
    ✅ [22] 91498709 🚗豐田 VELLFIRE 2.5 FACELIFT ALPHARD	汽油
    ✅ [22] 44621498 🚗豐田 RACTIS	汽油	5座	1496cc	自動波	2014	$40
    ✅ [22] 91608108 🚗豐田 VOXY HYBRID	混能	7座	1800cc	自動波	201
    ✅ [22] 91608108 🚗豐田 Corolla SPORT HYBRID GZ	混能	5座	15
    ✅ [22] 91608108 🚗豐田 VELLFIRE 2.5 FACELIFT ALPHARD	汽油
    📊 進度: 22/100 條 (第 40 頁)
  📄 爬取第 40 頁...
    ✅ [22] 91362339
    ✅ [22] 93832082 🚗本田 PCX160	汽油	2座	156cc	自動波	2021	$20,
    ✅ [22] 53907020 🚗豐田 VOXY HYBRID ZS FACELIFT NOAH	混能	
    ✅ [22] 53193655 🚗本田 NBOX CUSTOM Turbo JF3	汽油	4座	660c
    ✅ [22] 67388031 🚗豐田 VOXY HYBRID	混能	7座	1800cc	自動波	201
    ✅ [22] 91498709 🚗富豪 V40 T4 PLUS	汽油	5座	1596cc	自動波	201
    ✅ [22] 91498709 🚗富豪 V40 T4 PLUS	汽油	5座	1596cc	自動波	201
    ✅ [22] 91498709 🚗法拉利 328 GTS	汽油	2座	3185cc	棍波	1987	$1
    ✅ [22] 61123032 🚗豐田 Crown ATHLETE S HYBRID	混能	5座	249
    ✅ [22] 91498709 🚗豐田 VOXY HYBRID ZS FACELIFT NOAH	混能	
    ✅ [22] 61123032 🚗平治 GLC250 4MATIC AMG	汽油	5座	1991cc	自
    ✅ [22] 91498709 🚗豐田 VELLFIRE 2.5 FACELIFT ALPHARD	汽油
    ✅ [22] 44621498 🚗豐田 RACTIS	汽油	5座	1496cc	自動波	2014	$40
    ✅ [22] 91608108 🚗豐田 VOXY HYBRID	混能	7座	1800cc	自動波	201
    ✅ [22] 91608108 🚗豐田 Corolla SPORT HYBRID GZ	混能	5座	15
    ✅ [22] 91608108 🚗豐田 VELLFIRE 2.5 FACELIFT ALPHARD	汽油
  📄 爬取第 41 頁...
    ✅ [22] 91362339
    ✅ [22] 93832082 🚗本田 PCX160	汽油	2座	156cc	自動波	2021	$20,
    ✅ [22] 53907020 🚗豐田 VOXY HYBRID ZS FACELIFT NOAH	混能	
    ✅ [22] 53193655 🚗本田 NBOX CUSTOM Turbo JF3	汽油	4座	660c
    ✅ [22] 67388031 🚗豐田 VOXY HYBRID	混能	7座	1800cc	自動波	201
    ✅ [22] 91498709 🚗富豪 V40 T4 PLUS	汽油	5座	1596cc	自動波	201
    ✅ [22] 91498709 🚗富豪 V40 T4 PLUS	汽油	5座	1596cc	自動波	201
    ✅ [22] 91498709 🚗法拉利 328 GTS	汽油	2座	3185cc	棍波	1987	$1
    ✅ [22] 61123032 🚗豐田 Crown ATHLETE S HYBRID	混能	5座	249
    ✅ [22] 91498709 🚗豐田 VOXY HYBRID ZS FACELIFT NOAH	混能	
    ✅ [22] 61123032 🚗平治 GLC250 4MATIC AMG	汽油	5座	1991cc	自
    ✅ [22] 91498709 🚗豐田 VELLFIRE 2.5 FACELIFT ALPHARD	汽油
    ✅ [22] 44621498 🚗豐田 RACTIS	汽油	5座	1496cc	自動波	2014	$40
    ✅ [22] 91608108 🚗豐田 VOXY HYBRID	混能	7座	1800cc	自動波	201
    ✅ [22] 91608108 🚗豐田 Corolla SPORT HYBRID GZ	混能	5座	15
    ✅ [22] 91608108 🚗豐田 VELLFIRE 2.5 FACELIFT ALPHARD	汽油
  📄 爬取第 42 頁...
    ✅ [22] 91362339
    ✅ [22] 93832082 🚗本田 PCX160	汽油	2座	156cc	自動波	2021	$20,
    ✅ [22] 53907020 🚗豐田 VOXY HYBRID ZS FACELIFT NOAH	混能	
    ✅ [22] 53193655 🚗本田 NBOX CUSTOM Turbo JF3	汽油	4座	660c
    ✅ [22] 67388031 🚗豐田 VOXY HYBRID	混能	7座	1800cc	自動波	201
    ✅ [22] 91498709 🚗富豪 V40 T4 PLUS	汽油	5座	1596cc	自動波	201
    ✅ [22] 91498709 🚗富豪 V40 T4 PLUS	汽油	5座	1596cc	自動波	201
    ✅ [22] 91498709 🚗法拉利 328 GTS	汽油	2座	3185cc	棍波	1987	$1
    ✅ [22] 61123032 🚗豐田 Crown ATHLETE S HYBRID	混能	5座	249
    ✅ [22] 91498709 🚗豐田 VOXY HYBRID ZS FACELIFT NOAH	混能	
    ✅ [22] 61123032 🚗平治 GLC250 4MATIC AMG	汽油	5座	1991cc	自
    ✅ [22] 91498709 🚗豐田 VELLFIRE 2.5 FACELIFT ALPHARD	汽油
    ✅ [22] 44621498 🚗豐田 RACTIS	汽油	5座	1496cc	自動波	2014	$40
    ✅ [22] 91608108 🚗豐田 VOXY HYBRID	混能	7座	1800cc	自動波	201
    ✅ [22] 91608108 🚗豐田 Corolla SPORT HYBRID GZ	混能	5座	15
    ✅ [22] 91608108 🚗豐田 VELLFIRE 2.5 FACELIFT ALPHARD	汽油
  📄 爬取第 43 頁...
    ✅ [22] 91362339
    ✅ [22] 93832082 🚗本田 PCX160	汽油	2座	156cc	自動波	2021	$20,
    ✅ [22] 53907020 🚗豐田 VOXY HYBRID ZS FACELIFT NOAH	混能	
    ✅ [22] 53193655 🚗本田 NBOX CUSTOM Turbo JF3	汽油	4座	660c
    ✅ [22] 67388031 🚗豐田 VOXY HYBRID	混能	7座	1800cc	自動波	201
    ✅ [22] 91498709 🚗富豪 V40 T4 PLUS	汽油	5座	1596cc	自動波	201
    ✅ [22] 91498709 🚗富豪 V40 T4 PLUS	汽油	5座	1596cc	自動波	201
    ✅ [22] 91498709 🚗法拉利 328 GTS	汽油	2座	3185cc	棍波	1987	$1
    ✅ [22] 61123032 🚗豐田 Crown ATHLETE S HYBRID	混能	5座	249
    ✅ [22] 91498709 🚗豐田 VOXY HYBRID ZS FACELIFT NOAH	混能	
    ✅ [22] 61123032 🚗平治 GLC250 4MATIC AMG	汽油	5座	1991cc	自
    ✅ [22] 91498709 🚗豐田 VELLFIRE 2.5 FACELIFT ALPHARD	汽油
    ✅ [22] 44621498 🚗豐田 RACTIS	汽油	5座	1496cc	自動波	2014	$40
    ✅ [22] 91608108 🚗豐田 VOXY HYBRID	混能	7座	1800cc	自動波	201
    ✅ [22] 91608108 🚗豐田 Corolla SPORT HYBRID GZ	混能	5座	15
    ✅ [22] 91608108 🚗豐田 VELLFIRE 2.5 FACELIFT ALPHARD	汽油
  📄 爬取第 44 頁...
    ✅ [22] 91362339
    ✅ [22] 93832082 🚗本田 PCX160	汽油	2座	156cc	自動波	2021	$20,
    ✅ [22] 53907020 🚗豐田 VOXY HYBRID ZS FACELIFT NOAH	混能	
    ✅ [22] 53193655 🚗本田 NBOX CUSTOM Turbo JF3	汽油	4座	660c
    ✅ [22] 67388031 🚗豐田 VOXY HYBRID	混能	7座	1800cc	自動波	201
    ✅ [22] 91498709 🚗富豪 V40 T4 PLUS	汽油	5座	1596cc	自動波	201
    ✅ [22] 91498709 🚗富豪 V40 T4 PLUS	汽油	5座	1596cc	自動波	201
    ✅ [22] 91498709 🚗法拉利 328 GTS	汽油	2座	3185cc	棍波	1987	$1
    ✅ [22] 61123032 🚗豐田 Crown ATHLETE S HYBRID	混能	5座	249
    ✅ [22] 91498709 🚗豐田 VOXY HYBRID ZS FACELIFT NOAH	混能	
    ✅ [22] 61123032 🚗平治 GLC250 4MATIC AMG	汽油	5座	1991cc	自
    ✅ [22] 91498709 🚗豐田 VELLFIRE 2.5 FACELIFT ALPHARD	汽油
    ✅ [22] 44621498 🚗豐田 RACTIS	汽油	5座	1496cc	自動波	2014	$40
    ✅ [22] 91608108 🚗豐田 VOXY HYBRID	混能	7座	1800cc	自動波	201
    ✅ [22] 91608108 🚗豐田 Corolla SPORT HYBRID GZ	混能	5座	15
    ✅ [22] 91608108 🚗豐田 VELLFIRE 2.5 FACELIFT ALPHARD	汽油
    📊 進度: 22/100 條 (第 45 頁)
  📄 爬取第 45 頁...
    ✅ [22] 91362339
    ✅ [22] 93832082 🚗本田 PCX160	汽油	2座	156cc	自動波	2021	$20,
    ✅ [22] 53907020 🚗豐田 VOXY HYBRID ZS FACELIFT NOAH	混能	
    ✅ [22] 53193655 🚗本田 NBOX CUSTOM Turbo JF3	汽油	4座	660c
    ✅ [22] 67388031 🚗豐田 VOXY HYBRID	混能	7座	1800cc	自動波	201
    ✅ [22] 91498709 🚗富豪 V40 T4 PLUS	汽油	5座	1596cc	自動波	201
    ✅ [22] 91498709 🚗富豪 V40 T4 PLUS	汽油	5座	1596cc	自動波	201
    ✅ [22] 91498709 🚗法拉利 328 GTS	汽油	2座	3185cc	棍波	1987	$1
    ✅ [22] 61123032 🚗豐田 Crown ATHLETE S HYBRID	混能	5座	249
    ✅ [22] 91498709 🚗豐田 VOXY HYBRID ZS FACELIFT NOAH	混能	
    ✅ [22] 61123032 🚗平治 GLC250 4MATIC AMG	汽油	5座	1991cc	自
    ✅ [22] 91498709 🚗豐田 VELLFIRE 2.5 FACELIFT ALPHARD	汽油
    ✅ [22] 44621498 🚗豐田 RACTIS	汽油	5座	1496cc	自動波	2014	$40
    ✅ [22] 91608108 🚗豐田 VOXY HYBRID	混能	7座	1800cc	自動波	201
    ✅ [22] 91608108 🚗豐田 Corolla SPORT HYBRID GZ	混能	5座	15
    ✅ [22] 91608108 🚗豐田 VELLFIRE 2.5 FACELIFT ALPHARD	汽油
  📄 爬取第 46 頁...
    ✅ [23] 62749813
    ✅ [23] 62749813
    ✅ [23] 62749813
    ✅ [23] 62749813
    ✅ [24] 63433910
    ✅ [24] 91362339 🚗豐田 VOXY HYBRID ZS FACELIFT	混能	7座	18
    ✅ [24] 93832082 🚗本田 PCX160	汽油	2座	156cc	自動波	2021	$20,
    ✅ [24] 53907020 🚗豐田 VOXY HYBRID ZS FACELIFT NOAH	混能	
    ✅ [24] 53193655 🚗本田 NBOX CUSTOM Turbo JF3	汽油	4座	660c
    ✅ [24] 67388031 🚗豐田 VOXY HYBRID	混能	7座	1800cc	自動波	201
    ✅ [24] 91498709 🚗富豪 V40 T4 PLUS	汽油	5座	1596cc	自動波	201
    ✅ [24] 91498709 🚗富豪 V40 T4 PLUS	汽油	5座	1596cc	自動波	201
    ✅ [24] 91498709 🚗法拉利 328 GTS	汽油	2座	3185cc	棍波	1987	$1
    ✅ [24] 61123032 🚗豐田 Crown ATHLETE S HYBRID	混能	5座	249
    ✅ [24] 91498709 🚗豐田 VOXY HYBRID ZS FACELIFT NOAH	混能	
    ✅ [24] 61123032 🚗平治 GLC250 4MATIC AMG	汽油	5座	1991cc	自
    ✅ [24] 91498709 🚗豐田 VELLFIRE 2.5 FACELIFT ALPHARD	汽油
  📄 爬取第 47 頁...
    ✅ [24] 62749813
    ✅ [24] 62749813
    ✅ [24] 62749813
    ✅ [24] 62749813
    ✅ [24] 63433910
    ✅ [24] 91362339 🚗豐田 VOXY HYBRID ZS FACELIFT	混能	7座	18
    ✅ [24] 93832082 🚗本田 PCX160	汽油	2座	156cc	自動波	2021	$20,
    ✅ [24] 53907020 🚗豐田 VOXY HYBRID ZS FACELIFT NOAH	混能	
    ✅ [24] 53193655 🚗本田 NBOX CUSTOM Turbo JF3	汽油	4座	660c
    ✅ [24] 67388031 🚗豐田 VOXY HYBRID	混能	7座	1800cc	自動波	201
    ✅ [24] 91498709 🚗富豪 V40 T4 PLUS	汽油	5座	1596cc	自動波	201
    ✅ [24] 91498709 🚗富豪 V40 T4 PLUS	汽油	5座	1596cc	自動波	201
    ✅ [24] 91498709 🚗法拉利 328 GTS	汽油	2座	3185cc	棍波	1987	$1
    ✅ [24] 61123032 🚗豐田 Crown ATHLETE S HYBRID	混能	5座	249
    ✅ [24] 91498709 🚗豐田 VOXY HYBRID ZS FACELIFT NOAH	混能	
    ✅ [24] 61123032 🚗平治 GLC250 4MATIC AMG	汽油	5座	1991cc	自
    ✅ [24] 91498709 🚗豐田 VELLFIRE 2.5 FACELIFT ALPHARD	汽油
  📄 爬取第 48 頁...
    ✅ [24] 62749813
    ✅ [24] 62749813
    ✅ [24] 62749813
    ✅ [24] 62749813
    ✅ [24] 63433910
    ✅ [24] 91362339 🚗豐田 VOXY HYBRID ZS FACELIFT	混能	7座	18
    ✅ [24] 93832082 🚗本田 PCX160	汽油	2座	156cc	自動波	2021	$20,
    ✅ [24] 53907020 🚗豐田 VOXY HYBRID ZS FACELIFT NOAH	混能	
    ✅ [24] 53193655 🚗本田 NBOX CUSTOM Turbo JF3	汽油	4座	660c
    ✅ [24] 67388031 🚗豐田 VOXY HYBRID	混能	7座	1800cc	自動波	201
    ✅ [24] 91498709 🚗富豪 V40 T4 PLUS	汽油	5座	1596cc	自動波	201
    ✅ [24] 91498709 🚗富豪 V40 T4 PLUS	汽油	5座	1596cc	自動波	201
    ✅ [24] 91498709 🚗法拉利 328 GTS	汽油	2座	3185cc	棍波	1987	$1
    ✅ [24] 61123032 🚗豐田 Crown ATHLETE S HYBRID	混能	5座	249
    ✅ [24] 91498709 🚗豐田 VOXY HYBRID ZS FACELIFT NOAH	混能	
    ✅ [24] 61123032 🚗平治 GLC250 4MATIC AMG	汽油	5座	1991cc	自
    ✅ [24] 91498709 🚗豐田 VELLFIRE 2.5 FACELIFT ALPHARD	汽油
  📄 爬取第 49 頁...
    ✅ [24] 62749813
    ✅ [24] 62749813
    ✅ [24] 62749813
    ✅ [24] 62749813
    ✅ [24] 63433910
    ✅ [24] 91362339 🚗豐田 VOXY HYBRID ZS FACELIFT	混能	7座	18
    ✅ [24] 93832082 🚗本田 PCX160	汽油	2座	156cc	自動波	2021	$20,
    ✅ [24] 53907020 🚗豐田 VOXY HYBRID ZS FACELIFT NOAH	混能	
    ✅ [24] 53193655 🚗本田 NBOX CUSTOM Turbo JF3	汽油	4座	660c
    ✅ [24] 67388031 🚗豐田 VOXY HYBRID	混能	7座	1800cc	自動波	201
    ✅ [24] 91498709 🚗富豪 V40 T4 PLUS	汽油	5座	1596cc	自動波	201
    ✅ [24] 91498709 🚗富豪 V40 T4 PLUS	汽油	5座	1596cc	自動波	201
    ✅ [24] 91498709 🚗法拉利 328 GTS	汽油	2座	3185cc	棍波	1987	$1
    ✅ [24] 61123032 🚗豐田 Crown ATHLETE S HYBRID	混能	5座	249
    ✅ [24] 91498709 🚗豐田 VOXY HYBRID ZS FACELIFT NOAH	混能	
    ✅ [24] 61123032 🚗平治 GLC250 4MATIC AMG	汽油	5座	1991cc	自
    ✅ [24] 91498709 🚗豐田 VELLFIRE 2.5 FACELIFT ALPHARD	汽油
    📊 進度: 24/100 條 (第 50 頁)
  📄 爬取第 50 頁...
    ✅ [24] 62749813
    ✅ [24] 62749813
    ✅ [24] 62749813
    ✅ [24] 62749813
    ✅ [24] 63433910
    ✅ [24] 91362339 🚗豐田 VOXY HYBRID ZS FACELIFT	混能	7座	18
    ✅ [24] 93832082 🚗本田 PCX160	汽油	2座	156cc	自動波	2021	$20,
    ✅ [24] 53907020 🚗豐田 VOXY HYBRID ZS FACELIFT NOAH	混能	
    ✅ [24] 53193655 🚗本田 NBOX CUSTOM Turbo JF3	汽油	4座	660c
    ✅ [24] 67388031 🚗豐田 VOXY HYBRID	混能	7座	1800cc	自動波	201
    ✅ [24] 91498709 🚗富豪 V40 T4 PLUS	汽油	5座	1596cc	自動波	201
    ✅ [24] 91498709 🚗富豪 V40 T4 PLUS	汽油	5座	1596cc	自動波	201
    ✅ [24] 91498709 🚗法拉利 328 GTS	汽油	2座	3185cc	棍波	1987	$1
    ✅ [24] 61123032 🚗豐田 Crown ATHLETE S HYBRID	混能	5座	249
    ✅ [24] 91498709 🚗豐田 VOXY HYBRID ZS FACELIFT NOAH	混能	
    ✅ [24] 61123032 🚗平治 GLC250 4MATIC AMG	汽油	5座	1991cc	自
    ✅ [24] 91498709 🚗豐田 VELLFIRE 2.5 FACELIFT ALPHARD	汽油
    ⚠️ 已達最大頁數限制 (50 頁)，停止爬取

📊 28car 完成: 24 條

📘 啟動 Facebook 爬蟲...
❌ Facebook 瀏覽器啟動失敗: Message: session not created: cannot connect to chrome at 127.0.0.1:58578
from chrome not reachable; For documentation on this error, please visit: https://www.selenium.dev/documentation/webdriver/troubleshooting/errors#sessionnotcreatedexception
Stacktrace:
0   undetected_chromedriver             0x000000010a803f38 undetected_chromedriver + 6733624
1   undetected_chromedriver             0x000000010a7fb6ea undetected_chromedriver + 6698730
2   undetected_chromedriver             0x000000010a206790 undetected_chromedriver + 452496
3   undetected_chromedriver             0x000000010a1f1aa2 undetected_chromedriver + 367266
4   undetected_chromedriver             0x000000010a248d94 undetected_chromedriver + 724372
5   undetected_chromedriver             0x000000010a23dd89 undetected_chromedriver + 679305
6   undetected_chromedriver             0x000000010a28f3da undetected_chromedriver + 1012698
7   undetected_chromedriver             0x000000010a28ea9c undetected_chromedriver + 1010332
8   undetected_chromedriver             0x000000010a24d307 undetected_chromedriver + 742151
9   undetected_chromedriver             0x000000010a24e0e1 undetected_chromedriver + 745697
10  undetected_chromedriver             0x000000010a7bd76c undetected_chromedriver + 6444908
11  undetected_chromedriver             0x000000010a7c1b62 undetected_chromedriver + 6462306
12  undetected_chromedriver             0x000000010a79e93c undetected_chromedriver + 6318396
13  undetected_chromedriver             0x000000010a7c25b8 undetected_chromedriver + 6464952
14  undetected_chromedriver             0x000000010a78dce0 undetected_chromedriver + 6249696
15  undetected_chromedriver             0x000000010a7e87e8 undetected_chromedriver + 6621160
16  undetected_chromedriver             0x000000010a7e89a2 undetected_chromedriver + 6621602
17  undetected_chromedriver             0x000000010a7fb2f1 undetected_chromedriver + 6697713
18  libsystem_pthread.dylib             0x00007ff80b12ae05 _pthread_start + 115
19  libsystem_pthread.dylib             0x00007ff80b126857 thread_start + 15

📊 Facebook 完成: 0 條

======================================================================
📊 總計獲取: 24 條

✅ Excel 導出完成:
   📄 28car 資料: /Users/claw/Desktop/汽車保險潛客數據/本地_28car資料_20260325.xlsx
      - 28car電話: 24 條
   📄 全部資料: /Users/claw/Desktop/汽車保險潛客數據/本地_全部資料_20260325.xlsx (24 條)

📊 來源統計:
   - 28car: 24 條
   - Facebook: 0 條
     ├─ 帖子: 0 條
     ├─ 評論: 0 條
     └─ 含電話: 0 條
   - 合併去重後總計: 24 個電話
======================================================================
⚠️ 警告: 未達到目標 100 條，僅獲取 24 條
