/Users/claw/Library/Python/3.9/lib/python/site-packages/urllib3/__init__.py:35: NotOpenSSLWarning: urllib3 v2 only supports OpenSSL 1.1.1+, currently the 'ssl' module is compiled with 'LibreSSL 2.8.3'. See: https://github.com/urllib3/urllib3/issues/3020
  warnings.warn(
======================================================================
🤖 整合爬蟲系統 v2.0
======================================================================
🎯 目標: 100 條有效數據
📁 輸出: /Users/claw/Desktop/汽車保險潛客數據
⏰ 時間: 2026-03-22 23:12:37
======================================================================

🚗 啟動 28car.com 爬蟲...
  📄 爬取第 1 頁...
    ✅ [1] 63606036
    ✅ [2] 64789378 🚗豐田 ALPHARD 2.4 HYBRID	混能	7座	2362cc	
    ✅ [3] 63344772 🚗保時捷 MACAN S	汽油	5座	2997cc	自動波	2015	$
    ✅ [4] 53075743 🚗特斯拉 MODEL 3 LONG RANGE AWD	電動	5座	15
    ✅ [5] 98845529 🚗平治 CLA200 AMG	汽油	5座	1595cc	自動波	2016
    ✅ [6] 98683222 🚗平治 C200 AMG FL	汽油	5座	1497cc	自動波	201
    ✅ [7] 90632047 🚗豐田 Previa AERAS	汽油	7座	2400cc	自動波	20
    ✅ [8] 57134136 🚗平治 C43 AMG	汽油	5座	2996cc	自動波	2019	$2
    ✅ [9] 92861361 🚗豐田 NOAH	汽油	8座	1987cc	自動波	2011	$41,0
    ✅ [10] 69191323 🚗寶馬 218iA GRAN TOURER	汽油	7座	1499cc	自
    ✅ [10] 98683222 🚗豐田 ALPHARD 2.5 SC FACELIFT	汽油	7座	24
    ✅ [11] 51852407 🚗凌志 IS200T	汽油	5座	1998cc	自動波	2017	$68
    ✅ [11] 98683222 🚗凌志 IS200T	汽油	5座	1998cc	自動波	2017	$68
    ✅ [11] 98683222 🚗福士 GOLF 1.4 GT 280 TSI	汽油	5座	1400cc
    ✅ [12] 55250777 🚗日產 Z33 350Z	汽油	2座	3500cc	自動波	2003	$
    ✅ [12] 55250777 🚗特斯拉 MODEL Y SR RWD	電動	5座	88kW	自動波	2
    ✅ [12] 55250777 🚗保時捷 MACAN S	汽油	5座	3000cc	自動波	2016	$
    ✅ [12] 55250777 🚗特斯拉 MODEL 3 SR PLUS	電動	5座	88kW	自動波	
  📄 爬取第 2 頁...
    ✅ [12] 63606036
    ✅ [12] 64789378 🚗豐田 ALPHARD 2.4 HYBRID	混能	7座	2362cc	
    ✅ [12] 63344772 🚗保時捷 MACAN S	汽油	5座	2997cc	自動波	2015	$
    ✅ [12] 53075743 🚗特斯拉 MODEL 3 LONG RANGE AWD	電動	5座	15
    ✅ [12] 98845529 🚗平治 CLA200 AMG	汽油	5座	1595cc	自動波	2016
    ✅ [12] 98683222 🚗平治 C200 AMG FL	汽油	5座	1497cc	自動波	201
    ✅ [12] 90632047 🚗豐田 Previa AERAS	汽油	7座	2400cc	自動波	20
    ✅ [12] 57134136 🚗平治 C43 AMG	汽油	5座	2996cc	自動波	2019	$2
    ✅ [12] 92861361 🚗豐田 NOAH	汽油	8座	1987cc	自動波	2011	$41,0
    ✅ [12] 69191323 🚗寶馬 218iA GRAN TOURER	汽油	7座	1499cc	自
    ✅ [12] 98683222 🚗豐田 ALPHARD 2.5 SC FACELIFT	汽油	7座	24
    ✅ [12] 51852407 🚗凌志 IS200T	汽油	5座	1998cc	自動波	2017	$68
    ✅ [12] 98683222 🚗凌志 IS200T	汽油	5座	1998cc	自動波	2017	$68
    ✅ [12] 98683222 🚗福士 GOLF 1.4 GT 280 TSI	汽油	5座	1400cc
    ✅ [12] 55250777 🚗日產 Z33 350Z	汽油	2座	3500cc	自動波	2003	$
    ✅ [12] 55250777 🚗特斯拉 MODEL Y SR RWD	電動	5座	88kW	自動波	2
    ✅ [12] 55250777 🚗保時捷 MACAN S	汽油	5座	3000cc	自動波	2016	$
    ✅ [12] 55250777 🚗特斯拉 MODEL 3 SR PLUS	電動	5座	88kW	自動波	
  📄 爬取第 3 頁...
    ✅ [13] 91477612 🚗保時捷 TAYCAN	電動	5座	120kW	自動波	2024	$86
    ✅ [13] 63606036 🚗平治 C200 AMG LINE	汽油	5座	1991cc	自動波	2
    ✅ [13] 64789378 🚗豐田 ALPHARD 2.4 HYBRID	混能	7座	2362cc	
    ✅ [13] 63344772 🚗保時捷 MACAN S	汽油	5座	2997cc	自動波	2015	$
    ✅ [13] 53075743 🚗特斯拉 MODEL 3 LONG RANGE AWD	電動	5座	15
    ✅ [13] 98845529 🚗平治 CLA200 AMG	汽油	5座	1595cc	自動波	2016
    ✅ [13] 98683222 🚗平治 C200 AMG FL	汽油	5座	1497cc	自動波	201
    ✅ [13] 90632047 🚗豐田 Previa AERAS	汽油	7座	2400cc	自動波	20
    ✅ [13] 57134136 🚗平治 C43 AMG	汽油	5座	2996cc	自動波	2019	$2
    ✅ [13] 92861361 🚗豐田 NOAH	汽油	8座	1987cc	自動波	2011	$41,0
    ✅ [13] 69191323 🚗寶馬 218iA GRAN TOURER	汽油	7座	1499cc	自
    ✅ [13] 98683222 🚗豐田 ALPHARD 2.5 SC FACELIFT	汽油	7座	24
    ✅ [13] 51852407 🚗凌志 IS200T	汽油	5座	1998cc	自動波	2017	$68
    ✅ [13] 98683222 🚗凌志 IS200T	汽油	5座	1998cc	自動波	2017	$68
    ✅ [13] 98683222 🚗福士 GOLF 1.4 GT 280 TSI	汽油	5座	1400cc
    ✅ [13] 55250777 🚗日產 Z33 350Z	汽油	2座	3500cc	自動波	2003	$
    ✅ [13] 55250777 🚗特斯拉 MODEL Y SR RWD	電動	5座	88kW	自動波	2
  📄 爬取第 4 頁...
    ✅ [13] 91477612 🚗保時捷 TAYCAN	電動	5座	120kW	自動波	2024	$86
    ✅ [13] 63606036 🚗平治 C200 AMG LINE	汽油	5座	1991cc	自動波	2
    ✅ [13] 64789378 🚗豐田 ALPHARD 2.4 HYBRID	混能	7座	2362cc	
    ✅ [13] 63344772 🚗保時捷 MACAN S	汽油	5座	2997cc	自動波	2015	$
    ✅ [13] 53075743 🚗特斯拉 MODEL 3 LONG RANGE AWD	電動	5座	15
    ✅ [13] 98845529 🚗平治 CLA200 AMG	汽油	5座	1595cc	自動波	2016
    ✅ [13] 98683222 🚗平治 C200 AMG FL	汽油	5座	1497cc	自動波	201
    ✅ [13] 90632047 🚗豐田 Previa AERAS	汽油	7座	2400cc	自動波	20
    ✅ [13] 57134136 🚗平治 C43 AMG	汽油	5座	2996cc	自動波	2019	$2
    ✅ [13] 92861361 🚗豐田 NOAH	汽油	8座	1987cc	自動波	2011	$41,0
    ✅ [13] 69191323 🚗寶馬 218iA GRAN TOURER	汽油	7座	1499cc	自
    ✅ [13] 98683222 🚗豐田 ALPHARD 2.5 SC FACELIFT	汽油	7座	24
    ✅ [13] 51852407 🚗凌志 IS200T	汽油	5座	1998cc	自動波	2017	$68
    ✅ [13] 98683222 🚗凌志 IS200T	汽油	5座	1998cc	自動波	2017	$68
    ✅ [13] 98683222 🚗福士 GOLF 1.4 GT 280 TSI	汽油	5座	1400cc
    ✅ [13] 55250777 🚗日產 Z33 350Z	汽油	2座	3500cc	自動波	2003	$
    ✅ [13] 55250777 🚗特斯拉 MODEL Y SR RWD	電動	5座	88kW	自動波	2
    📊 進度: 13/100 條 (第 5 頁)
  📄 爬取第 5 頁...
    ✅ [13] 91477612 🚗保時捷 TAYCAN	電動	5座	120kW	自動波	2024	$86
    ✅ [13] 63606036 🚗平治 C200 AMG LINE	汽油	5座	1991cc	自動波	2
    ✅ [13] 64789378 🚗豐田 ALPHARD 2.4 HYBRID	混能	7座	2362cc	
    ✅ [13] 63344772 🚗保時捷 MACAN S	汽油	5座	2997cc	自動波	2015	$
    ✅ [13] 53075743 🚗特斯拉 MODEL 3 LONG RANGE AWD	電動	5座	15
    ✅ [13] 98845529 🚗平治 CLA200 AMG	汽油	5座	1595cc	自動波	2016
    ✅ [13] 98683222 🚗平治 C200 AMG FL	汽油	5座	1497cc	自動波	201
    ✅ [13] 90632047 🚗豐田 Previa AERAS	汽油	7座	2400cc	自動波	20
    ✅ [13] 57134136 🚗平治 C43 AMG	汽油	5座	2996cc	自動波	2019	$2
    ✅ [13] 92861361 🚗豐田 NOAH	汽油	8座	1987cc	自動波	2011	$41,0
    ✅ [13] 69191323 🚗寶馬 218iA GRAN TOURER	汽油	7座	1499cc	自
    ✅ [13] 98683222 🚗豐田 ALPHARD 2.5 SC FACELIFT	汽油	7座	24
    ✅ [13] 51852407 🚗凌志 IS200T	汽油	5座	1998cc	自動波	2017	$68
    ✅ [13] 98683222 🚗凌志 IS200T	汽油	5座	1998cc	自動波	2017	$68
    ✅ [13] 98683222 🚗福士 GOLF 1.4 GT 280 TSI	汽油	5座	1400cc
    ✅ [13] 55250777 🚗日產 Z33 350Z	汽油	2座	3500cc	自動波	2003	$
    ✅ [13] 55250777 🚗特斯拉 MODEL Y SR RWD	電動	5座	88kW	自動波	2
  📄 爬取第 6 頁...
    ✅ [13] 91477612 🚗保時捷 TAYCAN	電動	5座	120kW	自動波	2024	$86
    ✅ [13] 63606036 🚗平治 C200 AMG LINE	汽油	5座	1991cc	自動波	2
    ✅ [13] 64789378 🚗豐田 ALPHARD 2.4 HYBRID	混能	7座	2362cc	
    ✅ [13] 63344772 🚗保時捷 MACAN S	汽油	5座	2997cc	自動波	2015	$
    ✅ [13] 53075743 🚗特斯拉 MODEL 3 LONG RANGE AWD	電動	5座	15
    ✅ [13] 98845529 🚗平治 CLA200 AMG	汽油	5座	1595cc	自動波	2016
    ✅ [13] 98683222 🚗平治 C200 AMG FL	汽油	5座	1497cc	自動波	201
    ✅ [13] 90632047 🚗豐田 Previa AERAS	汽油	7座	2400cc	自動波	20
    ✅ [13] 57134136 🚗平治 C43 AMG	汽油	5座	2996cc	自動波	2019	$2
    ✅ [13] 92861361 🚗豐田 NOAH	汽油	8座	1987cc	自動波	2011	$41,0
    ✅ [13] 69191323 🚗寶馬 218iA GRAN TOURER	汽油	7座	1499cc	自
    ✅ [13] 98683222 🚗豐田 ALPHARD 2.5 SC FACELIFT	汽油	7座	24
    ✅ [13] 51852407 🚗凌志 IS200T	汽油	5座	1998cc	自動波	2017	$68
    ✅ [13] 98683222 🚗凌志 IS200T	汽油	5座	1998cc	自動波	2017	$68
    ✅ [13] 98683222 🚗福士 GOLF 1.4 GT 280 TSI	汽油	5座	1400cc
    ✅ [13] 55250777 🚗日產 Z33 350Z	汽油	2座	3500cc	自動波	2003	$
    ✅ [13] 55250777 🚗特斯拉 MODEL Y SR RWD	電動	5座	88kW	自動波	2
  📄 爬取第 7 頁...
    ✅ [13] 91477612 🚗保時捷 TAYCAN	電動	5座	120kW	自動波	2024	$86
    ✅ [13] 63606036 🚗平治 C200 AMG LINE	汽油	5座	1991cc	自動波	2
    ✅ [13] 64789378 🚗豐田 ALPHARD 2.4 HYBRID	混能	7座	2362cc	
    ✅ [13] 63344772 🚗保時捷 MACAN S	汽油	5座	2997cc	自動波	2015	$
    ✅ [13] 53075743 🚗特斯拉 MODEL 3 LONG RANGE AWD	電動	5座	15
    ✅ [13] 98845529 🚗平治 CLA200 AMG	汽油	5座	1595cc	自動波	2016
    ✅ [13] 98683222 🚗平治 C200 AMG FL	汽油	5座	1497cc	自動波	201
    ✅ [13] 90632047 🚗豐田 Previa AERAS	汽油	7座	2400cc	自動波	20
    ✅ [13] 57134136 🚗平治 C43 AMG	汽油	5座	2996cc	自動波	2019	$2
    ✅ [13] 92861361 🚗豐田 NOAH	汽油	8座	1987cc	自動波	2011	$41,0
    ✅ [13] 69191323 🚗寶馬 218iA GRAN TOURER	汽油	7座	1499cc	自
    ✅ [13] 98683222 🚗豐田 ALPHARD 2.5 SC FACELIFT	汽油	7座	24
    ✅ [13] 51852407 🚗凌志 IS200T	汽油	5座	1998cc	自動波	2017	$68
    ✅ [13] 98683222 🚗凌志 IS200T	汽油	5座	1998cc	自動波	2017	$68
    ✅ [13] 98683222 🚗福士 GOLF 1.4 GT 280 TSI	汽油	5座	1400cc
    ✅ [13] 55250777 🚗日產 Z33 350Z	汽油	2座	3500cc	自動波	2003	$
    ✅ [13] 55250777 🚗特斯拉 MODEL Y SR RWD	電動	5座	88kW	自動波	2
  📄 爬取第 8 頁...
    ✅ [13] 91477612 🚗保時捷 TAYCAN	電動	5座	120kW	自動波	2024	$86
    ✅ [13] 63606036 🚗平治 C200 AMG LINE	汽油	5座	1991cc	自動波	2
    ✅ [13] 64789378 🚗豐田 ALPHARD 2.4 HYBRID	混能	7座	2362cc	
    ✅ [13] 63344772 🚗保時捷 MACAN S	汽油	5座	2997cc	自動波	2015	$
    ✅ [13] 53075743 🚗特斯拉 MODEL 3 LONG RANGE AWD	電動	5座	15
    ✅ [13] 98845529 🚗平治 CLA200 AMG	汽油	5座	1595cc	自動波	2016
    ✅ [13] 98683222 🚗平治 C200 AMG FL	汽油	5座	1497cc	自動波	201
    ✅ [13] 90632047 🚗豐田 Previa AERAS	汽油	7座	2400cc	自動波	20
    ✅ [13] 57134136 🚗平治 C43 AMG	汽油	5座	2996cc	自動波	2019	$2
    ✅ [13] 92861361 🚗豐田 NOAH	汽油	8座	1987cc	自動波	2011	$41,0
    ✅ [13] 69191323 🚗寶馬 218iA GRAN TOURER	汽油	7座	1499cc	自
    ✅ [13] 98683222 🚗豐田 ALPHARD 2.5 SC FACELIFT	汽油	7座	24
    ✅ [13] 51852407 🚗凌志 IS200T	汽油	5座	1998cc	自動波	2017	$68
    ✅ [13] 98683222 🚗凌志 IS200T	汽油	5座	1998cc	自動波	2017	$68
    ✅ [13] 98683222 🚗福士 GOLF 1.4 GT 280 TSI	汽油	5座	1400cc
    ✅ [13] 55250777 🚗日產 Z33 350Z	汽油	2座	3500cc	自動波	2003	$
    ✅ [13] 55250777 🚗特斯拉 MODEL Y SR RWD	電動	5座	88kW	自動波	2
  📄 爬取第 9 頁...
    ✅ [13] 91477612 🚗保時捷 TAYCAN	電動	5座	120kW	自動波	2024	$86
    ✅ [13] 63606036 🚗平治 C200 AMG LINE	汽油	5座	1991cc	自動波	2
    ✅ [13] 64789378 🚗豐田 ALPHARD 2.4 HYBRID	混能	7座	2362cc	
    ✅ [13] 63344772 🚗保時捷 MACAN S	汽油	5座	2997cc	自動波	2015	$
    ✅ [13] 53075743 🚗特斯拉 MODEL 3 LONG RANGE AWD	電動	5座	15
    ✅ [13] 98845529 🚗平治 CLA200 AMG	汽油	5座	1595cc	自動波	2016
    ✅ [13] 98683222 🚗平治 C200 AMG FL	汽油	5座	1497cc	自動波	201
    ✅ [13] 90632047 🚗豐田 Previa AERAS	汽油	7座	2400cc	自動波	20
    ✅ [13] 57134136 🚗平治 C43 AMG	汽油	5座	2996cc	自動波	2019	$2
    ✅ [13] 92861361 🚗豐田 NOAH	汽油	8座	1987cc	自動波	2011	$41,0
    ✅ [13] 69191323 🚗寶馬 218iA GRAN TOURER	汽油	7座	1499cc	自
    ✅ [13] 98683222 🚗豐田 ALPHARD 2.5 SC FACELIFT	汽油	7座	24
    ✅ [13] 51852407 🚗凌志 IS200T	汽油	5座	1998cc	自動波	2017	$68
    ✅ [13] 98683222 🚗凌志 IS200T	汽油	5座	1998cc	自動波	2017	$68
    ✅ [13] 98683222 🚗福士 GOLF 1.4 GT 280 TSI	汽油	5座	1400cc
    ✅ [13] 55250777 🚗日產 Z33 350Z	汽油	2座	3500cc	自動波	2003	$
    ✅ [13] 55250777 🚗特斯拉 MODEL Y SR RWD	電動	5座	88kW	自動波	2
    📊 進度: 13/100 條 (第 10 頁)
  📄 爬取第 10 頁...
    ✅ [13] 91477612 🚗保時捷 TAYCAN	電動	5座	120kW	自動波	2024	$86
    ✅ [13] 63606036 🚗平治 C200 AMG LINE	汽油	5座	1991cc	自動波	2
    ✅ [13] 64789378 🚗豐田 ALPHARD 2.4 HYBRID	混能	7座	2362cc	
    ✅ [13] 63344772 🚗保時捷 MACAN S	汽油	5座	2997cc	自動波	2015	$
    ✅ [13] 53075743 🚗特斯拉 MODEL 3 LONG RANGE AWD	電動	5座	15
    ✅ [13] 98845529 🚗平治 CLA200 AMG	汽油	5座	1595cc	自動波	2016
    ✅ [13] 98683222 🚗平治 C200 AMG FL	汽油	5座	1497cc	自動波	201
    ✅ [13] 90632047 🚗豐田 Previa AERAS	汽油	7座	2400cc	自動波	20
    ✅ [13] 57134136 🚗平治 C43 AMG	汽油	5座	2996cc	自動波	2019	$2
    ✅ [13] 92861361 🚗豐田 NOAH	汽油	8座	1987cc	自動波	2011	$41,0
    ✅ [13] 69191323 🚗寶馬 218iA GRAN TOURER	汽油	7座	1499cc	自
    ✅ [13] 98683222 🚗豐田 ALPHARD 2.5 SC FACELIFT	汽油	7座	24
    ✅ [13] 51852407 🚗凌志 IS200T	汽油	5座	1998cc	自動波	2017	$68
    ✅ [13] 98683222 🚗凌志 IS200T	汽油	5座	1998cc	自動波	2017	$68
    ✅ [13] 98683222 🚗福士 GOLF 1.4 GT 280 TSI	汽油	5座	1400cc
    ✅ [13] 55250777 🚗日產 Z33 350Z	汽油	2座	3500cc	自動波	2003	$
    ✅ [13] 55250777 🚗特斯拉 MODEL Y SR RWD	電動	5座	88kW	自動波	2
  📄 爬取第 11 頁...
    ✅ [13] 91477612 🚗保時捷 TAYCAN	電動	5座	120kW	自動波	2024	$86
    ✅ [13] 63606036 🚗平治 C200 AMG LINE	汽油	5座	1991cc	自動波	2
    ✅ [13] 64789378 🚗豐田 ALPHARD 2.4 HYBRID	混能	7座	2362cc	
    ✅ [13] 63344772 🚗保時捷 MACAN S	汽油	5座	2997cc	自動波	2015	$
    ✅ [13] 53075743 🚗特斯拉 MODEL 3 LONG RANGE AWD	電動	5座	15
    ✅ [13] 98845529 🚗平治 CLA200 AMG	汽油	5座	1595cc	自動波	2016
    ✅ [13] 98683222 🚗平治 C200 AMG FL	汽油	5座	1497cc	自動波	201
    ✅ [13] 90632047 🚗豐田 Previa AERAS	汽油	7座	2400cc	自動波	20
    ✅ [13] 57134136 🚗平治 C43 AMG	汽油	5座	2996cc	自動波	2019	$2
    ✅ [13] 92861361 🚗豐田 NOAH	汽油	8座	1987cc	自動波	2011	$41,0
    ✅ [13] 69191323 🚗寶馬 218iA GRAN TOURER	汽油	7座	1499cc	自
    ✅ [13] 98683222 🚗豐田 ALPHARD 2.5 SC FACELIFT	汽油	7座	24
    ✅ [13] 51852407 🚗凌志 IS200T	汽油	5座	1998cc	自動波	2017	$68
    ✅ [13] 98683222 🚗凌志 IS200T	汽油	5座	1998cc	自動波	2017	$68
    ✅ [13] 98683222 🚗福士 GOLF 1.4 GT 280 TSI	汽油	5座	1400cc
    ✅ [13] 55250777 🚗日產 Z33 350Z	汽油	2座	3500cc	自動波	2003	$
    ✅ [13] 55250777 🚗特斯拉 MODEL Y SR RWD	電動	5座	88kW	自動波	2
  📄 爬取第 12 頁...
    ✅ [13] 91477612 🚗保時捷 TAYCAN	電動	5座	120kW	自動波	2024	$86
    ✅ [13] 63606036 🚗平治 C200 AMG LINE	汽油	5座	1991cc	自動波	2
    ✅ [13] 64789378 🚗豐田 ALPHARD 2.4 HYBRID	混能	7座	2362cc	
    ✅ [13] 63344772 🚗保時捷 MACAN S	汽油	5座	2997cc	自動波	2015	$
    ✅ [13] 53075743 🚗特斯拉 MODEL 3 LONG RANGE AWD	電動	5座	15
    ✅ [13] 98845529 🚗平治 CLA200 AMG	汽油	5座	1595cc	自動波	2016
    ✅ [13] 98683222 🚗平治 C200 AMG FL	汽油	5座	1497cc	自動波	201
    ✅ [13] 90632047 🚗豐田 Previa AERAS	汽油	7座	2400cc	自動波	20
    ✅ [13] 57134136 🚗平治 C43 AMG	汽油	5座	2996cc	自動波	2019	$2
    ✅ [13] 92861361 🚗豐田 NOAH	汽油	8座	1987cc	自動波	2011	$41,0
    ✅ [13] 69191323 🚗寶馬 218iA GRAN TOURER	汽油	7座	1499cc	自
    ✅ [13] 98683222 🚗豐田 ALPHARD 2.5 SC FACELIFT	汽油	7座	24
    ✅ [13] 51852407 🚗凌志 IS200T	汽油	5座	1998cc	自動波	2017	$68
    ✅ [13] 98683222 🚗凌志 IS200T	汽油	5座	1998cc	自動波	2017	$68
    ✅ [13] 98683222 🚗福士 GOLF 1.4 GT 280 TSI	汽油	5座	1400cc
    ✅ [13] 55250777 🚗日產 Z33 350Z	汽油	2座	3500cc	自動波	2003	$
    ✅ [13] 55250777 🚗特斯拉 MODEL Y SR RWD	電動	5座	88kW	自動波	2
  📄 爬取第 13 頁...
    ✅ [13] 91477612 🚗保時捷 TAYCAN	電動	5座	120kW	自動波	2024	$86
    ✅ [13] 63606036 🚗平治 C200 AMG LINE	汽油	5座	1991cc	自動波	2
    ✅ [13] 64789378 🚗豐田 ALPHARD 2.4 HYBRID	混能	7座	2362cc	
    ✅ [13] 63344772 🚗保時捷 MACAN S	汽油	5座	2997cc	自動波	2015	$
    ✅ [13] 53075743 🚗特斯拉 MODEL 3 LONG RANGE AWD	電動	5座	15
    ✅ [13] 98845529 🚗平治 CLA200 AMG	汽油	5座	1595cc	自動波	2016
    ✅ [13] 98683222 🚗平治 C200 AMG FL	汽油	5座	1497cc	自動波	201
    ✅ [13] 90632047 🚗豐田 Previa AERAS	汽油	7座	2400cc	自動波	20
    ✅ [13] 57134136 🚗平治 C43 AMG	汽油	5座	2996cc	自動波	2019	$2
    ✅ [13] 92861361 🚗豐田 NOAH	汽油	8座	1987cc	自動波	2011	$41,0
    ✅ [13] 69191323 🚗寶馬 218iA GRAN TOURER	汽油	7座	1499cc	自
    ✅ [13] 98683222 🚗豐田 ALPHARD 2.5 SC FACELIFT	汽油	7座	24
    ✅ [13] 51852407 🚗凌志 IS200T	汽油	5座	1998cc	自動波	2017	$68
    ✅ [13] 98683222 🚗凌志 IS200T	汽油	5座	1998cc	自動波	2017	$68
    ✅ [13] 98683222 🚗福士 GOLF 1.4 GT 280 TSI	汽油	5座	1400cc
    ✅ [13] 55250777 🚗日產 Z33 350Z	汽油	2座	3500cc	自動波	2003	$
    ✅ [13] 55250777 🚗特斯拉 MODEL Y SR RWD	電動	5座	88kW	自動波	2
  📄 爬取第 14 頁...
    ✅ [13] 91477612 🚗保時捷 TAYCAN	電動	5座	120kW	自動波	2024	$86
    ✅ [13] 63606036 🚗平治 C200 AMG LINE	汽油	5座	1991cc	自動波	2
    ✅ [13] 64789378 🚗豐田 ALPHARD 2.4 HYBRID	混能	7座	2362cc	
    ✅ [13] 63344772 🚗保時捷 MACAN S	汽油	5座	2997cc	自動波	2015	$
    ✅ [13] 53075743 🚗特斯拉 MODEL 3 LONG RANGE AWD	電動	5座	15
    ✅ [13] 98845529 🚗平治 CLA200 AMG	汽油	5座	1595cc	自動波	2016
    ✅ [13] 98683222 🚗平治 C200 AMG FL	汽油	5座	1497cc	自動波	201
    ✅ [13] 90632047 🚗豐田 Previa AERAS	汽油	7座	2400cc	自動波	20
    ✅ [13] 57134136 🚗平治 C43 AMG	汽油	5座	2996cc	自動波	2019	$2
    ✅ [13] 92861361 🚗豐田 NOAH	汽油	8座	1987cc	自動波	2011	$41,0
    ✅ [13] 69191323 🚗寶馬 218iA GRAN TOURER	汽油	7座	1499cc	自
    ✅ [13] 98683222 🚗豐田 ALPHARD 2.5 SC FACELIFT	汽油	7座	24
    ✅ [13] 51852407 🚗凌志 IS200T	汽油	5座	1998cc	自動波	2017	$68
    ✅ [13] 98683222 🚗凌志 IS200T	汽油	5座	1998cc	自動波	2017	$68
    ✅ [13] 98683222 🚗福士 GOLF 1.4 GT 280 TSI	汽油	5座	1400cc
    ✅ [13] 55250777 🚗日產 Z33 350Z	汽油	2座	3500cc	自動波	2003	$
    ✅ [13] 55250777 🚗特斯拉 MODEL Y SR RWD	電動	5座	88kW	自動波	2
    📊 進度: 13/100 條 (第 15 頁)
  📄 爬取第 15 頁...
    ✅ [14] 94380418
    ✅ [15] 93832082 🚗豐田 SIENTA HYBRID	混能	7座	1500cc	自動波	2
    ✅ [16] 61866889 🚗豐田 VELLFIRE 2.5 FACELIFT	汽油	7座	2500
    ✅ [16] 93832082 🚗三菱 OUTLANDER	汽油	7座	2000cc	自動波	2017	
    ✅ [17] 98580135 🚗豐田 VOXY HYBRID ZS FACELIFT NOAH	混能	
    ✅ [17] 91477612 🚗保時捷 TAYCAN	電動	5座	120kW	自動波	2024	$86
    ✅ [17] 63606036 🚗平治 C200 AMG LINE	汽油	5座	1991cc	自動波	2
    ✅ [17] 64789378 🚗豐田 ALPHARD 2.4 HYBRID	混能	7座	2362cc	
    ✅ [17] 63344772 🚗保時捷 MACAN S	汽油	5座	2997cc	自動波	2015	$
    ✅ [17] 53075743 🚗特斯拉 MODEL 3 LONG RANGE AWD	電動	5座	15
    ✅ [17] 98845529 🚗平治 CLA200 AMG	汽油	5座	1595cc	自動波	2016
    ✅ [17] 98683222 🚗平治 C200 AMG FL	汽油	5座	1497cc	自動波	201
    ✅ [17] 90632047 🚗豐田 Previa AERAS	汽油	7座	2400cc	自動波	20
    ✅ [17] 57134136 🚗平治 C43 AMG	汽油	5座	2996cc	自動波	2019	$2
    ✅ [17] 92861361 🚗豐田 NOAH	汽油	8座	1987cc	自動波	2011	$41,0
    ✅ [17] 69191323 🚗寶馬 218iA GRAN TOURER	汽油	7座	1499cc	自
    ✅ [17] 98683222 🚗豐田 ALPHARD 2.5 SC FACELIFT	汽油	7座	24
    ✅ [17] 51852407 🚗凌志 IS200T	汽油	5座	1998cc	自動波	2017	$68
    ✅ [17] 98683222 🚗凌志 IS200T	汽油	5座	1998cc	自動波	2017	$68
  📄 爬取第 16 頁...
    ✅ [17] 94380418
    ✅ [17] 93832082 🚗豐田 SIENTA HYBRID	混能	7座	1500cc	自動波	2
    ✅ [17] 61866889 🚗豐田 VELLFIRE 2.5 FACELIFT	汽油	7座	2500
    ✅ [17] 93832082 🚗三菱 OUTLANDER	汽油	7座	2000cc	自動波	2017	
    ✅ [17] 98580135 🚗豐田 VOXY HYBRID ZS FACELIFT NOAH	混能	
    ✅ [17] 91477612 🚗保時捷 TAYCAN	電動	5座	120kW	自動波	2024	$86
    ✅ [17] 63606036 🚗平治 C200 AMG LINE	汽油	5座	1991cc	自動波	2
    ✅ [17] 64789378 🚗豐田 ALPHARD 2.4 HYBRID	混能	7座	2362cc	
    ✅ [17] 63344772 🚗保時捷 MACAN S	汽油	5座	2997cc	自動波	2015	$
    ✅ [17] 53075743 🚗特斯拉 MODEL 3 LONG RANGE AWD	電動	5座	15
    ✅ [17] 98845529 🚗平治 CLA200 AMG	汽油	5座	1595cc	自動波	2016
    ✅ [17] 98683222 🚗平治 C200 AMG FL	汽油	5座	1497cc	自動波	201
    ✅ [17] 90632047 🚗豐田 Previa AERAS	汽油	7座	2400cc	自動波	20
    ✅ [17] 57134136 🚗平治 C43 AMG	汽油	5座	2996cc	自動波	2019	$2
    ✅ [17] 92861361 🚗豐田 NOAH	汽油	8座	1987cc	自動波	2011	$41,0
    ✅ [17] 69191323 🚗寶馬 218iA GRAN TOURER	汽油	7座	1499cc	自
    ✅ [17] 98683222 🚗豐田 ALPHARD 2.5 SC FACELIFT	汽油	7座	24
    ✅ [17] 51852407 🚗凌志 IS200T	汽油	5座	1998cc	自動波	2017	$68
    ✅ [17] 98683222 🚗凌志 IS200T	汽油	5座	1998cc	自動波	2017	$68
  📄 爬取第 17 頁...
    ✅ [17] 94380418
    ✅ [17] 93832082 🚗豐田 SIENTA HYBRID	混能	7座	1500cc	自動波	2
    ✅ [17] 61866889 🚗豐田 VELLFIRE 2.5 FACELIFT	汽油	7座	2500
    ✅ [17] 93832082 🚗三菱 OUTLANDER	汽油	7座	2000cc	自動波	2017	
    ✅ [17] 98580135 🚗豐田 VOXY HYBRID ZS FACELIFT NOAH	混能	
    ✅ [17] 91477612 🚗保時捷 TAYCAN	電動	5座	120kW	自動波	2024	$86
    ✅ [17] 63606036 🚗平治 C200 AMG LINE	汽油	5座	1991cc	自動波	2
    ✅ [17] 64789378 🚗豐田 ALPHARD 2.4 HYBRID	混能	7座	2362cc	
    ✅ [17] 63344772 🚗保時捷 MACAN S	汽油	5座	2997cc	自動波	2015	$
    ✅ [17] 53075743 🚗特斯拉 MODEL 3 LONG RANGE AWD	電動	5座	15
    ✅ [17] 98845529 🚗平治 CLA200 AMG	汽油	5座	1595cc	自動波	2016
    ✅ [17] 98683222 🚗平治 C200 AMG FL	汽油	5座	1497cc	自動波	201
    ✅ [17] 90632047 🚗豐田 Previa AERAS	汽油	7座	2400cc	自動波	20
    ✅ [17] 57134136 🚗平治 C43 AMG	汽油	5座	2996cc	自動波	2019	$2
    ✅ [17] 92861361 🚗豐田 NOAH	汽油	8座	1987cc	自動波	2011	$41,0
    ✅ [17] 69191323 🚗寶馬 218iA GRAN TOURER	汽油	7座	1499cc	自
    ✅ [17] 98683222 🚗豐田 ALPHARD 2.5 SC FACELIFT	汽油	7座	24
    ✅ [17] 51852407 🚗凌志 IS200T	汽油	5座	1998cc	自動波	2017	$68
    ✅ [17] 98683222 🚗凌志 IS200T	汽油	5座	1998cc	自動波	2017	$68
  📄 爬取第 18 頁...
    ✅ [17] 94380418
    ✅ [17] 93832082 🚗豐田 SIENTA HYBRID	混能	7座	1500cc	自動波	2
    ✅ [17] 61866889 🚗豐田 VELLFIRE 2.5 FACELIFT	汽油	7座	2500
    ✅ [17] 93832082 🚗三菱 OUTLANDER	汽油	7座	2000cc	自動波	2017	
    ✅ [17] 98580135 🚗豐田 VOXY HYBRID ZS FACELIFT NOAH	混能	
    ✅ [17] 91477612 🚗保時捷 TAYCAN	電動	5座	120kW	自動波	2024	$86
    ✅ [17] 63606036 🚗平治 C200 AMG LINE	汽油	5座	1991cc	自動波	2
    ✅ [17] 64789378 🚗豐田 ALPHARD 2.4 HYBRID	混能	7座	2362cc	
    ✅ [17] 63344772 🚗保時捷 MACAN S	汽油	5座	2997cc	自動波	2015	$
    ✅ [17] 53075743 🚗特斯拉 MODEL 3 LONG RANGE AWD	電動	5座	15
    ✅ [17] 98845529 🚗平治 CLA200 AMG	汽油	5座	1595cc	自動波	2016
    ✅ [17] 98683222 🚗平治 C200 AMG FL	汽油	5座	1497cc	自動波	201
    ✅ [17] 90632047 🚗豐田 Previa AERAS	汽油	7座	2400cc	自動波	20
    ✅ [17] 57134136 🚗平治 C43 AMG	汽油	5座	2996cc	自動波	2019	$2
    ✅ [17] 92861361 🚗豐田 NOAH	汽油	8座	1987cc	自動波	2011	$41,0
    ✅ [17] 69191323 🚗寶馬 218iA GRAN TOURER	汽油	7座	1499cc	自
    ✅ [17] 98683222 🚗豐田 ALPHARD 2.5 SC FACELIFT	汽油	7座	24
    ✅ [17] 51852407 🚗凌志 IS200T	汽油	5座	1998cc	自動波	2017	$68
    ✅ [17] 98683222 🚗凌志 IS200T	汽油	5座	1998cc	自動波	2017	$68
  📄 爬取第 19 頁...
    ✅ [17] 94380418
    ✅ [17] 93832082 🚗豐田 SIENTA HYBRID	混能	7座	1500cc	自動波	2
    ✅ [17] 61866889 🚗豐田 VELLFIRE 2.5 FACELIFT	汽油	7座	2500
    ✅ [17] 93832082 🚗三菱 OUTLANDER	汽油	7座	2000cc	自動波	2017	
    ✅ [17] 98580135 🚗豐田 VOXY HYBRID ZS FACELIFT NOAH	混能	
    ✅ [17] 91477612 🚗保時捷 TAYCAN	電動	5座	120kW	自動波	2024	$86
    ✅ [17] 63606036 🚗平治 C200 AMG LINE	汽油	5座	1991cc	自動波	2
    ✅ [17] 64789378 🚗豐田 ALPHARD 2.4 HYBRID	混能	7座	2362cc	
    ✅ [17] 63344772 🚗保時捷 MACAN S	汽油	5座	2997cc	自動波	2015	$
    ✅ [17] 53075743 🚗特斯拉 MODEL 3 LONG RANGE AWD	電動	5座	15
    ✅ [17] 98845529 🚗平治 CLA200 AMG	汽油	5座	1595cc	自動波	2016
    ✅ [17] 98683222 🚗平治 C200 AMG FL	汽油	5座	1497cc	自動波	201
    ✅ [17] 90632047 🚗豐田 Previa AERAS	汽油	7座	2400cc	自動波	20
    ✅ [17] 57134136 🚗平治 C43 AMG	汽油	5座	2996cc	自動波	2019	$2
    ✅ [17] 92861361 🚗豐田 NOAH	汽油	8座	1987cc	自動波	2011	$41,0
    ✅ [17] 69191323 🚗寶馬 218iA GRAN TOURER	汽油	7座	1499cc	自
    ✅ [17] 98683222 🚗豐田 ALPHARD 2.5 SC FACELIFT	汽油	7座	24
    ✅ [17] 51852407 🚗凌志 IS200T	汽油	5座	1998cc	自動波	2017	$68
    ✅ [17] 98683222 🚗凌志 IS200T	汽油	5座	1998cc	自動波	2017	$68
    📊 進度: 17/100 條 (第 20 頁)
  📄 爬取第 20 頁...
    ✅ [17] 94380418
    ✅ [17] 93832082 🚗豐田 SIENTA HYBRID	混能	7座	1500cc	自動波	2
    ✅ [17] 61866889 🚗豐田 VELLFIRE 2.5 FACELIFT	汽油	7座	2500
    ✅ [17] 93832082 🚗三菱 OUTLANDER	汽油	7座	2000cc	自動波	2017	
    ✅ [17] 98580135 🚗豐田 VOXY HYBRID ZS FACELIFT NOAH	混能	
    ✅ [17] 91477612 🚗保時捷 TAYCAN	電動	5座	120kW	自動波	2024	$86
    ✅ [17] 63606036 🚗平治 C200 AMG LINE	汽油	5座	1991cc	自動波	2
    ✅ [17] 64789378 🚗豐田 ALPHARD 2.4 HYBRID	混能	7座	2362cc	
    ✅ [17] 63344772 🚗保時捷 MACAN S	汽油	5座	2997cc	自動波	2015	$
    ✅ [17] 53075743 🚗特斯拉 MODEL 3 LONG RANGE AWD	電動	5座	15
    ✅ [17] 98845529 🚗平治 CLA200 AMG	汽油	5座	1595cc	自動波	2016
    ✅ [17] 98683222 🚗平治 C200 AMG FL	汽油	5座	1497cc	自動波	201
    ✅ [17] 90632047 🚗豐田 Previa AERAS	汽油	7座	2400cc	自動波	20
    ✅ [17] 57134136 🚗平治 C43 AMG	汽油	5座	2996cc	自動波	2019	$2
    ✅ [17] 92861361 🚗豐田 NOAH	汽油	8座	1987cc	自動波	2011	$41,0
    ✅ [17] 69191323 🚗寶馬 218iA GRAN TOURER	汽油	7座	1499cc	自
    ✅ [17] 98683222 🚗豐田 ALPHARD 2.5 SC FACELIFT	汽油	7座	24
    ✅ [17] 51852407 🚗凌志 IS200T	汽油	5座	1998cc	自動波	2017	$68
    ✅ [17] 98683222 🚗凌志 IS200T	汽油	5座	1998cc	自動波	2017	$68
  📄 爬取第 21 頁...
    ✅ [17] 94380418
    ✅ [17] 93832082 🚗豐田 SIENTA HYBRID	混能	7座	1500cc	自動波	2
    ✅ [17] 61866889 🚗豐田 VELLFIRE 2.5 FACELIFT	汽油	7座	2500
    ✅ [17] 93832082 🚗三菱 OUTLANDER	汽油	7座	2000cc	自動波	2017	
    ✅ [17] 98580135 🚗豐田 VOXY HYBRID ZS FACELIFT NOAH	混能	
    ✅ [17] 91477612 🚗保時捷 TAYCAN	電動	5座	120kW	自動波	2024	$86
    ✅ [17] 63606036 🚗平治 C200 AMG LINE	汽油	5座	1991cc	自動波	2
    ✅ [17] 64789378 🚗豐田 ALPHARD 2.4 HYBRID	混能	7座	2362cc	
    ✅ [17] 63344772 🚗保時捷 MACAN S	汽油	5座	2997cc	自動波	2015	$
    ✅ [17] 53075743 🚗特斯拉 MODEL 3 LONG RANGE AWD	電動	5座	15
    ✅ [17] 98845529 🚗平治 CLA200 AMG	汽油	5座	1595cc	自動波	2016
    ✅ [17] 98683222 🚗平治 C200 AMG FL	汽油	5座	1497cc	自動波	201
    ✅ [17] 90632047 🚗豐田 Previa AERAS	汽油	7座	2400cc	自動波	20
    ✅ [17] 57134136 🚗平治 C43 AMG	汽油	5座	2996cc	自動波	2019	$2
    ✅ [17] 92861361 🚗豐田 NOAH	汽油	8座	1987cc	自動波	2011	$41,0
    ✅ [17] 69191323 🚗寶馬 218iA GRAN TOURER	汽油	7座	1499cc	自
    ✅ [17] 98683222 🚗豐田 ALPHARD 2.5 SC FACELIFT	汽油	7座	24
    ✅ [17] 51852407 🚗凌志 IS200T	汽油	5座	1998cc	自動波	2017	$68
    ✅ [17] 98683222 🚗凌志 IS200T	汽油	5座	1998cc	自動波	2017	$68
  📄 爬取第 22 頁...
    ✅ [17] 94380418
    ✅ [17] 93832082 🚗豐田 SIENTA HYBRID	混能	7座	1500cc	自動波	2
    ✅ [17] 61866889 🚗豐田 VELLFIRE 2.5 FACELIFT	汽油	7座	2500
    ✅ [17] 93832082 🚗三菱 OUTLANDER	汽油	7座	2000cc	自動波	2017	
    ✅ [17] 98580135 🚗豐田 VOXY HYBRID ZS FACELIFT NOAH	混能	
    ✅ [17] 91477612 🚗保時捷 TAYCAN	電動	5座	120kW	自動波	2024	$86
    ✅ [17] 63606036 🚗平治 C200 AMG LINE	汽油	5座	1991cc	自動波	2
    ✅ [17] 64789378 🚗豐田 ALPHARD 2.4 HYBRID	混能	7座	2362cc	
    ✅ [17] 63344772 🚗保時捷 MACAN S	汽油	5座	2997cc	自動波	2015	$
    ✅ [17] 53075743 🚗特斯拉 MODEL 3 LONG RANGE AWD	電動	5座	15
    ✅ [17] 98845529 🚗平治 CLA200 AMG	汽油	5座	1595cc	自動波	2016
    ✅ [17] 98683222 🚗平治 C200 AMG FL	汽油	5座	1497cc	自動波	201
    ✅ [17] 90632047 🚗豐田 Previa AERAS	汽油	7座	2400cc	自動波	20
    ✅ [17] 57134136 🚗平治 C43 AMG	汽油	5座	2996cc	自動波	2019	$2
    ✅ [17] 92861361 🚗豐田 NOAH	汽油	8座	1987cc	自動波	2011	$41,0
    ✅ [17] 69191323 🚗寶馬 218iA GRAN TOURER	汽油	7座	1499cc	自
    ✅ [17] 98683222 🚗豐田 ALPHARD 2.5 SC FACELIFT	汽油	7座	24
    ✅ [17] 51852407 🚗凌志 IS200T	汽油	5座	1998cc	自動波	2017	$68
    ✅ [17] 98683222 🚗凌志 IS200T	汽油	5座	1998cc	自動波	2017	$68
  📄 爬取第 23 頁...
    ✅ [17] 94380418
    ✅ [17] 93832082 🚗豐田 SIENTA HYBRID	混能	7座	1500cc	自動波	2
    ✅ [17] 61866889 🚗豐田 VELLFIRE 2.5 FACELIFT	汽油	7座	2500
    ✅ [17] 93832082 🚗三菱 OUTLANDER	汽油	7座	2000cc	自動波	2017	
    ✅ [17] 98580135 🚗豐田 VOXY HYBRID ZS FACELIFT NOAH	混能	
    ✅ [17] 91477612 🚗保時捷 TAYCAN	電動	5座	120kW	自動波	2024	$86
    ✅ [17] 63606036 🚗平治 C200 AMG LINE	汽油	5座	1991cc	自動波	2
    ✅ [17] 64789378 🚗豐田 ALPHARD 2.4 HYBRID	混能	7座	2362cc	
    ✅ [17] 63344772 🚗保時捷 MACAN S	汽油	5座	2997cc	自動波	2015	$
    ✅ [17] 53075743 🚗特斯拉 MODEL 3 LONG RANGE AWD	電動	5座	15
    ✅ [17] 98845529 🚗平治 CLA200 AMG	汽油	5座	1595cc	自動波	2016
    ✅ [17] 98683222 🚗平治 C200 AMG FL	汽油	5座	1497cc	自動波	201
    ✅ [17] 90632047 🚗豐田 Previa AERAS	汽油	7座	2400cc	自動波	20
    ✅ [17] 57134136 🚗平治 C43 AMG	汽油	5座	2996cc	自動波	2019	$2
    ✅ [17] 92861361 🚗豐田 NOAH	汽油	8座	1987cc	自動波	2011	$41,0
    ✅ [17] 69191323 🚗寶馬 218iA GRAN TOURER	汽油	7座	1499cc	自
    ✅ [17] 98683222 🚗豐田 ALPHARD 2.5 SC FACELIFT	汽油	7座	24
    ✅ [17] 51852407 🚗凌志 IS200T	汽油	5座	1998cc	自動波	2017	$68
    ✅ [17] 98683222 🚗凌志 IS200T	汽油	5座	1998cc	自動波	2017	$68
  📄 爬取第 24 頁...
    ✅ [17] 94380418
    ✅ [17] 93832082 🚗豐田 SIENTA HYBRID	混能	7座	1500cc	自動波	2
    ✅ [17] 61866889 🚗豐田 VELLFIRE 2.5 FACELIFT	汽油	7座	2500
    ✅ [17] 93832082 🚗三菱 OUTLANDER	汽油	7座	2000cc	自動波	2017	
    ✅ [17] 98580135 🚗豐田 VOXY HYBRID ZS FACELIFT NOAH	混能	
    ✅ [17] 91477612 🚗保時捷 TAYCAN	電動	5座	120kW	自動波	2024	$86
    ✅ [17] 63606036 🚗平治 C200 AMG LINE	汽油	5座	1991cc	自動波	2
    ✅ [17] 64789378 🚗豐田 ALPHARD 2.4 HYBRID	混能	7座	2362cc	
    ✅ [17] 63344772 🚗保時捷 MACAN S	汽油	5座	2997cc	自動波	2015	$
    ✅ [17] 53075743 🚗特斯拉 MODEL 3 LONG RANGE AWD	電動	5座	15
    ✅ [17] 98845529 🚗平治 CLA200 AMG	汽油	5座	1595cc	自動波	2016
    ✅ [17] 98683222 🚗平治 C200 AMG FL	汽油	5座	1497cc	自動波	201
    ✅ [17] 90632047 🚗豐田 Previa AERAS	汽油	7座	2400cc	自動波	20
    ✅ [17] 57134136 🚗平治 C43 AMG	汽油	5座	2996cc	自動波	2019	$2
    ✅ [17] 92861361 🚗豐田 NOAH	汽油	8座	1987cc	自動波	2011	$41,0
    ✅ [17] 69191323 🚗寶馬 218iA GRAN TOURER	汽油	7座	1499cc	自
    ✅ [17] 98683222 🚗豐田 ALPHARD 2.5 SC FACELIFT	汽油	7座	24
    ✅ [17] 51852407 🚗凌志 IS200T	汽油	5座	1998cc	自動波	2017	$68
    ✅ [17] 98683222 🚗凌志 IS200T	汽油	5座	1998cc	自動波	2017	$68
    📊 進度: 17/100 條 (第 25 頁)
  📄 爬取第 25 頁...
    ✅ [17] 94380418
    ✅ [17] 93832082 🚗豐田 SIENTA HYBRID	混能	7座	1500cc	自動波	2
    ✅ [17] 61866889 🚗豐田 VELLFIRE 2.5 FACELIFT	汽油	7座	2500
    ✅ [17] 93832082 🚗三菱 OUTLANDER	汽油	7座	2000cc	自動波	2017	
    ✅ [17] 98580135 🚗豐田 VOXY HYBRID ZS FACELIFT NOAH	混能	
    ✅ [17] 91477612 🚗保時捷 TAYCAN	電動	5座	120kW	自動波	2024	$86
    ✅ [17] 63606036 🚗平治 C200 AMG LINE	汽油	5座	1991cc	自動波	2
    ✅ [17] 64789378 🚗豐田 ALPHARD 2.4 HYBRID	混能	7座	2362cc	
    ✅ [17] 63344772 🚗保時捷 MACAN S	汽油	5座	2997cc	自動波	2015	$
    ✅ [17] 53075743 🚗特斯拉 MODEL 3 LONG RANGE AWD	電動	5座	15
    ✅ [17] 98845529 🚗平治 CLA200 AMG	汽油	5座	1595cc	自動波	2016
    ✅ [17] 98683222 🚗平治 C200 AMG FL	汽油	5座	1497cc	自動波	201
    ✅ [17] 90632047 🚗豐田 Previa AERAS	汽油	7座	2400cc	自動波	20
    ✅ [17] 57134136 🚗平治 C43 AMG	汽油	5座	2996cc	自動波	2019	$2
    ✅ [17] 92861361 🚗豐田 NOAH	汽油	8座	1987cc	自動波	2011	$41,0
    ✅ [17] 69191323 🚗寶馬 218iA GRAN TOURER	汽油	7座	1499cc	自
    ✅ [17] 98683222 🚗豐田 ALPHARD 2.5 SC FACELIFT	汽油	7座	24
    ✅ [17] 51852407 🚗凌志 IS200T	汽油	5座	1998cc	自動波	2017	$68
    ✅ [17] 98683222 🚗凌志 IS200T	汽油	5座	1998cc	自動波	2017	$68
  📄 爬取第 26 頁...
    ✅ [18] 60566018
    ✅ [19] 59390227
    ✅ [20] 98864862 🚗寶馬 120iA M SPORT EDITION	汽油	5座	1600
    ✅ [20] 60566018 🚗福士 TOURAN 280 TSI LUXURY	汽油	7座	1395
    ✅ [21] 92194194 🚗特斯拉 MODEL Y RWD	電動	5座	88kW	自動波	2023
    ✅ [21] 60566018 🚗本田 JAZZ GK5 RS	汽油	5座	1495cc	自動波	201
    ✅ [21] 60566018 🚗平治 E220D	柴油	5座	2000cc	自動波	2015	$128
    ✅ [22] 62864368 🚗平治 E220D	柴油	5座	2000cc	自動波	2015	$128
    ✅ [22] 94380418 🚗豐田 VOXY HYBRID 1.8	混能	7座	1800cc	自動波
    ✅ [22] 93832082 🚗豐田 SIENTA HYBRID	混能	7座	1500cc	自動波	2
    ✅ [22] 61866889 🚗豐田 VELLFIRE 2.5 FACELIFT	汽油	7座	2500
    ✅ [22] 93832082 🚗三菱 OUTLANDER	汽油	7座	2000cc	自動波	2017	
    ✅ [22] 98580135 🚗豐田 VOXY HYBRID ZS FACELIFT NOAH	混能	
    ✅ [22] 91477612 🚗保時捷 TAYCAN	電動	5座	120kW	自動波	2024	$86
    ✅ [22] 63606036 🚗平治 C200 AMG LINE	汽油	5座	1991cc	自動波	2
    ✅ [22] 64789378 🚗豐田 ALPHARD 2.4 HYBRID	混能	7座	2362cc	
    ✅ [22] 63344772 🚗保時捷 MACAN S	汽油	5座	2997cc	自動波	2015	$
    ✅ [22] 53075743 🚗特斯拉 MODEL 3 LONG RANGE AWD	電動	5座	15
    ✅ [22] 98845529 🚗平治 CLA200 AMG	汽油	5座	1595cc	自動波	2016
  📄 爬取第 27 頁...
    ✅ [22] 60566018
    ✅ [22] 59390227
    ✅ [22] 98864862 🚗寶馬 120iA M SPORT EDITION	汽油	5座	1600
    ✅ [22] 60566018 🚗福士 TOURAN 280 TSI LUXURY	汽油	7座	1395
    ✅ [22] 92194194 🚗特斯拉 MODEL Y RWD	電動	5座	88kW	自動波	2023
    ✅ [22] 60566018 🚗本田 JAZZ GK5 RS	汽油	5座	1495cc	自動波	201
    ✅ [22] 60566018 🚗平治 E220D	柴油	5座	2000cc	自動波	2015	$128
    ✅ [22] 62864368 🚗平治 E220D	柴油	5座	2000cc	自動波	2015	$128
    ✅ [22] 94380418 🚗豐田 VOXY HYBRID 1.8	混能	7座	1800cc	自動波
    ✅ [22] 93832082 🚗豐田 SIENTA HYBRID	混能	7座	1500cc	自動波	2
    ✅ [22] 61866889 🚗豐田 VELLFIRE 2.5 FACELIFT	汽油	7座	2500
    ✅ [22] 93832082 🚗三菱 OUTLANDER	汽油	7座	2000cc	自動波	2017	
    ✅ [22] 98580135 🚗豐田 VOXY HYBRID ZS FACELIFT NOAH	混能	
    ✅ [22] 91477612 🚗保時捷 TAYCAN	電動	5座	120kW	自動波	2024	$86
    ✅ [22] 63606036 🚗平治 C200 AMG LINE	汽油	5座	1991cc	自動波	2
    ✅ [22] 64789378 🚗豐田 ALPHARD 2.4 HYBRID	混能	7座	2362cc	
    ✅ [22] 63344772 🚗保時捷 MACAN S	汽油	5座	2997cc	自動波	2015	$
    ✅ [22] 53075743 🚗特斯拉 MODEL 3 LONG RANGE AWD	電動	5座	15
    ✅ [22] 98845529 🚗平治 CLA200 AMG	汽油	5座	1595cc	自動波	2016
  📄 爬取第 28 頁...
    ✅ [22] 60566018
    ✅ [22] 59390227
    ✅ [22] 98864862 🚗寶馬 120iA M SPORT EDITION	汽油	5座	1600
    ✅ [22] 60566018 🚗福士 TOURAN 280 TSI LUXURY	汽油	7座	1395
    ✅ [22] 92194194 🚗特斯拉 MODEL Y RWD	電動	5座	88kW	自動波	2023
    ✅ [22] 60566018 🚗本田 JAZZ GK5 RS	汽油	5座	1495cc	自動波	201
    ✅ [22] 60566018 🚗平治 E220D	柴油	5座	2000cc	自動波	2015	$128
    ✅ [22] 62864368 🚗平治 E220D	柴油	5座	2000cc	自動波	2015	$128
    ✅ [22] 94380418 🚗豐田 VOXY HYBRID 1.8	混能	7座	1800cc	自動波
    ✅ [22] 93832082 🚗豐田 SIENTA HYBRID	混能	7座	1500cc	自動波	2
    ✅ [22] 61866889 🚗豐田 VELLFIRE 2.5 FACELIFT	汽油	7座	2500
    ✅ [22] 93832082 🚗三菱 OUTLANDER	汽油	7座	2000cc	自動波	2017	
    ✅ [22] 98580135 🚗豐田 VOXY HYBRID ZS FACELIFT NOAH	混能	
    ✅ [22] 91477612 🚗保時捷 TAYCAN	電動	5座	120kW	自動波	2024	$86
    ✅ [22] 63606036 🚗平治 C200 AMG LINE	汽油	5座	1991cc	自動波	2
    ✅ [22] 64789378 🚗豐田 ALPHARD 2.4 HYBRID	混能	7座	2362cc	
    ✅ [22] 63344772 🚗保時捷 MACAN S	汽油	5座	2997cc	自動波	2015	$
    ✅ [22] 53075743 🚗特斯拉 MODEL 3 LONG RANGE AWD	電動	5座	15
    ✅ [22] 98845529 🚗平治 CLA200 AMG	汽油	5座	1595cc	自動波	2016
  📄 爬取第 29 頁...
    ✅ [22] 60566018
    ✅ [22] 59390227
    ✅ [22] 98864862 🚗寶馬 120iA M SPORT EDITION	汽油	5座	1600
    ✅ [22] 60566018 🚗福士 TOURAN 280 TSI LUXURY	汽油	7座	1395
    ✅ [22] 92194194 🚗特斯拉 MODEL Y RWD	電動	5座	88kW	自動波	2023
    ✅ [22] 60566018 🚗本田 JAZZ GK5 RS	汽油	5座	1495cc	自動波	201
    ✅ [22] 60566018 🚗平治 E220D	柴油	5座	2000cc	自動波	2015	$128
    ✅ [22] 62864368 🚗平治 E220D	柴油	5座	2000cc	自動波	2015	$128
    ✅ [22] 94380418 🚗豐田 VOXY HYBRID 1.8	混能	7座	1800cc	自動波
    ✅ [22] 93832082 🚗豐田 SIENTA HYBRID	混能	7座	1500cc	自動波	2
    ✅ [22] 61866889 🚗豐田 VELLFIRE 2.5 FACELIFT	汽油	7座	2500
    ✅ [22] 93832082 🚗三菱 OUTLANDER	汽油	7座	2000cc	自動波	2017	
    ✅ [22] 98580135 🚗豐田 VOXY HYBRID ZS FACELIFT NOAH	混能	
    ✅ [22] 91477612 🚗保時捷 TAYCAN	電動	5座	120kW	自動波	2024	$86
    ✅ [22] 63606036 🚗平治 C200 AMG LINE	汽油	5座	1991cc	自動波	2
    ✅ [22] 64789378 🚗豐田 ALPHARD 2.4 HYBRID	混能	7座	2362cc	
    ✅ [22] 63344772 🚗保時捷 MACAN S	汽油	5座	2997cc	自動波	2015	$
    ✅ [22] 53075743 🚗特斯拉 MODEL 3 LONG RANGE AWD	電動	5座	15
    ✅ [22] 98845529 🚗平治 CLA200 AMG	汽油	5座	1595cc	自動波	2016
    📊 進度: 22/100 條 (第 30 頁)
  📄 爬取第 30 頁...
    ✅ [22] 60566018
    ✅ [22] 59390227
    ✅ [22] 98864862 🚗寶馬 120iA M SPORT EDITION	汽油	5座	1600
    ✅ [22] 60566018 🚗福士 TOURAN 280 TSI LUXURY	汽油	7座	1395
    ✅ [22] 92194194 🚗特斯拉 MODEL Y RWD	電動	5座	88kW	自動波	2023
    ✅ [22] 60566018 🚗本田 JAZZ GK5 RS	汽油	5座	1495cc	自動波	201
    ✅ [22] 60566018 🚗平治 E220D	柴油	5座	2000cc	自動波	2015	$128
    ✅ [22] 62864368 🚗平治 E220D	柴油	5座	2000cc	自動波	2015	$128
    ✅ [22] 94380418 🚗豐田 VOXY HYBRID 1.8	混能	7座	1800cc	自動波
    ✅ [22] 93832082 🚗豐田 SIENTA HYBRID	混能	7座	1500cc	自動波	2
    ✅ [22] 61866889 🚗豐田 VELLFIRE 2.5 FACELIFT	汽油	7座	2500
    ✅ [22] 93832082 🚗三菱 OUTLANDER	汽油	7座	2000cc	自動波	2017	
    ✅ [22] 98580135 🚗豐田 VOXY HYBRID ZS FACELIFT NOAH	混能	
    ✅ [22] 91477612 🚗保時捷 TAYCAN	電動	5座	120kW	自動波	2024	$86
    ✅ [22] 63606036 🚗平治 C200 AMG LINE	汽油	5座	1991cc	自動波	2
    ✅ [22] 64789378 🚗豐田 ALPHARD 2.4 HYBRID	混能	7座	2362cc	
    ✅ [22] 63344772 🚗保時捷 MACAN S	汽油	5座	2997cc	自動波	2015	$
    ✅ [22] 53075743 🚗特斯拉 MODEL 3 LONG RANGE AWD	電動	5座	15
    ✅ [22] 98845529 🚗平治 CLA200 AMG	汽油	5座	1595cc	自動波	2016
  📄 爬取第 31 頁...
    ✅ [22] 94380418
    ✅ [22] 60566018 🚗豐田 SIENTA HYBRID	混能	7座	1500cc	自動波	2
    ✅ [22] 59390227 🚗豐田 SIENTA HYBRID	混能	7座	1500cc	自動波	2
    ✅ [22] 98864862 🚗寶馬 120iA M SPORT EDITION	汽油	5座	1600
    ✅ [22] 60566018 🚗福士 TOURAN 280 TSI LUXURY	汽油	7座	1395
    ✅ [22] 92194194 🚗特斯拉 MODEL Y RWD	電動	5座	88kW	自動波	2023
    ✅ [22] 60566018 🚗本田 JAZZ GK5 RS	汽油	5座	1495cc	自動波	201
    ✅ [22] 60566018 🚗平治 E220D	柴油	5座	2000cc	自動波	2015	$128
    ✅ [22] 62864368 🚗平治 E220D	柴油	5座	2000cc	自動波	2015	$128
    ✅ [22] 93832082 🚗豐田 VOXY HYBRID 1.8	混能	7座	1800cc	自動波
    ✅ [22] 61866889 🚗豐田 VELLFIRE 2.5 FACELIFT	汽油	7座	2500
    ✅ [22] 93832082 🚗三菱 OUTLANDER	汽油	7座	2000cc	自動波	2017	
    ✅ [22] 98580135 🚗豐田 VOXY HYBRID ZS FACELIFT NOAH	混能	
    ✅ [22] 91477612 🚗保時捷 TAYCAN	電動	5座	120kW	自動波	2024	$86
    ✅ [22] 63606036 🚗平治 C200 AMG LINE	汽油	5座	1991cc	自動波	2
    ✅ [22] 64789378 🚗豐田 ALPHARD 2.4 HYBRID	混能	7座	2362cc	
    ✅ [22] 63344772 🚗保時捷 MACAN S	汽油	5座	2997cc	自動波	2015	$
    ✅ [22] 53075743 🚗特斯拉 MODEL 3 LONG RANGE AWD	電動	5座	15
    ✅ [22] 98845529 🚗平治 CLA200 AMG	汽油	5座	1595cc	自動波	2016
  📄 爬取第 32 頁...
    ✅ [22] 94380418
    ✅ [22] 60566018 🚗豐田 SIENTA HYBRID	混能	7座	1500cc	自動波	2
    ✅ [22] 59390227 🚗豐田 SIENTA HYBRID	混能	7座	1500cc	自動波	2
    ✅ [22] 98864862 🚗寶馬 120iA M SPORT EDITION	汽油	5座	1600
    ✅ [22] 60566018 🚗福士 TOURAN 280 TSI LUXURY	汽油	7座	1395
    ✅ [22] 92194194 🚗特斯拉 MODEL Y RWD	電動	5座	88kW	自動波	2023
    ✅ [22] 60566018 🚗本田 JAZZ GK5 RS	汽油	5座	1495cc	自動波	201
    ✅ [22] 60566018 🚗平治 E220D	柴油	5座	2000cc	自動波	2015	$128
    ✅ [22] 62864368 🚗平治 E220D	柴油	5座	2000cc	自動波	2015	$128
    ✅ [22] 93832082 🚗豐田 VOXY HYBRID 1.8	混能	7座	1800cc	自動波
    ✅ [22] 61866889 🚗豐田 VELLFIRE 2.5 FACELIFT	汽油	7座	2500
    ✅ [22] 93832082 🚗三菱 OUTLANDER	汽油	7座	2000cc	自動波	2017	
    ✅ [22] 98580135 🚗豐田 VOXY HYBRID ZS FACELIFT NOAH	混能	
    ✅ [22] 91477612 🚗保時捷 TAYCAN	電動	5座	120kW	自動波	2024	$86
    ✅ [22] 63606036 🚗平治 C200 AMG LINE	汽油	5座	1991cc	自動波	2
    ✅ [22] 64789378 🚗豐田 ALPHARD 2.4 HYBRID	混能	7座	2362cc	
    ✅ [22] 63344772 🚗保時捷 MACAN S	汽油	5座	2997cc	自動波	2015	$
    ✅ [22] 53075743 🚗特斯拉 MODEL 3 LONG RANGE AWD	電動	5座	15
    ✅ [22] 98845529 🚗平治 CLA200 AMG	汽油	5座	1595cc	自動波	2016
  📄 爬取第 33 頁...
    ✅ [22] 94380418
    ✅ [22] 60566018 🚗豐田 SIENTA HYBRID	混能	7座	1500cc	自動波	2
    ✅ [22] 59390227 🚗豐田 SIENTA HYBRID	混能	7座	1500cc	自動波	2
    ✅ [22] 98864862 🚗寶馬 120iA M SPORT EDITION	汽油	5座	1600
    ✅ [22] 60566018 🚗福士 TOURAN 280 TSI LUXURY	汽油	7座	1395
    ✅ [22] 92194194 🚗特斯拉 MODEL Y RWD	電動	5座	88kW	自動波	2023
    ✅ [22] 60566018 🚗本田 JAZZ GK5 RS	汽油	5座	1495cc	自動波	201
    ✅ [22] 60566018 🚗平治 E220D	柴油	5座	2000cc	自動波	2015	$128
    ✅ [22] 62864368 🚗平治 E220D	柴油	5座	2000cc	自動波	2015	$128
    ✅ [22] 93832082 🚗豐田 VOXY HYBRID 1.8	混能	7座	1800cc	自動波
    ✅ [22] 61866889 🚗豐田 VELLFIRE 2.5 FACELIFT	汽油	7座	2500
    ✅ [22] 93832082 🚗三菱 OUTLANDER	汽油	7座	2000cc	自動波	2017	
    ✅ [22] 98580135 🚗豐田 VOXY HYBRID ZS FACELIFT NOAH	混能	
    ✅ [22] 91477612 🚗保時捷 TAYCAN	電動	5座	120kW	自動波	2024	$86
    ✅ [22] 63606036 🚗平治 C200 AMG LINE	汽油	5座	1991cc	自動波	2
    ✅ [22] 64789378 🚗豐田 ALPHARD 2.4 HYBRID	混能	7座	2362cc	
    ✅ [22] 63344772 🚗保時捷 MACAN S	汽油	5座	2997cc	自動波	2015	$
    ✅ [22] 53075743 🚗特斯拉 MODEL 3 LONG RANGE AWD	電動	5座	15
    ✅ [22] 98845529 🚗平治 CLA200 AMG	汽油	5座	1595cc	自動波	2016
  📄 爬取第 34 頁...
    ✅ [22] 94380418
    ✅ [22] 60566018 🚗豐田 SIENTA HYBRID	混能	7座	1500cc	自動波	2
    ✅ [22] 59390227 🚗豐田 SIENTA HYBRID	混能	7座	1500cc	自動波	2
    ✅ [22] 98864862 🚗寶馬 120iA M SPORT EDITION	汽油	5座	1600
    ✅ [22] 60566018 🚗福士 TOURAN 280 TSI LUXURY	汽油	7座	1395
    ✅ [22] 92194194 🚗特斯拉 MODEL Y RWD	電動	5座	88kW	自動波	2023
    ✅ [22] 60566018 🚗本田 JAZZ GK5 RS	汽油	5座	1495cc	自動波	201
    ✅ [22] 60566018 🚗平治 E220D	柴油	5座	2000cc	自動波	2015	$128
    ✅ [22] 62864368 🚗平治 E220D	柴油	5座	2000cc	自動波	2015	$128
    ✅ [22] 93832082 🚗豐田 VOXY HYBRID 1.8	混能	7座	1800cc	自動波
    ✅ [22] 61866889 🚗豐田 VELLFIRE 2.5 FACELIFT	汽油	7座	2500
    ✅ [22] 93832082 🚗三菱 OUTLANDER	汽油	7座	2000cc	自動波	2017	
    ✅ [22] 98580135 🚗豐田 VOXY HYBRID ZS FACELIFT NOAH	混能	
    ✅ [22] 91477612 🚗保時捷 TAYCAN	電動	5座	120kW	自動波	2024	$86
    ✅ [22] 63606036 🚗平治 C200 AMG LINE	汽油	5座	1991cc	自動波	2
    ✅ [22] 64789378 🚗豐田 ALPHARD 2.4 HYBRID	混能	7座	2362cc	
    ✅ [22] 63344772 🚗保時捷 MACAN S	汽油	5座	2997cc	自動波	2015	$
    ✅ [22] 53075743 🚗特斯拉 MODEL 3 LONG RANGE AWD	電動	5座	15
    ✅ [22] 98845529 🚗平治 CLA200 AMG	汽油	5座	1595cc	自動波	2016
    📊 進度: 22/100 條 (第 35 頁)
  📄 爬取第 35 頁...
    ✅ [22] 94380418
    ✅ [22] 60566018 🚗豐田 SIENTA HYBRID	混能	7座	1500cc	自動波	2
    ✅ [22] 59390227 🚗豐田 SIENTA HYBRID	混能	7座	1500cc	自動波	2
    ✅ [22] 98864862 🚗寶馬 120iA M SPORT EDITION	汽油	5座	1600
    ✅ [22] 60566018 🚗福士 TOURAN 280 TSI LUXURY	汽油	7座	1395
    ✅ [22] 92194194 🚗特斯拉 MODEL Y RWD	電動	5座	88kW	自動波	2023
    ✅ [22] 60566018 🚗本田 JAZZ GK5 RS	汽油	5座	1495cc	自動波	201
    ✅ [22] 60566018 🚗平治 E220D	柴油	5座	2000cc	自動波	2015	$128
    ✅ [22] 62864368 🚗平治 E220D	柴油	5座	2000cc	自動波	2015	$128
    ✅ [22] 93832082 🚗豐田 VOXY HYBRID 1.8	混能	7座	1800cc	自動波
    ✅ [22] 61866889 🚗豐田 VELLFIRE 2.5 FACELIFT	汽油	7座	2500
    ✅ [22] 93832082 🚗三菱 OUTLANDER	汽油	7座	2000cc	自動波	2017	
    ✅ [22] 98580135 🚗豐田 VOXY HYBRID ZS FACELIFT NOAH	混能	
    ✅ [22] 91477612 🚗保時捷 TAYCAN	電動	5座	120kW	自動波	2024	$86
    ✅ [22] 63606036 🚗平治 C200 AMG LINE	汽油	5座	1991cc	自動波	2
    ✅ [22] 64789378 🚗豐田 ALPHARD 2.4 HYBRID	混能	7座	2362cc	
    ✅ [22] 63344772 🚗保時捷 MACAN S	汽油	5座	2997cc	自動波	2015	$
    ✅ [22] 53075743 🚗特斯拉 MODEL 3 LONG RANGE AWD	電動	5座	15
    ✅ [22] 98845529 🚗平治 CLA200 AMG	汽油	5座	1595cc	自動波	2016
  📄 爬取第 36 頁...
    ✅ [22] 94380418
    ✅ [22] 60566018 🚗豐田 SIENTA HYBRID	混能	7座	1500cc	自動波	2
    ✅ [22] 59390227 🚗豐田 SIENTA HYBRID	混能	7座	1500cc	自動波	2
    ✅ [22] 98864862 🚗寶馬 120iA M SPORT EDITION	汽油	5座	1600
    ✅ [22] 60566018 🚗福士 TOURAN 280 TSI LUXURY	汽油	7座	1395
    ✅ [22] 92194194 🚗特斯拉 MODEL Y RWD	電動	5座	88kW	自動波	2023
    ✅ [22] 60566018 🚗本田 JAZZ GK5 RS	汽油	5座	1495cc	自動波	201
    ✅ [22] 60566018 🚗平治 E220D	柴油	5座	2000cc	自動波	2015	$128
    ✅ [22] 62864368 🚗平治 E220D	柴油	5座	2000cc	自動波	2015	$128
    ✅ [22] 93832082 🚗豐田 VOXY HYBRID 1.8	混能	7座	1800cc	自動波
    ✅ [22] 61866889 🚗豐田 VELLFIRE 2.5 FACELIFT	汽油	7座	2500
    ✅ [22] 93832082 🚗三菱 OUTLANDER	汽油	7座	2000cc	自動波	2017	
    ✅ [22] 98580135 🚗豐田 VOXY HYBRID ZS FACELIFT NOAH	混能	
    ✅ [22] 91477612 🚗保時捷 TAYCAN	電動	5座	120kW	自動波	2024	$86
    ✅ [22] 63606036 🚗平治 C200 AMG LINE	汽油	5座	1991cc	自動波	2
    ✅ [22] 64789378 🚗豐田 ALPHARD 2.4 HYBRID	混能	7座	2362cc	
    ✅ [22] 63344772 🚗保時捷 MACAN S	汽油	5座	2997cc	自動波	2015	$
    ✅ [22] 53075743 🚗特斯拉 MODEL 3 LONG RANGE AWD	電動	5座	15
    ✅ [22] 98845529 🚗平治 CLA200 AMG	汽油	5座	1595cc	自動波	2016
  📄 爬取第 37 頁...
    ✅ [22] 94380418
    ✅ [22] 60566018 🚗豐田 SIENTA HYBRID	混能	7座	1500cc	自動波	2
    ✅ [22] 59390227 🚗豐田 SIENTA HYBRID	混能	7座	1500cc	自動波	2
    ✅ [22] 98864862 🚗寶馬 120iA M SPORT EDITION	汽油	5座	1600
    ✅ [22] 60566018 🚗福士 TOURAN 280 TSI LUXURY	汽油	7座	1395
    ✅ [22] 92194194 🚗特斯拉 MODEL Y RWD	電動	5座	88kW	自動波	2023
    ✅ [22] 60566018 🚗本田 JAZZ GK5 RS	汽油	5座	1495cc	自動波	201
    ✅ [22] 60566018 🚗平治 E220D	柴油	5座	2000cc	自動波	2015	$128
    ✅ [22] 62864368 🚗平治 E220D	柴油	5座	2000cc	自動波	2015	$128
    ✅ [22] 93832082 🚗豐田 VOXY HYBRID 1.8	混能	7座	1800cc	自動波
    ✅ [22] 61866889 🚗豐田 VELLFIRE 2.5 FACELIFT	汽油	7座	2500
    ✅ [22] 93832082 🚗三菱 OUTLANDER	汽油	7座	2000cc	自動波	2017	
    ✅ [22] 98580135 🚗豐田 VOXY HYBRID ZS FACELIFT NOAH	混能	
    ✅ [22] 91477612 🚗保時捷 TAYCAN	電動	5座	120kW	自動波	2024	$86
    ✅ [22] 63606036 🚗平治 C200 AMG LINE	汽油	5座	1991cc	自動波	2
    ✅ [22] 64789378 🚗豐田 ALPHARD 2.4 HYBRID	混能	7座	2362cc	
    ✅ [22] 63344772 🚗保時捷 MACAN S	汽油	5座	2997cc	自動波	2015	$
    ✅ [22] 53075743 🚗特斯拉 MODEL 3 LONG RANGE AWD	電動	5座	15
    ✅ [22] 98845529 🚗平治 CLA200 AMG	汽油	5座	1595cc	自動波	2016
  📄 爬取第 38 頁...
    ✅ [23] 66110239
    ✅ [24] 62823022 🚗保時捷 CAYENNE S	汽油	5座	4806cc	自動波	2014
    ✅ [25] 68786468 🚗寶馬 X5 XDRIVE30D M SPORT	柴油	7座	3000c
    ✅ [25] 66110239 🚗寶馬 118iA	汽油	5座	1995cc	自動波	2010	$25,
    ✅ [25] 62823022 🚗平治 C200 AMG EDITION	汽油	5座	1497cc	自動
    ✅ [26] 64230205 🚗保時捷 MACAN GTS	汽油	5座	3000cc	自動波	2018
    ✅ [26] 59390227 🚗私人出讓、極低咪、只行30000 km、Mazda廠紀錄、頂...，H
    ✅ [26] 94380418 🚗萬事得 CX30	汽油	5座	2000cc	自動波	2020	$99,
    ✅ [26] 59390227 🚗豐田 SIENTA HYBRID	混能	7座	1500cc	自動波	2
    ✅ [26] 60566018 🚗豐田 HIACE 3.0 DELUXE LWB	柴油	6座	3000c
    ✅ [27] 51802478 🚗寶馬 320D	柴油	5座	2000cc	自動波	2015	$79,8
    ✅ [27] 59390227 🚗本田 Civic FK8 TYPE R	汽油	4座	2000cc	棍波
    ✅ [27] 59390227 🚗寶馬 520i M SPORT	汽油	5座	2000cc	自動波	20
    ✅ [27] 60566018 🚗本田 FREED	汽油	7座	1500cc	自動波	2017	$63,
    ✅ [27] 59390227 🚗本田 FREED	汽油	7座	1500cc	自動波	2017	$63,
    ✅ [27] 98864862 🚗寶馬 120iA M SPORT EDITION	汽油	5座	1600
    ✅ [27] 60566018 🚗福士 TOURAN 280 TSI LUXURY	汽油	7座	1395
    ✅ [27] 92194194 🚗特斯拉 MODEL Y RWD	電動	5座	88kW	自動波	2023
    ✅ [27] 60566018 🚗本田 JAZZ GK5 RS	汽油	5座	1495cc	自動波	201
    ✅ [27] 60566018 🚗平治 E220D	柴油	5座	2000cc	自動波	2015	$128
  📄 爬取第 39 頁...
    ✅ [27] 66110239
    ✅ [27] 62823022 🚗保時捷 CAYENNE S	汽油	5座	4806cc	自動波	2014
    ✅ [27] 68786468 🚗寶馬 X5 XDRIVE30D M SPORT	柴油	7座	3000c
    ✅ [27] 66110239 🚗寶馬 118iA	汽油	5座	1995cc	自動波	2010	$25,
    ✅ [27] 62823022 🚗平治 C200 AMG EDITION	汽油	5座	1497cc	自動
    ✅ [27] 64230205 🚗保時捷 MACAN GTS	汽油	5座	3000cc	自動波	2018
    ✅ [27] 59390227 🚗私人出讓、極低咪、只行30000 km、Mazda廠紀錄、頂...，H
    ✅ [27] 94380418 🚗萬事得 CX30	汽油	5座	2000cc	自動波	2020	$99,
    ✅ [27] 59390227 🚗豐田 SIENTA HYBRID	混能	7座	1500cc	自動波	2
    ✅ [27] 60566018 🚗豐田 HIACE 3.0 DELUXE LWB	柴油	6座	3000c
    ✅ [27] 51802478 🚗寶馬 320D	柴油	5座	2000cc	自動波	2015	$79,8
    ✅ [27] 59390227 🚗本田 Civic FK8 TYPE R	汽油	4座	2000cc	棍波
    ✅ [27] 59390227 🚗寶馬 520i M SPORT	汽油	5座	2000cc	自動波	20
    ✅ [27] 60566018 🚗本田 FREED	汽油	7座	1500cc	自動波	2017	$63,
    ✅ [27] 59390227 🚗本田 FREED	汽油	7座	1500cc	自動波	2017	$63,
    ✅ [27] 98864862 🚗寶馬 120iA M SPORT EDITION	汽油	5座	1600
    ✅ [27] 60566018 🚗福士 TOURAN 280 TSI LUXURY	汽油	7座	1395
    ✅ [27] 92194194 🚗特斯拉 MODEL Y RWD	電動	5座	88kW	自動波	2023
    ✅ [27] 60566018 🚗本田 JAZZ GK5 RS	汽油	5座	1495cc	自動波	201
    ✅ [27] 60566018 🚗平治 E220D	柴油	5座	2000cc	自動波	2015	$128
    📊 進度: 27/100 條 (第 40 頁)
  📄 爬取第 40 頁...
    ✅ [27] 66110239
    ✅ [27] 62823022 🚗保時捷 CAYENNE S	汽油	5座	4806cc	自動波	2014
    ✅ [27] 68786468 🚗寶馬 X5 XDRIVE30D M SPORT	柴油	7座	3000c
    ✅ [27] 66110239 🚗寶馬 118iA	汽油	5座	1995cc	自動波	2010	$25,
    ✅ [27] 62823022 🚗平治 C200 AMG EDITION	汽油	5座	1497cc	自動
    ✅ [27] 64230205 🚗保時捷 MACAN GTS	汽油	5座	3000cc	自動波	2018
    ✅ [27] 59390227 🚗私人出讓、極低咪、只行30000 km、Mazda廠紀錄、頂...，H
    ✅ [27] 94380418 🚗萬事得 CX30	汽油	5座	2000cc	自動波	2020	$99,
    ✅ [27] 59390227 🚗豐田 SIENTA HYBRID	混能	7座	1500cc	自動波	2
    ✅ [27] 60566018 🚗豐田 HIACE 3.0 DELUXE LWB	柴油	6座	3000c
    ✅ [27] 51802478 🚗寶馬 320D	柴油	5座	2000cc	自動波	2015	$79,8
    ✅ [27] 59390227 🚗本田 Civic FK8 TYPE R	汽油	4座	2000cc	棍波
    ✅ [27] 59390227 🚗寶馬 520i M SPORT	汽油	5座	2000cc	自動波	20
    ✅ [27] 60566018 🚗本田 FREED	汽油	7座	1500cc	自動波	2017	$63,
    ✅ [27] 59390227 🚗本田 FREED	汽油	7座	1500cc	自動波	2017	$63,
    ✅ [27] 98864862 🚗寶馬 120iA M SPORT EDITION	汽油	5座	1600
    ✅ [27] 60566018 🚗福士 TOURAN 280 TSI LUXURY	汽油	7座	1395
    ✅ [27] 92194194 🚗特斯拉 MODEL Y RWD	電動	5座	88kW	自動波	2023
    ✅ [27] 60566018 🚗本田 JAZZ GK5 RS	汽油	5座	1495cc	自動波	201
    ✅ [27] 60566018 🚗平治 E220D	柴油	5座	2000cc	自動波	2015	$128
  📄 爬取第 41 頁...
    ✅ [27] 66110239
    ✅ [27] 62823022 🚗保時捷 CAYENNE S	汽油	5座	4806cc	自動波	2014
    ✅ [27] 68786468 🚗寶馬 X5 XDRIVE30D M SPORT	柴油	7座	3000c
    ✅ [27] 66110239 🚗寶馬 118iA	汽油	5座	1995cc	自動波	2010	$25,
    ✅ [27] 62823022 🚗平治 C200 AMG EDITION	汽油	5座	1497cc	自動
    ✅ [27] 64230205 🚗保時捷 MACAN GTS	汽油	5座	3000cc	自動波	2018
    ✅ [27] 59390227 🚗私人出讓、極低咪、只行30000 km、Mazda廠紀錄、頂...，H
    ✅ [27] 94380418 🚗萬事得 CX30	汽油	5座	2000cc	自動波	2020	$99,
    ✅ [27] 59390227 🚗豐田 SIENTA HYBRID	混能	7座	1500cc	自動波	2
    ✅ [27] 60566018 🚗豐田 HIACE 3.0 DELUXE LWB	柴油	6座	3000c
    ✅ [27] 51802478 🚗寶馬 320D	柴油	5座	2000cc	自動波	2015	$79,8
    ✅ [27] 59390227 🚗本田 Civic FK8 TYPE R	汽油	4座	2000cc	棍波
    ✅ [27] 59390227 🚗寶馬 520i M SPORT	汽油	5座	2000cc	自動波	20
    ✅ [27] 60566018 🚗本田 FREED	汽油	7座	1500cc	自動波	2017	$63,
    ✅ [27] 59390227 🚗本田 FREED	汽油	7座	1500cc	自動波	2017	$63,
    ✅ [27] 98864862 🚗寶馬 120iA M SPORT EDITION	汽油	5座	1600
    ✅ [27] 60566018 🚗福士 TOURAN 280 TSI LUXURY	汽油	7座	1395
    ✅ [27] 92194194 🚗特斯拉 MODEL Y RWD	電動	5座	88kW	自動波	2023
    ✅ [27] 60566018 🚗本田 JAZZ GK5 RS	汽油	5座	1495cc	自動波	201
    ✅ [27] 60566018 🚗平治 E220D	柴油	5座	2000cc	自動波	2015	$128
  📄 爬取第 42 頁...
    ✅ [27] 66110239
    ✅ [27] 62823022 🚗保時捷 CAYENNE S	汽油	5座	4806cc	自動波	2014
    ✅ [27] 68786468 🚗寶馬 X5 XDRIVE30D M SPORT	柴油	7座	3000c
    ✅ [27] 66110239 🚗寶馬 118iA	汽油	5座	1995cc	自動波	2010	$25,
    ✅ [27] 62823022 🚗平治 C200 AMG EDITION	汽油	5座	1497cc	自動
    ✅ [27] 64230205 🚗保時捷 MACAN GTS	汽油	5座	3000cc	自動波	2018
    ✅ [27] 59390227 🚗私人出讓、極低咪、只行30000 km、Mazda廠紀錄、頂...，H
    ✅ [27] 94380418 🚗萬事得 CX30	汽油	5座	2000cc	自動波	2020	$99,
    ✅ [27] 59390227 🚗豐田 SIENTA HYBRID	混能	7座	1500cc	自動波	2
    ✅ [27] 60566018 🚗豐田 HIACE 3.0 DELUXE LWB	柴油	6座	3000c
    ✅ [27] 51802478 🚗寶馬 320D	柴油	5座	2000cc	自動波	2015	$79,8
    ✅ [27] 59390227 🚗本田 Civic FK8 TYPE R	汽油	4座	2000cc	棍波
    ✅ [27] 59390227 🚗寶馬 520i M SPORT	汽油	5座	2000cc	自動波	20
    ✅ [27] 60566018 🚗本田 FREED	汽油	7座	1500cc	自動波	2017	$63,
    ✅ [27] 59390227 🚗本田 FREED	汽油	7座	1500cc	自動波	2017	$63,
    ✅ [27] 98864862 🚗寶馬 120iA M SPORT EDITION	汽油	5座	1600
    ✅ [27] 60566018 🚗福士 TOURAN 280 TSI LUXURY	汽油	7座	1395
    ✅ [27] 92194194 🚗特斯拉 MODEL Y RWD	電動	5座	88kW	自動波	2023
    ✅ [27] 60566018 🚗本田 JAZZ GK5 RS	汽油	5座	1495cc	自動波	201
    ✅ [27] 60566018 🚗平治 E220D	柴油	5座	2000cc	自動波	2015	$128
  📄 爬取第 43 頁...
    ✅ [27] 66110239
    ✅ [27] 62823022 🚗保時捷 CAYENNE S	汽油	5座	4806cc	自動波	2014
    ✅ [27] 68786468 🚗寶馬 X5 XDRIVE30D M SPORT	柴油	7座	3000c
    ✅ [27] 66110239 🚗寶馬 118iA	汽油	5座	1995cc	自動波	2010	$25,
    ✅ [27] 62823022 🚗平治 C200 AMG EDITION	汽油	5座	1497cc	自動
    ✅ [27] 64230205 🚗保時捷 MACAN GTS	汽油	5座	3000cc	自動波	2018
    ✅ [27] 59390227 🚗私人出讓、極低咪、只行30000 km、Mazda廠紀錄、頂...，H
    ✅ [27] 94380418 🚗萬事得 CX30	汽油	5座	2000cc	自動波	2020	$99,
    ✅ [27] 59390227 🚗豐田 SIENTA HYBRID	混能	7座	1500cc	自動波	2
    ✅ [27] 60566018 🚗豐田 HIACE 3.0 DELUXE LWB	柴油	6座	3000c
    ✅ [27] 51802478 🚗寶馬 320D	柴油	5座	2000cc	自動波	2015	$79,8
    ✅ [27] 59390227 🚗本田 Civic FK8 TYPE R	汽油	4座	2000cc	棍波
    ✅ [27] 59390227 🚗寶馬 520i M SPORT	汽油	5座	2000cc	自動波	20
    ✅ [27] 60566018 🚗本田 FREED	汽油	7座	1500cc	自動波	2017	$63,
    ✅ [27] 59390227 🚗本田 FREED	汽油	7座	1500cc	自動波	2017	$63,
    ✅ [27] 98864862 🚗寶馬 120iA M SPORT EDITION	汽油	5座	1600
    ✅ [27] 60566018 🚗福士 TOURAN 280 TSI LUXURY	汽油	7座	1395
    ✅ [27] 92194194 🚗特斯拉 MODEL Y RWD	電動	5座	88kW	自動波	2023
    ✅ [27] 60566018 🚗本田 JAZZ GK5 RS	汽油	5座	1495cc	自動波	201
    ✅ [27] 60566018 🚗平治 E220D	柴油	5座	2000cc	自動波	2015	$128
  📄 爬取第 44 頁...
    ✅ [27] 66110239
    ✅ [27] 62823022 🚗保時捷 CAYENNE S	汽油	5座	4806cc	自動波	2014
    ✅ [27] 68786468 🚗寶馬 X5 XDRIVE30D M SPORT	柴油	7座	3000c
    ✅ [27] 66110239 🚗寶馬 118iA	汽油	5座	1995cc	自動波	2010	$25,
    ✅ [27] 62823022 🚗平治 C200 AMG EDITION	汽油	5座	1497cc	自動
    ✅ [27] 64230205 🚗保時捷 MACAN GTS	汽油	5座	3000cc	自動波	2018
    ✅ [27] 59390227 🚗私人出讓、極低咪、只行30000 km、Mazda廠紀錄、頂...，H
    ✅ [27] 94380418 🚗萬事得 CX30	汽油	5座	2000cc	自動波	2020	$99,
    ✅ [27] 59390227 🚗豐田 SIENTA HYBRID	混能	7座	1500cc	自動波	2
    ✅ [27] 60566018 🚗豐田 HIACE 3.0 DELUXE LWB	柴油	6座	3000c
    ✅ [27] 51802478 🚗寶馬 320D	柴油	5座	2000cc	自動波	2015	$79,8
    ✅ [27] 59390227 🚗本田 Civic FK8 TYPE R	汽油	4座	2000cc	棍波
    ✅ [27] 59390227 🚗寶馬 520i M SPORT	汽油	5座	2000cc	自動波	20
    ✅ [27] 60566018 🚗本田 FREED	汽油	7座	1500cc	自動波	2017	$63,
    ✅ [27] 59390227 🚗本田 FREED	汽油	7座	1500cc	自動波	2017	$63,
    ✅ [27] 98864862 🚗寶馬 120iA M SPORT EDITION	汽油	5座	1600
    ✅ [27] 60566018 🚗福士 TOURAN 280 TSI LUXURY	汽油	7座	1395
    ✅ [27] 92194194 🚗特斯拉 MODEL Y RWD	電動	5座	88kW	自動波	2023
    ✅ [27] 60566018 🚗本田 JAZZ GK5 RS	汽油	5座	1495cc	自動波	201
    ✅ [27] 60566018 🚗平治 E220D	柴油	5座	2000cc	自動波	2015	$128
    📊 進度: 27/100 條 (第 45 頁)
  📄 爬取第 45 頁...
    ✅ [28] 66060605
    ✅ [29] 94448758 🚗豐田 ALPHARD 2.5 SC	汽油	7座	2500cc	自動波	
    ✅ [29] 94448758 🚗2013年Audi S5 Cabriolet 3.0 TFS...，M
    ✅ [29] 94448758 🚗豐田 ALPHARD 3.5 SC FACELIFT	汽油	7座	34
    ✅ [29] 63606036 🚗豐田 ALPHARD 3.5 SC FACELIFT	汽油	7座	34
    ✅ [30] 55056337 🚗豐田 ALPHARD 2.5 HYBRID SC	汽油	7座	2500
    ✅ [31] 69425434 🚗凌志 NX300 F SPORT	汽油	5座	2000cc	自動波	2
    ✅ [32] 93793325 🚗豐田 ALPHARD 2.5 HYBRID	混能	7座	2500cc	
    ✅ [32] 93793325 🚗豐田 VELLFIRE 2.5 FACELIFT	汽油	7座	2500
    ✅ [33] 46230177 🚗豐田 VELLFIRE 2.5 FACELIFT ALPHARD	汽油
    ✅ [33] 46230177 🚗豐田 VELLFIRE 2.5 FACELIFT ALPHARD	汽油
    ✅ [34] 68224489 🚗豐田 VELLFIRE 2.5 FACELIFT ALPHARD	汽油
    ✅ [35] 93480618 🚗賓利 FLYING SPUR W12	汽油	5座	5998cc	自動波
    ✅ [35] 93480618 🚗豐田 SPADE 1.5	汽油	5座	1496cc	自動波	2018	
    ✅ [35] 68224489 🚗本田 JAZZ	汽油	5座	1300cc	自動波	2018	$52,0
    ✅ [36] 93890652 🚗平治 CLA35 AMG	汽油	5座	2000cc	自動波	2022	
    ✅ [36] 93480618 🚗平治 CLA35 AMG	汽油	5座	2000cc	自動波	2022	
    ✅ [36] 68224489 🚗豐田 NOAH 80 DELUXE	汽油	7座	1987cc	自動波	
    ✅ [37] 90334418 🚗富豪 XC90 T6 RDESIGN	汽油	7座	1969cc	自動波
  📄 爬取第 46 頁...
    ✅ [37] 66060605
    ✅ [37] 94448758 🚗豐田 ALPHARD 2.5 SC	汽油	7座	2500cc	自動波	
    ✅ [37] 94448758 🚗2013年Audi S5 Cabriolet 3.0 TFS...，M
    ✅ [37] 94448758 🚗豐田 ALPHARD 3.5 SC FACELIFT	汽油	7座	34
    ✅ [37] 63606036 🚗豐田 ALPHARD 3.5 SC FACELIFT	汽油	7座	34
    ✅ [37] 55056337 🚗豐田 ALPHARD 2.5 HYBRID SC	汽油	7座	2500
    ✅ [37] 69425434 🚗凌志 NX300 F SPORT	汽油	5座	2000cc	自動波	2
    ✅ [37] 93793325 🚗豐田 ALPHARD 2.5 HYBRID	混能	7座	2500cc	
    ✅ [37] 93793325 🚗豐田 VELLFIRE 2.5 FACELIFT	汽油	7座	2500
    ✅ [37] 46230177 🚗豐田 VELLFIRE 2.5 FACELIFT ALPHARD	汽油
    ✅ [37] 46230177 🚗豐田 VELLFIRE 2.5 FACELIFT ALPHARD	汽油
    ✅ [37] 68224489 🚗豐田 VELLFIRE 2.5 FACELIFT ALPHARD	汽油
    ✅ [37] 93480618 🚗賓利 FLYING SPUR W12	汽油	5座	5998cc	自動波
    ✅ [37] 93480618 🚗豐田 SPADE 1.5	汽油	5座	1496cc	自動波	2018	
    ✅ [37] 68224489 🚗本田 JAZZ	汽油	5座	1300cc	自動波	2018	$52,0
    ✅ [37] 93890652 🚗平治 CLA35 AMG	汽油	5座	2000cc	自動波	2022	
    ✅ [37] 93480618 🚗平治 CLA35 AMG	汽油	5座	2000cc	自動波	2022	
    ✅ [37] 68224489 🚗豐田 NOAH 80 DELUXE	汽油	7座	1987cc	自動波	
    ✅ [37] 90334418 🚗富豪 XC90 T6 RDESIGN	汽油	7座	1969cc	自動波
  📄 爬取第 47 頁...
    ✅ [37] 66060605
    ✅ [37] 94448758 🚗豐田 ALPHARD 2.5 SC	汽油	7座	2500cc	自動波	
    ✅ [37] 94448758 🚗2013年Audi S5 Cabriolet 3.0 TFS...，M
    ✅ [37] 94448758 🚗豐田 ALPHARD 3.5 SC FACELIFT	汽油	7座	34
    ✅ [37] 63606036 🚗豐田 ALPHARD 3.5 SC FACELIFT	汽油	7座	34
    ✅ [37] 55056337 🚗豐田 ALPHARD 2.5 HYBRID SC	汽油	7座	2500
    ✅ [37] 69425434 🚗凌志 NX300 F SPORT	汽油	5座	2000cc	自動波	2
    ✅ [37] 93793325 🚗豐田 ALPHARD 2.5 HYBRID	混能	7座	2500cc	
    ✅ [37] 93793325 🚗豐田 VELLFIRE 2.5 FACELIFT	汽油	7座	2500
    ✅ [37] 46230177 🚗豐田 VELLFIRE 2.5 FACELIFT ALPHARD	汽油
    ✅ [37] 46230177 🚗豐田 VELLFIRE 2.5 FACELIFT ALPHARD	汽油
    ✅ [37] 68224489 🚗豐田 VELLFIRE 2.5 FACELIFT ALPHARD	汽油
    ✅ [37] 93480618 🚗賓利 FLYING SPUR W12	汽油	5座	5998cc	自動波
    ✅ [37] 93480618 🚗豐田 SPADE 1.5	汽油	5座	1496cc	自動波	2018	
    ✅ [37] 68224489 🚗本田 JAZZ	汽油	5座	1300cc	自動波	2018	$52,0
    ✅ [37] 93890652 🚗平治 CLA35 AMG	汽油	5座	2000cc	自動波	2022	
    ✅ [37] 93480618 🚗平治 CLA35 AMG	汽油	5座	2000cc	自動波	2022	
    ✅ [37] 68224489 🚗豐田 NOAH 80 DELUXE	汽油	7座	1987cc	自動波	
    ✅ [37] 90334418 🚗富豪 XC90 T6 RDESIGN	汽油	7座	1969cc	自動波
  📄 爬取第 48 頁...
    ✅ [37] 66060605
    ✅ [37] 94448758 🚗豐田 ALPHARD 2.5 SC	汽油	7座	2500cc	自動波	
    ✅ [37] 94448758 🚗2013年Audi S5 Cabriolet 3.0 TFS...，M
    ✅ [37] 94448758 🚗豐田 ALPHARD 3.5 SC FACELIFT	汽油	7座	34
    ✅ [37] 63606036 🚗豐田 ALPHARD 3.5 SC FACELIFT	汽油	7座	34
    ✅ [37] 55056337 🚗豐田 ALPHARD 2.5 HYBRID SC	汽油	7座	2500
    ✅ [37] 69425434 🚗凌志 NX300 F SPORT	汽油	5座	2000cc	自動波	2
    ✅ [37] 93793325 🚗豐田 ALPHARD 2.5 HYBRID	混能	7座	2500cc	
    ✅ [37] 93793325 🚗豐田 VELLFIRE 2.5 FACELIFT	汽油	7座	2500
    ✅ [37] 46230177 🚗豐田 VELLFIRE 2.5 FACELIFT ALPHARD	汽油
    ✅ [37] 46230177 🚗豐田 VELLFIRE 2.5 FACELIFT ALPHARD	汽油
    ✅ [37] 68224489 🚗豐田 VELLFIRE 2.5 FACELIFT ALPHARD	汽油
    ✅ [37] 93480618 🚗賓利 FLYING SPUR W12	汽油	5座	5998cc	自動波
    ✅ [37] 93480618 🚗豐田 SPADE 1.5	汽油	5座	1496cc	自動波	2018	
    ✅ [37] 68224489 🚗本田 JAZZ	汽油	5座	1300cc	自動波	2018	$52,0
    ✅ [37] 93890652 🚗平治 CLA35 AMG	汽油	5座	2000cc	自動波	2022	
    ✅ [37] 93480618 🚗平治 CLA35 AMG	汽油	5座	2000cc	自動波	2022	
    ✅ [37] 68224489 🚗豐田 NOAH 80 DELUXE	汽油	7座	1987cc	自動波	
    ✅ [37] 90334418 🚗富豪 XC90 T6 RDESIGN	汽油	7座	1969cc	自動波
  📄 爬取第 49 頁...
    ✅ [37] 66060605
    ✅ [37] 94448758 🚗豐田 ALPHARD 2.5 SC	汽油	7座	2500cc	自動波	
    ✅ [37] 94448758 🚗2013年Audi S5 Cabriolet 3.0 TFS...，M
    ✅ [37] 94448758 🚗豐田 ALPHARD 3.5 SC FACELIFT	汽油	7座	34
    ✅ [37] 63606036 🚗豐田 ALPHARD 3.5 SC FACELIFT	汽油	7座	34
    ✅ [37] 55056337 🚗豐田 ALPHARD 2.5 HYBRID SC	汽油	7座	2500
    ✅ [37] 69425434 🚗凌志 NX300 F SPORT	汽油	5座	2000cc	自動波	2
    ✅ [37] 93793325 🚗豐田 ALPHARD 2.5 HYBRID	混能	7座	2500cc	
    ✅ [37] 93793325 🚗豐田 VELLFIRE 2.5 FACELIFT	汽油	7座	2500
    ✅ [37] 46230177 🚗豐田 VELLFIRE 2.5 FACELIFT ALPHARD	汽油
    ✅ [37] 46230177 🚗豐田 VELLFIRE 2.5 FACELIFT ALPHARD	汽油
    ✅ [37] 68224489 🚗豐田 VELLFIRE 2.5 FACELIFT ALPHARD	汽油
    ✅ [37] 93480618 🚗賓利 FLYING SPUR W12	汽油	5座	5998cc	自動波
    ✅ [37] 93480618 🚗豐田 SPADE 1.5	汽油	5座	1496cc	自動波	2018	
    ✅ [37] 68224489 🚗本田 JAZZ	汽油	5座	1300cc	自動波	2018	$52,0
    ✅ [37] 93890652 🚗平治 CLA35 AMG	汽油	5座	2000cc	自動波	2022	
    ✅ [37] 93480618 🚗平治 CLA35 AMG	汽油	5座	2000cc	自動波	2022	
    ✅ [37] 68224489 🚗豐田 NOAH 80 DELUXE	汽油	7座	1987cc	自動波	
    ✅ [37] 90334418 🚗富豪 XC90 T6 RDESIGN	汽油	7座	1969cc	自動波
    📊 進度: 37/100 條 (第 50 頁)
  📄 爬取第 50 頁...
    ✅ [37] 66060605
    ✅ [37] 94448758 🚗豐田 ALPHARD 2.5 SC	汽油	7座	2500cc	自動波	
    ✅ [37] 94448758 🚗2013年Audi S5 Cabriolet 3.0 TFS...，M
    ✅ [37] 94448758 🚗豐田 ALPHARD 3.5 SC FACELIFT	汽油	7座	34
    ✅ [37] 63606036 🚗豐田 ALPHARD 3.5 SC FACELIFT	汽油	7座	34
    ✅ [37] 55056337 🚗豐田 ALPHARD 2.5 HYBRID SC	汽油	7座	2500
    ✅ [37] 69425434 🚗凌志 NX300 F SPORT	汽油	5座	2000cc	自動波	2
    ✅ [37] 93793325 🚗豐田 ALPHARD 2.5 HYBRID	混能	7座	2500cc	
    ✅ [37] 93793325 🚗豐田 VELLFIRE 2.5 FACELIFT	汽油	7座	2500
    ✅ [37] 46230177 🚗豐田 VELLFIRE 2.5 FACELIFT ALPHARD	汽油
    ✅ [37] 46230177 🚗豐田 VELLFIRE 2.5 FACELIFT ALPHARD	汽油
    ✅ [37] 68224489 🚗豐田 VELLFIRE 2.5 FACELIFT ALPHARD	汽油
    ✅ [37] 93480618 🚗賓利 FLYING SPUR W12	汽油	5座	5998cc	自動波
    ✅ [37] 93480618 🚗豐田 SPADE 1.5	汽油	5座	1496cc	自動波	2018	
    ✅ [37] 68224489 🚗本田 JAZZ	汽油	5座	1300cc	自動波	2018	$52,0
    ✅ [37] 93890652 🚗平治 CLA35 AMG	汽油	5座	2000cc	自動波	2022	
    ✅ [37] 93480618 🚗平治 CLA35 AMG	汽油	5座	2000cc	自動波	2022	
    ✅ [37] 68224489 🚗豐田 NOAH 80 DELUXE	汽油	7座	1987cc	自動波	
    ✅ [37] 90334418 🚗富豪 XC90 T6 RDESIGN	汽油	7座	1969cc	自動波
    ⚠️ 已達最大頁數限制 (50 頁)，停止爬取

📊 28car 完成: 37 條

📘 啟動 Facebook 爬蟲...
❌ Facebook 瀏覽器啟動失敗: Message: session not created: cannot connect to chrome at 127.0.0.1:49662
from chrome not reachable; For documentation on this error, please visit: https://www.selenium.dev/documentation/webdriver/troubleshooting/errors#sessionnotcreatedexception
Stacktrace:
0   undetected_chromedriver             0x000000010c6e6ed8 undetected_chromedriver + 6758104
1   undetected_chromedriver             0x000000010c6de67a undetected_chromedriver + 6723194
2   undetected_chromedriver             0x000000010c0e3770 undetected_chromedriver + 452464
3   undetected_chromedriver             0x000000010c0cebc2 undetected_chromedriver + 367554
4   undetected_chromedriver             0x000000010c125f24 undetected_chromedriver + 724772
5   undetected_chromedriver             0x000000010c11ae09 undetected_chromedriver + 679433
6   undetected_chromedriver             0x000000010c16c667 undetected_chromedriver + 1013351
7   undetected_chromedriver             0x000000010c16bd2c undetected_chromedriver + 1010988
8   undetected_chromedriver             0x000000010c12a4e1 undetected_chromedriver + 742625
9   undetected_chromedriver             0x000000010c12b2e1 undetected_chromedriver + 746209
10  undetected_chromedriver             0x000000010c69f3ec undetected_chromedriver + 6464492
11  undetected_chromedriver             0x000000010c6a37be undetected_chromedriver + 6481854
12  undetected_chromedriver             0x000000010c67f46d undetected_chromedriver + 6333549
13  undetected_chromedriver             0x000000010c6a4228 undetected_chromedriver + 6484520
14  undetected_chromedriver             0x000000010c66e7b0 undetected_chromedriver + 6264752
15  undetected_chromedriver             0x000000010c6cae78 undetected_chromedriver + 6643320
16  undetected_chromedriver             0x000000010c6cb032 undetected_chromedriver + 6643762
17  undetected_chromedriver             0x000000010c6de281 undetected_chromedriver + 6722177
18  libsystem_pthread.dylib             0x00007ff8097f8e05 _pthread_start + 115
19  libsystem_pthread.dylib             0x00007ff8097f4857 thread_start + 15

📊 Facebook 完成: 0 條

======================================================================
📊 總計獲取: 41 條

✅ Excel 導出完成:
   📄 28car 資料: /Users/claw/Desktop/汽車保險潛客數據/本地_28car資料_20260322.xlsx
      - 28car電話: 41 條
   📄 全部資料: /Users/claw/Desktop/汽車保險潛客數據/本地_全部資料_20260322.xlsx (41 條)

📊 來源統計:
   - 28car: 41 條
   - Facebook: 0 條
     ├─ 帖子: 0 條
     ├─ 評論: 0 條
     └─ 含電話: 0 條
   - 合併去重後總計: 41 個電話
======================================================================
⚠️ 警告: 未達到目標 100 條，僅獲取 41 條
