/Users/claw/Library/Python/3.9/lib/python/site-packages/urllib3/__init__.py:35: NotOpenSSLWarning: urllib3 v2 only supports OpenSSL 1.1.1+, currently the 'ssl' module is compiled with 'LibreSSL 2.8.3'. See: https://github.com/urllib3/urllib3/issues/3020
  warnings.warn(
======================================================================
🤖 整合爬蟲系統 v2.0
======================================================================
🎯 目標: 100 條有效數據
📁 輸出: /Users/claw/Desktop/汽車保險潛客數據
⏰ 時間: 2026-03-19 08:03:02
======================================================================

🚗 啟動 28car.com 爬蟲...
  📄 爬取第 1 頁...
    ✅ [1] 15012000 
    ✅ [2] 20012500 
    ✅ [3] 25013500 
    ✅ [4] 35014500 
    ✅ [5] 69922781 VELLFIRE 2
    ✅ [6] 61819489 RX450
    ✅ [7] 46294072 FORCE155
    ✅ [8] 93101922 
    ✅ [9] 93808216 VELLFIRE 2
    ✅ [9] 69922781 VELLFIRE 2
    ✅ [10] 91608108 VELLFIRE 2
    ✅ [11] 97380228 
    ✅ [12] 44621498 
    ✅ [12] 44621498 
    ✅ [13] 96717982 
    ✅ [13] 96717982 
    ✅ [14] 62169256 NC750
    ✅ [14] 44621498 
    ✅ [15] 64673217 MEGANE GT220
    ✅ [16] 90334418 
    ✅ [17] 92556147 FREED GB3
  📄 爬取第 2 頁...
    ✅ [17] 15012000 
    ✅ [17] 20012500 
    ✅ [17] 25013500 
    ✅ [17] 35014500 
    ✅ [17] 69922781 VELLFIRE 2
    ✅ [17] 61819489 RX450
    ✅ [17] 46294072 FORCE155
    ✅ [17] 93101922 
    ✅ [17] 93808216 VELLFIRE 2
    ✅ [17] 69922781 VELLFIRE 2
    ✅ [17] 91608108 VELLFIRE 2
    ✅ [17] 97380228 
    ✅ [17] 44621498 
    ✅ [17] 44621498 
    ✅ [17] 96717982 
    ✅ [17] 96717982 
    ✅ [17] 62169256 NC750
    ✅ [17] 44621498 
    ✅ [17] 64673217 MEGANE GT220
    ✅ [17] 90334418 
    ✅ [17] 92556147 FREED GB3
  📄 爬取第 3 頁...
    ✅ [17] 15012000 
    ✅ [17] 20012500 
    ✅ [17] 25013500 
    ✅ [17] 35014500 
    ✅ [17] 69922781 VELLFIRE 2
    ✅ [17] 61819489 RX450
    ✅ [17] 46294072 FORCE155
    ✅ [17] 93101922 
    ✅ [17] 93808216 VELLFIRE 2
    ✅ [17] 69922781 VELLFIRE 2
    ✅ [17] 91608108 VELLFIRE 2
    ✅ [17] 97380228 
    ✅ [17] 44621498 
    ✅ [17] 44621498 
    ✅ [17] 96717982 
    ✅ [17] 96717982 
    ✅ [17] 62169256 NC750
    ✅ [17] 44621498 
    ✅ [17] 64673217 MEGANE GT220
    ✅ [17] 90334418 
    ✅ [17] 92556147 FREED GB3
  📄 爬取第 4 頁...
    ✅ [17] 15012000 
    ✅ [17] 20012500 
    ✅ [17] 25013500 
    ✅ [17] 35014500 
    ✅ [17] 69922781 VELLFIRE 2
    ✅ [17] 61819489 RX450
    ✅ [17] 46294072 FORCE155
    ✅ [17] 93101922 
    ✅ [17] 93808216 VELLFIRE 2
    ✅ [17] 69922781 VELLFIRE 2
    ✅ [17] 91608108 VELLFIRE 2
    ✅ [17] 97380228 
    ✅ [17] 44621498 
    ✅ [17] 44621498 
    ✅ [17] 96717982 
    ✅ [17] 96717982 
    ✅ [17] 62169256 NC750
    ✅ [17] 44621498 
    ✅ [17] 64673217 MEGANE GT220
    ✅ [17] 90334418 
    ✅ [17] 92556147 FREED GB3
  📄 爬取第 5 頁...
    ✅ [17] 15012000 
    ✅ [17] 20012500 
    ✅ [17] 25013500 
    ✅ [17] 35014500 
    ✅ [17] 69922781 VELLFIRE 2
    ✅ [17] 61819489 RX450
    ✅ [17] 46294072 FORCE155
    ✅ [17] 93101922 
    ✅ [17] 93808216 VELLFIRE 2
    ✅ [17] 69922781 VELLFIRE 2
    ✅ [17] 91608108 VELLFIRE 2
    ✅ [17] 97380228 
    ✅ [17] 44621498 
    ✅ [17] 44621498 
    ✅ [17] 96717982 
    ✅ [17] 96717982 
    ✅ [17] 62169256 NC750
    ✅ [17] 44621498 
    ✅ [17] 64673217 MEGANE GT220
    ✅ [17] 90334418 
    ✅ [17] 92556147 FREED GB3
  📄 爬取第 6 頁...
    ✅ [17] 15012000 
    ✅ [17] 20012500 
    ✅ [17] 25013500 
    ✅ [17] 35014500 
    ✅ [17] 69922781 VELLFIRE 2
    ✅ [17] 61819489 RX450
    ✅ [17] 46294072 FORCE155
    ✅ [17] 93101922 
    ✅ [17] 93808216 VELLFIRE 2
    ✅ [17] 69922781 VELLFIRE 2
    ✅ [17] 91608108 VELLFIRE 2
    ✅ [17] 97380228 
    ✅ [17] 44621498 
    ✅ [17] 44621498 
    ✅ [17] 96717982 
    ✅ [17] 96717982 
    ✅ [17] 62169256 NC750
    ✅ [17] 44621498 
    ✅ [17] 64673217 MEGANE GT220
    ✅ [17] 90334418 
    ✅ [17] 92556147 FREED GB3
  📄 爬取第 7 頁...
    ✅ [17] 15012000 
    ✅ [17] 20012500 
    ✅ [17] 25013500 
    ✅ [17] 35014500 
    ✅ [17] 69922781 VELLFIRE 2
    ✅ [17] 61819489 RX450
    ✅ [17] 46294072 FORCE155
    ✅ [17] 93101922 
    ✅ [17] 93808216 VELLFIRE 2
    ✅ [17] 69922781 VELLFIRE 2
    ✅ [17] 91608108 VELLFIRE 2
    ✅ [17] 97380228 
    ✅ [17] 44621498 
    ✅ [17] 44621498 
    ✅ [17] 96717982 
    ✅ [17] 96717982 
    ✅ [17] 62169256 NC750
    ✅ [17] 44621498 
    ✅ [17] 64673217 MEGANE GT220
    ✅ [17] 90334418 
    ✅ [17] 92556147 FREED GB3
  📄 爬取第 8 頁...
    ✅ [17] 15012000 
    ✅ [17] 20012500 
    ✅ [17] 25013500 
    ✅ [17] 35014500 
    ✅ [17] 69922781 VELLFIRE 2
    ✅ [17] 61819489 RX450
    ✅ [17] 46294072 FORCE155
    ✅ [17] 93101922 
    ✅ [17] 93808216 VELLFIRE 2
    ✅ [17] 69922781 VELLFIRE 2
    ✅ [17] 91608108 VELLFIRE 2
    ✅ [17] 97380228 
    ✅ [17] 44621498 
    ✅ [17] 44621498 
    ✅ [17] 96717982 
    ✅ [17] 96717982 
    ✅ [17] 62169256 NC750
    ✅ [17] 44621498 
    ✅ [17] 64673217 MEGANE GT220
    ✅ [17] 90334418 
    ✅ [17] 92556147 FREED GB3
  📄 爬取第 9 頁...
    ✅ [17] 15012000 
    ✅ [17] 20012500 
    ✅ [17] 25013500 
    ✅ [17] 35014500 
    ✅ [17] 91608108 
    ✅ [18] 55410841 STEPWGN HYBRID RP5
    ✅ [18] 93808216 
    ✅ [18] 93808216 
    ✅ [18] 93808216 
    ✅ [19] 67467995 VELLFIRE 2
    ✅ [19] 61819489 GLA200
    ✅ [20] 68001777 
    ✅ [20] 69922781 VELLFIRE 2
    ✅ [20] 61819489 RX450
    ✅ [20] 46294072 FORCE155
    ✅ [20] 93101922 
    ✅ [20] 93808216 VELLFIRE 2
    ✅ [20] 69922781 VELLFIRE 2
    ✅ [20] 91608108 VELLFIRE 2
    ✅ [20] 97380228 
    ✅ [20] 44621498 
    ✅ [20] 44621498 
    ✅ [20] 96717982 
  📄 爬取第 10 頁...
    ✅ [20] 15012000 
    ✅ [20] 20012500 
    ✅ [20] 25013500 
    ✅ [20] 35014500 
    ✅ [20] 91608108 
    ✅ [20] 55410841 STEPWGN HYBRID RP5
    ✅ [20] 93808216 
    ✅ [20] 93808216 
    ✅ [20] 93808216 
    ✅ [20] 67467995 VELLFIRE 2
    ✅ [20] 61819489 GLA200
    ✅ [20] 68001777 
    ✅ [20] 69922781 VELLFIRE 2
    ✅ [20] 61819489 RX450
    ✅ [20] 46294072 FORCE155
    ✅ [20] 93101922 
    ✅ [20] 93808216 VELLFIRE 2
    ✅ [20] 69922781 VELLFIRE 2
    ✅ [20] 91608108 VELLFIRE 2
    ✅ [20] 97380228 
    ✅ [20] 44621498 
    ✅ [20] 44621498 
    ✅ [20] 96717982 
  📄 爬取第 11 頁...
    ✅ [20] 15012000 
    ✅ [20] 20012500 
    ✅ [20] 25013500 
    ✅ [20] 35014500 
    ✅ [20] 91608108 
    ✅ [20] 55410841 STEPWGN HYBRID RP5
    ✅ [20] 93808216 
    ✅ [20] 93808216 
    ✅ [20] 93808216 
    ✅ [20] 67467995 VELLFIRE 2
    ✅ [20] 61819489 GLA200
    ✅ [20] 68001777 
    ✅ [20] 69922781 VELLFIRE 2
    ✅ [20] 61819489 RX450
    ✅ [20] 46294072 FORCE155
    ✅ [20] 93101922 
    ✅ [20] 93808216 VELLFIRE 2
    ✅ [20] 69922781 VELLFIRE 2
    ✅ [20] 91608108 VELLFIRE 2
    ✅ [20] 97380228 
    ✅ [20] 44621498 
    ✅ [20] 44621498 
    ✅ [20] 96717982 
  📄 爬取第 12 頁...
    ✅ [20] 15012000 
    ✅ [20] 20012500 
    ✅ [20] 25013500 
    ✅ [20] 35014500 
    ✅ [20] 91608108 
    ✅ [20] 55410841 STEPWGN HYBRID RP5
    ✅ [20] 93808216 
    ✅ [20] 93808216 
    ✅ [20] 93808216 
    ✅ [20] 67467995 VELLFIRE 2
    ✅ [20] 61819489 GLA200
    ✅ [20] 68001777 
    ✅ [20] 69922781 VELLFIRE 2
    ✅ [20] 61819489 RX450
    ✅ [20] 46294072 FORCE155
    ✅ [20] 93101922 
    ✅ [20] 93808216 VELLFIRE 2
    ✅ [20] 69922781 VELLFIRE 2
    ✅ [20] 91608108 VELLFIRE 2
    ✅ [20] 97380228 
    ✅ [20] 44621498 
    ✅ [20] 44621498 
    ✅ [20] 96717982 
  📄 爬取第 13 頁...
    ✅ [20] 15012000 
    ✅ [20] 20012500 
    ✅ [20] 25013500 
    ✅ [20] 35014500 
    ✅ [20] 91608108 
    ✅ [20] 55410841 STEPWGN HYBRID RP5
    ✅ [20] 93808216 
    ✅ [20] 93808216 
    ✅ [20] 93808216 
    ✅ [20] 67467995 VELLFIRE 2
    ✅ [20] 61819489 GLA200
    ✅ [20] 68001777 
    ✅ [20] 69922781 VELLFIRE 2
    ✅ [20] 61819489 RX450
    ✅ [20] 46294072 FORCE155
    ✅ [20] 93101922 
    ✅ [20] 93808216 VELLFIRE 2
    ✅ [20] 69922781 VELLFIRE 2
    ✅ [20] 91608108 VELLFIRE 2
    ✅ [20] 97380228 
    ✅ [20] 44621498 
    ✅ [20] 44621498 
    ✅ [20] 96717982 
  📄 爬取第 14 頁...
    ✅ [20] 15012000 
    ✅ [20] 20012500 
    ✅ [20] 25013500 
    ✅ [20] 35014500 
    ✅ [20] 91608108 
    ✅ [20] 55410841 STEPWGN HYBRID RP5
    ✅ [20] 93808216 
    ✅ [20] 93808216 
    ✅ [20] 93808216 
    ✅ [20] 67467995 VELLFIRE 2
    ✅ [20] 61819489 GLA200
    ✅ [20] 68001777 
    ✅ [20] 69922781 VELLFIRE 2
    ✅ [20] 61819489 RX450
    ✅ [20] 46294072 FORCE155
    ✅ [20] 93101922 
    ✅ [20] 93808216 VELLFIRE 2
    ✅ [20] 69922781 VELLFIRE 2
    ✅ [20] 91608108 VELLFIRE 2
    ✅ [20] 97380228 
    ✅ [20] 44621498 
    ✅ [20] 44621498 
    ✅ [20] 96717982 
  📄 爬取第 15 頁...
    ✅ [20] 15012000 
    ✅ [20] 20012500 
    ✅ [20] 25013500 
    ✅ [20] 35014500 
    ✅ [20] 91608108 
    ✅ [20] 55410841 STEPWGN HYBRID RP5
    ✅ [20] 93808216 
    ✅ [20] 93808216 
    ✅ [20] 93808216 
    ✅ [20] 67467995 VELLFIRE 2
    ✅ [20] 61819489 GLA200
    ✅ [20] 68001777 
    ✅ [20] 69922781 VELLFIRE 2
    ✅ [20] 61819489 RX450
    ✅ [20] 46294072 FORCE155
    ✅ [20] 93101922 
    ✅ [20] 93808216 VELLFIRE 2
    ✅ [20] 69922781 VELLFIRE 2
    ✅ [20] 91608108 VELLFIRE 2
    ✅ [20] 97380228 
    ✅ [20] 44621498 
    ✅ [20] 44621498 
    ✅ [20] 96717982 
  📄 爬取第 16 頁...
    ✅ [20] 15012000 
    ✅ [20] 20012500 
    ✅ [20] 25013500 
    ✅ [20] 35014500 
    ✅ [20] 91608108 
    ✅ [20] 55410841 STEPWGN HYBRID RP5
    ✅ [20] 93808216 
    ✅ [20] 93808216 
    ✅ [20] 93808216 
    ✅ [20] 67467995 VELLFIRE 2
    ✅ [20] 61819489 GLA200
    ✅ [20] 68001777 
    ✅ [20] 69922781 VELLFIRE 2
    ✅ [20] 61819489 RX450
    ✅ [20] 46294072 FORCE155
    ✅ [20] 93101922 
    ✅ [20] 93808216 VELLFIRE 2
    ✅ [20] 69922781 VELLFIRE 2
    ✅ [20] 91608108 VELLFIRE 2
    ✅ [20] 97380228 
    ✅ [20] 44621498 
    ✅ [20] 44621498 
    ✅ [20] 96717982 
  📄 爬取第 17 頁...
    ✅ [20] 15012000 
    ✅ [20] 20012500 
    ✅ [20] 25013500 
    ✅ [20] 35014500 
    ✅ [20] 91608108 
    ✅ [20] 55410841 STEPWGN HYBRID RP5
    ✅ [20] 93808216 
    ✅ [20] 93808216 
    ✅ [20] 93808216 
    ✅ [20] 67467995 VELLFIRE 2
    ✅ [20] 61819489 GLA200
    ✅ [20] 68001777 
    ✅ [20] 69922781 VELLFIRE 2
    ✅ [20] 61819489 RX450
    ✅ [20] 46294072 FORCE155
    ✅ [20] 93101922 
    ✅ [20] 93808216 VELLFIRE 2
    ✅ [20] 69922781 VELLFIRE 2
    ✅ [20] 91608108 VELLFIRE 2
    ✅ [20] 97380228 
    ✅ [20] 44621498 
    ✅ [20] 44621498 
    ✅ [20] 96717982 
  📄 爬取第 18 頁...
    ✅ [20] 15012000 
    ✅ [20] 20012500 
    ✅ [20] 25013500 
    ✅ [20] 35014500 
    ✅ [20] 91608108 
    ✅ [20] 55410841 STEPWGN HYBRID RP5
    ✅ [20] 93808216 
    ✅ [20] 93808216 
    ✅ [20] 93808216 
    ✅ [20] 67467995 VELLFIRE 2
    ✅ [20] 61819489 GLA200
    ✅ [20] 68001777 
    ✅ [20] 69922781 VELLFIRE 2
    ✅ [20] 61819489 RX450
    ✅ [20] 46294072 FORCE155
    ✅ [20] 93101922 
    ✅ [20] 93808216 VELLFIRE 2
    ✅ [20] 69922781 VELLFIRE 2
    ✅ [20] 91608108 VELLFIRE 2
    ✅ [20] 97380228 
    ✅ [20] 44621498 
    ✅ [20] 44621498 
    ✅ [20] 96717982 
  📄 爬取第 19 頁...
    ✅ [20] 15012000 
    ✅ [20] 20012500 
    ✅ [20] 25013500 
    ✅ [20] 35014500 
    ✅ [20] 91608108 
    ✅ [20] 55410841 STEPWGN HYBRID RP5
    ✅ [20] 93808216 
    ✅ [20] 93808216 
    ✅ [20] 93808216 
    ✅ [20] 67467995 VELLFIRE 2
    ✅ [20] 61819489 GLA200
    ✅ [20] 68001777 
    ✅ [20] 69922781 VELLFIRE 2
    ✅ [20] 61819489 RX450
    ✅ [20] 46294072 FORCE155
    ✅ [20] 93101922 
    ✅ [20] 93808216 VELLFIRE 2
    ✅ [20] 69922781 VELLFIRE 2
    ✅ [20] 91608108 VELLFIRE 2
    ✅ [20] 97380228 
    ✅ [20] 44621498 
    ✅ [20] 44621498 
    ✅ [20] 96717982 
  📄 爬取第 20 頁...
    ✅ [20] 15012000 
    ✅ [20] 20012500 
    ✅ [20] 25013500 
    ✅ [20] 35014500 
    ✅ [20] 91608108 
    ✅ [20] 55410841 STEPWGN HYBRID RP5
    ✅ [20] 93808216 
    ✅ [20] 93808216 
    ✅ [20] 93808216 
    ✅ [20] 67467995 VELLFIRE 2
    ✅ [20] 61819489 GLA200
    ✅ [20] 68001777 
    ✅ [20] 69922781 VELLFIRE 2
    ✅ [20] 61819489 RX450
    ✅ [20] 46294072 FORCE155
    ✅ [20] 93101922 
    ✅ [20] 93808216 VELLFIRE 2
    ✅ [20] 69922781 VELLFIRE 2
    ✅ [20] 91608108 VELLFIRE 2
    ✅ [20] 97380228 
    ✅ [20] 44621498 
    ✅ [20] 44621498 
    ✅ [20] 96717982 
  📄 爬取第 21 頁...
    ✅ [20] 15012000 
    ✅ [20] 20012500 
    ✅ [20] 25013500 
    ✅ [20] 35014500 
    ✅ [20] 91608108 
    ✅ [20] 55410841 STEPWGN HYBRID RP5
    ✅ [20] 93808216 
    ✅ [20] 93808216 
    ✅ [20] 93808216 
    ✅ [20] 67467995 VELLFIRE 2
    ✅ [20] 61819489 GLA200
    ✅ [20] 68001777 
    ✅ [20] 69922781 VELLFIRE 2
    ✅ [20] 61819489 RX450
    ✅ [20] 46294072 FORCE155
    ✅ [20] 93101922 
    ✅ [20] 93808216 VELLFIRE 2
    ✅ [20] 69922781 VELLFIRE 2
    ✅ [20] 91608108 VELLFIRE 2
    ✅ [20] 97380228 
    ✅ [20] 44621498 
    ✅ [20] 44621498 
    ✅ [20] 96717982 
  📄 爬取第 22 頁...
    ✅ [20] 15012000 
    ✅ [20] 20012500 
    ✅ [20] 25013500 
    ✅ [20] 35014500 
    ✅ [20] 91608108 
    ✅ [20] 55410841 STEPWGN HYBRID RP5
    ✅ [20] 93808216 
    ✅ [20] 93808216 
    ✅ [20] 93808216 
    ✅ [20] 67467995 VELLFIRE 2
    ✅ [20] 61819489 GLA200
    ✅ [20] 68001777 
    ✅ [20] 69922781 VELLFIRE 2
    ✅ [20] 61819489 RX450
    ✅ [20] 46294072 FORCE155
    ✅ [20] 93101922 
    ✅ [20] 93808216 VELLFIRE 2
    ✅ [20] 69922781 VELLFIRE 2
    ✅ [20] 91608108 VELLFIRE 2
    ✅ [20] 97380228 
    ✅ [20] 44621498 
    ✅ [20] 44621498 
    ✅ [20] 96717982 
  📄 爬取第 23 頁...
    ✅ [20] 15012000 
    ✅ [20] 20012500 
    ✅ [20] 25013500 
    ✅ [20] 35014500 
    ✅ [21] 92426408 
    ✅ [21] 55410841 
    ✅ [21] 92426408 NOAH 70
    ✅ [22] 98399444 
    ✅ [22] 92426408 Camry 2
    ✅ [22] 98399444 Civic TYPE R FK8
    ✅ [22] 55410841 FIT RS GK5
    ✅ [22] 55410841 NOAH 80
    ✅ [22] 98399444 Civic EK4
    ✅ [22] 91608108 
    ✅ [22] 55410841 
    ✅ [22] 91608108 STEPWGN HYBRID RP5
    ✅ [22] 91608108 
    ✅ [22] 55410841 STEPWGN HYBRID RP5
    ✅ [22] 93808216 
    ✅ [22] 93808216 
    ✅ [22] 93808216 
    ✅ [22] 67467995 VELLFIRE 2
    ✅ [22] 61819489 GLA200
  📄 爬取第 24 頁...
    ✅ [22] 15012000 
    ✅ [22] 20012500 
    ✅ [22] 25013500 
    ✅ [22] 35014500 
    ✅ [22] 92426408 
    ✅ [22] 55410841 
    ✅ [22] 92426408 NOAH 70
    ✅ [22] 98399444 
    ✅ [22] 92426408 Camry 2
    ✅ [22] 98399444 Civic TYPE R FK8
    ✅ [22] 55410841 FIT RS GK5
    ✅ [22] 55410841 NOAH 80
    ✅ [22] 98399444 Civic EK4
    ✅ [22] 91608108 
    ✅ [22] 55410841 
    ✅ [22] 91608108 STEPWGN HYBRID RP5
    ✅ [22] 91608108 
    ✅ [22] 55410841 STEPWGN HYBRID RP5
    ✅ [22] 93808216 
    ✅ [22] 93808216 
    ✅ [22] 93808216 
    ✅ [22] 67467995 VELLFIRE 2
    ✅ [22] 61819489 GLA200
  📄 爬取第 25 頁...
    ✅ [22] 15012000 
    ✅ [22] 20012500 
    ✅ [22] 25013500 
    ✅ [22] 35014500 
    ✅ [22] 92426408 
    ✅ [22] 55410841 
    ✅ [22] 92426408 NOAH 70
    ✅ [22] 98399444 
    ✅ [22] 92426408 Camry 2
    ✅ [22] 98399444 Civic TYPE R FK8
    ✅ [22] 55410841 FIT RS GK5
    ✅ [22] 55410841 NOAH 80
    ✅ [22] 98399444 Civic EK4
    ✅ [22] 91608108 
    ✅ [22] 55410841 
    ✅ [22] 91608108 STEPWGN HYBRID RP5
    ✅ [22] 91608108 
    ✅ [22] 55410841 STEPWGN HYBRID RP5
    ✅ [22] 93808216 
    ✅ [22] 93808216 
    ✅ [22] 93808216 
    ✅ [22] 67467995 VELLFIRE 2
    ✅ [22] 61819489 GLA200
  📄 爬取第 26 頁...
    ✅ [22] 15012000 
    ✅ [22] 20012500 
    ✅ [22] 25013500 
    ✅ [22] 35014500 
    ✅ [22] 92426408 
    ✅ [22] 55410841 
    ✅ [22] 92426408 NOAH 70
    ✅ [22] 98399444 
    ✅ [22] 92426408 Camry 2
    ✅ [22] 98399444 Civic TYPE R FK8
/Library/Developer/CommandLineTools/Library/Frameworks/Python3.framework/Versions/3.9/lib/python3.9/multiprocessing/resource_tracker.py:216: UserWarning: resource_tracker: There appear to be 1 leaked semaphore objects to clean up at shutdown
  warnings.warn('resource_tracker: There appear to be %d '
