/Users/claw/Library/Python/3.9/lib/python/site-packages/urllib3/__init__.py:35: NotOpenSSLWarning: urllib3 v2 only supports OpenSSL 1.1.1+, currently the 'ssl' module is compiled with 'LibreSSL 2.8.3'. See: https://github.com/urllib3/urllib3/issues/3020
  warnings.warn(
======================================================================
🤖 整合爬蟲系統 v2.0
======================================================================
🎯 目標: 100 條有效數據
📁 輸出: /Users/claw/Desktop/汽車保險潛客數據
⏰ 時間: 2026-03-26 22:11:47
======================================================================

🚗 啟動 28car.com 爬蟲...
  📄 爬取第 1 頁...
    ✅ [1] 53247219
    ✅ [2] 52184568 🚗豐田 NOAH HYBRID WXB FACELIFT	混能	7座	1
    ✅ [3] 62269008 🚗平治 E200 AVANTGARDE	汽油	5座	2000cc	自動波
    ✅ [4] 68389898 🚗鈴木 HUSTLER HYBRID	混能	4座	658cc	自動波	2
    ✅ [5] 65995992 🚗平治 S500	汽油	5座	4663cc	自動波	2014	$168,
    ✅ [5] 68389898 🚗豐田 HIACE 2.8 DELUXE EURO 6	柴油	5座	28
    ✅ [5] 68389898 🚗本田 FREED GB5	汽油	7座	1500cc	自動波	2018	
    ✅ [5] 68389898 🚗奧迪 Q7 45 TFSI QUATTRO	汽油	7座	3000cc	
    ✅ [6] 55776805 🚗起亞 SORENTO DIESEL	柴油	5座	2200cc	自動波	
    ✅ [6] 68389898 🚗寶馬 520iA SALOON	汽油	5座	1998cc	自動波	20
    ✅ [7] 69191323 🚗本田 JAZZ GK5 RS	汽油	5座	1496cc	自動波	201
    ✅ [8] 70710772 🚗豐田 VELLFIRE 2.4 Turbo Z PREMIER	汽油	
    ✅ [9] 94493946 🚗寶馬 X1 SDRIVE18iA	汽油	5座	1500cc	自動波	2
    ✅ [9] 70710772 🚗保時捷 TAYCAN	電動	5座	120kW	自動波	2024	$93
    ✅ [9] 94493946 🚗保時捷 TAYCAN	電動	5座	120kW	自動波	2024	$93
    ✅ [9] 70710772 🚗凌志 RX200T ULTIMATE FSPORT	汽油	5座	200
    ✅ [9] 94493946 🚗起亞 MORNING GT LINE	汽油	5座	1200cc	自動波
    ✅ [10] 55184510 🚗豐田 VELLFIRE 3.5	汽油	7座	3500cc	自動波	20
    ✅ [11] 63372121 🚗本田 FREED G AERO	汽油	7座	1500cc	自動波	20
    ✅ [12] 96995669 🚗平治 C200 AMG EDITION	汽油	5座	1500cc	自動
  📄 爬取第 2 頁...
    ✅ [12] 53247219
    ✅ [12] 52184568 🚗豐田 NOAH HYBRID WXB FACELIFT	混能	7座	1
    ✅ [12] 62269008 🚗平治 E200 AVANTGARDE	汽油	5座	2000cc	自動波
    ✅ [12] 68389898 🚗鈴木 HUSTLER HYBRID	混能	4座	658cc	自動波	2
    ✅ [12] 65995992 🚗平治 S500	汽油	5座	4663cc	自動波	2014	$168,
    ✅ [12] 68389898 🚗豐田 HIACE 2.8 DELUXE EURO 6	柴油	5座	28
    ✅ [12] 68389898 🚗本田 FREED GB5	汽油	7座	1500cc	自動波	2018	
    ✅ [12] 68389898 🚗奧迪 Q7 45 TFSI QUATTRO	汽油	7座	3000cc	
    ✅ [12] 55776805 🚗起亞 SORENTO DIESEL	柴油	5座	2200cc	自動波	
    ✅ [12] 68389898 🚗寶馬 520iA SALOON	汽油	5座	1998cc	自動波	20
    ✅ [12] 69191323 🚗本田 JAZZ GK5 RS	汽油	5座	1496cc	自動波	201
    ✅ [12] 70710772 🚗豐田 VELLFIRE 2.4 Turbo Z PREMIER	汽油	
    ✅ [12] 94493946 🚗寶馬 X1 SDRIVE18iA	汽油	5座	1500cc	自動波	2
    ✅ [12] 70710772 🚗保時捷 TAYCAN	電動	5座	120kW	自動波	2024	$93
    ✅ [12] 94493946 🚗保時捷 TAYCAN	電動	5座	120kW	自動波	2024	$93
    ✅ [12] 70710772 🚗凌志 RX200T ULTIMATE FSPORT	汽油	5座	200
    ✅ [12] 94493946 🚗起亞 MORNING GT LINE	汽油	5座	1200cc	自動波
    ✅ [12] 55184510 🚗豐田 VELLFIRE 3.5	汽油	7座	3500cc	自動波	20
    ✅ [12] 63372121 🚗本田 FREED G AERO	汽油	7座	1500cc	自動波	20
    ✅ [12] 96995669 🚗平治 C200 AMG EDITION	汽油	5座	1500cc	自動
  📄 爬取第 3 頁...
    ✅ [12] 53247219
    ✅ [12] 52184568 🚗豐田 NOAH HYBRID WXB FACELIFT	混能	7座	1
    ✅ [12] 62269008 🚗平治 E200 AVANTGARDE	汽油	5座	2000cc	自動波
    ✅ [12] 68389898 🚗鈴木 HUSTLER HYBRID	混能	4座	658cc	自動波	2
    ✅ [12] 65995992 🚗平治 S500	汽油	5座	4663cc	自動波	2014	$168,
    ✅ [12] 68389898 🚗豐田 HIACE 2.8 DELUXE EURO 6	柴油	5座	28
    ✅ [12] 68389898 🚗本田 FREED GB5	汽油	7座	1500cc	自動波	2018	
    ✅ [12] 68389898 🚗奧迪 Q7 45 TFSI QUATTRO	汽油	7座	3000cc	
    ✅ [12] 55776805 🚗起亞 SORENTO DIESEL	柴油	5座	2200cc	自動波	
    ✅ [12] 68389898 🚗寶馬 520iA SALOON	汽油	5座	1998cc	自動波	20
    ✅ [12] 69191323 🚗本田 JAZZ GK5 RS	汽油	5座	1496cc	自動波	201
    ✅ [12] 70710772 🚗豐田 VELLFIRE 2.4 Turbo Z PREMIER	汽油	
    ✅ [12] 94493946 🚗寶馬 X1 SDRIVE18iA	汽油	5座	1500cc	自動波	2
    ✅ [12] 70710772 🚗保時捷 TAYCAN	電動	5座	120kW	自動波	2024	$93
    ✅ [12] 94493946 🚗保時捷 TAYCAN	電動	5座	120kW	自動波	2024	$93
    ✅ [12] 70710772 🚗凌志 RX200T ULTIMATE FSPORT	汽油	5座	200
    ✅ [12] 94493946 🚗起亞 MORNING GT LINE	汽油	5座	1200cc	自動波
    ✅ [12] 55184510 🚗豐田 VELLFIRE 3.5	汽油	7座	3500cc	自動波	20
    ✅ [12] 63372121 🚗本田 FREED G AERO	汽油	7座	1500cc	自動波	20
    ✅ [12] 96995669 🚗平治 C200 AMG EDITION	汽油	5座	1500cc	自動
  📄 爬取第 4 頁...
    ✅ [12] 53247219
    ✅ [12] 52184568 🚗豐田 NOAH HYBRID WXB FACELIFT	混能	7座	1
    ✅ [12] 62269008 🚗平治 E200 AVANTGARDE	汽油	5座	2000cc	自動波
    ✅ [12] 68389898 🚗鈴木 HUSTLER HYBRID	混能	4座	658cc	自動波	2
    ✅ [12] 65995992 🚗平治 S500	汽油	5座	4663cc	自動波	2014	$168,
    ✅ [12] 68389898 🚗豐田 HIACE 2.8 DELUXE EURO 6	柴油	5座	28
    ✅ [12] 68389898 🚗本田 FREED GB5	汽油	7座	1500cc	自動波	2018	
    ✅ [12] 68389898 🚗奧迪 Q7 45 TFSI QUATTRO	汽油	7座	3000cc	
    ✅ [12] 55776805 🚗起亞 SORENTO DIESEL	柴油	5座	2200cc	自動波	
    ✅ [12] 68389898 🚗寶馬 520iA SALOON	汽油	5座	1998cc	自動波	20
    ✅ [12] 69191323 🚗本田 JAZZ GK5 RS	汽油	5座	1496cc	自動波	201
    ✅ [12] 70710772 🚗豐田 VELLFIRE 2.4 Turbo Z PREMIER	汽油	
    ✅ [12] 94493946 🚗寶馬 X1 SDRIVE18iA	汽油	5座	1500cc	自動波	2
    ✅ [12] 70710772 🚗保時捷 TAYCAN	電動	5座	120kW	自動波	2024	$93
    ✅ [12] 94493946 🚗保時捷 TAYCAN	電動	5座	120kW	自動波	2024	$93
    ✅ [12] 70710772 🚗凌志 RX200T ULTIMATE FSPORT	汽油	5座	200
    ✅ [12] 94493946 🚗起亞 MORNING GT LINE	汽油	5座	1200cc	自動波
    ✅ [12] 55184510 🚗豐田 VELLFIRE 3.5	汽油	7座	3500cc	自動波	20
    ✅ [12] 63372121 🚗本田 FREED G AERO	汽油	7座	1500cc	自動波	20
    ✅ [12] 96995669 🚗平治 C200 AMG EDITION	汽油	5座	1500cc	自動
    📊 進度: 12/100 條 (第 5 頁)
  📄 爬取第 5 頁...
    ✅ [12] 53247219
    ✅ [12] 52184568 🚗豐田 NOAH HYBRID WXB FACELIFT	混能	7座	1
    ✅ [12] 62269008 🚗平治 E200 AVANTGARDE	汽油	5座	2000cc	自動波
    ✅ [12] 68389898 🚗鈴木 HUSTLER HYBRID	混能	4座	658cc	自動波	2
    ✅ [12] 65995992 🚗平治 S500	汽油	5座	4663cc	自動波	2014	$168,
    ✅ [12] 68389898 🚗豐田 HIACE 2.8 DELUXE EURO 6	柴油	5座	28
    ✅ [12] 68389898 🚗本田 FREED GB5	汽油	7座	1500cc	自動波	2018	
    ✅ [12] 68389898 🚗奧迪 Q7 45 TFSI QUATTRO	汽油	7座	3000cc	
    ✅ [12] 55776805 🚗起亞 SORENTO DIESEL	柴油	5座	2200cc	自動波	
    ✅ [12] 68389898 🚗寶馬 520iA SALOON	汽油	5座	1998cc	自動波	20
    ✅ [12] 69191323 🚗本田 JAZZ GK5 RS	汽油	5座	1496cc	自動波	201
    ✅ [12] 70710772 🚗豐田 VELLFIRE 2.4 Turbo Z PREMIER	汽油	
    ✅ [12] 94493946 🚗寶馬 X1 SDRIVE18iA	汽油	5座	1500cc	自動波	2
    ✅ [12] 70710772 🚗保時捷 TAYCAN	電動	5座	120kW	自動波	2024	$93
    ✅ [12] 94493946 🚗保時捷 TAYCAN	電動	5座	120kW	自動波	2024	$93
    ✅ [12] 70710772 🚗凌志 RX200T ULTIMATE FSPORT	汽油	5座	200
    ✅ [12] 94493946 🚗起亞 MORNING GT LINE	汽油	5座	1200cc	自動波
    ✅ [12] 55184510 🚗豐田 VELLFIRE 3.5	汽油	7座	3500cc	自動波	20
    ✅ [12] 63372121 🚗本田 FREED G AERO	汽油	7座	1500cc	自動波	20
    ✅ [12] 96995669 🚗平治 C200 AMG EDITION	汽油	5座	1500cc	自動
  📄 爬取第 6 頁...
    ✅ [13] 91637028
    ✅ [13] 91637028 🚗豐田 ALPHARD 2.5 HYBRID SRC MODELLI	混
    ✅ [13] 53247219 🚗鈴木 Jimny 1.5 4WD 5MT	汽油	4座	1462cc	棍
    ✅ [14] 65768938 🚗寶馬 318i SPORT	汽油	5座	2000cc	自動波	2021
    ✅ [14] 53247219 🚗豐田 ALPHARD 2.4 HYBRID	汽油	7座	2400cc	
    ✅ [14] 65768938 🚗本田 STEPWGN HYBRID RP5	混能	7座	2000cc	
    ✅ [14] 53247219 🚗萬事得 MAZDA 6 DIESEL	柴油	5座	2100cc	自動波
    ✅ [14] 63372121 🚗豐田 NOAH HYBRID	混能	7座	1800cc	自動波	202
    ✅ [14] 53247219 🚗豐田 BZ4X	電動	5座	150kW	自動波	2024	$268,0
    ✅ [14] 53247219 🚗平治 S450 AMG	汽油	5座	3000cc	自動波	2019	$
    ✅ [14] 52184568 🚗豐田 NOAH HYBRID WXB FACELIFT	混能	7座	1
    ✅ [14] 62269008 🚗平治 E200 AVANTGARDE	汽油	5座	2000cc	自動波
    ✅ [14] 68389898 🚗鈴木 HUSTLER HYBRID	混能	4座	658cc	自動波	2
    ✅ [14] 65995992 🚗平治 S500	汽油	5座	4663cc	自動波	2014	$168,
    ✅ [14] 68389898 🚗豐田 HIACE 2.8 DELUXE EURO 6	柴油	5座	28
    ✅ [14] 68389898 🚗本田 FREED GB5	汽油	7座	1500cc	自動波	2018	
    ✅ [14] 68389898 🚗奧迪 Q7 45 TFSI QUATTRO	汽油	7座	3000cc	
    ✅ [14] 55776805 🚗起亞 SORENTO DIESEL	柴油	5座	2200cc	自動波	
  📄 爬取第 7 頁...
    ✅ [14] 91637028
    ✅ [14] 91637028 🚗豐田 ALPHARD 2.5 HYBRID SRC MODELLI	混
    ✅ [14] 53247219 🚗鈴木 Jimny 1.5 4WD 5MT	汽油	4座	1462cc	棍
    ✅ [14] 65768938 🚗寶馬 318i SPORT	汽油	5座	2000cc	自動波	2021
    ✅ [14] 53247219 🚗豐田 ALPHARD 2.4 HYBRID	汽油	7座	2400cc	
    ✅ [14] 65768938 🚗本田 STEPWGN HYBRID RP5	混能	7座	2000cc	
    ✅ [14] 53247219 🚗萬事得 MAZDA 6 DIESEL	柴油	5座	2100cc	自動波
    ✅ [14] 63372121 🚗豐田 NOAH HYBRID	混能	7座	1800cc	自動波	202
    ✅ [14] 53247219 🚗豐田 BZ4X	電動	5座	150kW	自動波	2024	$268,0
    ✅ [14] 53247219 🚗平治 S450 AMG	汽油	5座	3000cc	自動波	2019	$
    ✅ [14] 52184568 🚗豐田 NOAH HYBRID WXB FACELIFT	混能	7座	1
    ✅ [14] 62269008 🚗平治 E200 AVANTGARDE	汽油	5座	2000cc	自動波
    ✅ [14] 68389898 🚗鈴木 HUSTLER HYBRID	混能	4座	658cc	自動波	2
    ✅ [14] 65995992 🚗平治 S500	汽油	5座	4663cc	自動波	2014	$168,
    ✅ [14] 68389898 🚗豐田 HIACE 2.8 DELUXE EURO 6	柴油	5座	28
    ✅ [14] 68389898 🚗本田 FREED GB5	汽油	7座	1500cc	自動波	2018	
    ✅ [14] 68389898 🚗奧迪 Q7 45 TFSI QUATTRO	汽油	7座	3000cc	
    ✅ [14] 55776805 🚗起亞 SORENTO DIESEL	柴油	5座	2200cc	自動波	
  📄 爬取第 8 頁...
    ✅ [14] 91637028
    ✅ [14] 91637028 🚗豐田 ALPHARD 2.5 HYBRID SRC MODELLI	混
    ✅ [14] 53247219 🚗鈴木 Jimny 1.5 4WD 5MT	汽油	4座	1462cc	棍
    ✅ [14] 65768938 🚗寶馬 318i SPORT	汽油	5座	2000cc	自動波	2021
    ✅ [14] 53247219 🚗豐田 ALPHARD 2.4 HYBRID	汽油	7座	2400cc	
    ✅ [14] 65768938 🚗本田 STEPWGN HYBRID RP5	混能	7座	2000cc	
    ✅ [14] 53247219 🚗萬事得 MAZDA 6 DIESEL	柴油	5座	2100cc	自動波
    ✅ [14] 63372121 🚗豐田 NOAH HYBRID	混能	7座	1800cc	自動波	202
    ✅ [14] 53247219 🚗豐田 BZ4X	電動	5座	150kW	自動波	2024	$268,0
    ✅ [14] 53247219 🚗平治 S450 AMG	汽油	5座	3000cc	自動波	2019	$
    ✅ [14] 52184568 🚗豐田 NOAH HYBRID WXB FACELIFT	混能	7座	1
    ✅ [14] 62269008 🚗平治 E200 AVANTGARDE	汽油	5座	2000cc	自動波
    ✅ [14] 68389898 🚗鈴木 HUSTLER HYBRID	混能	4座	658cc	自動波	2
    ✅ [14] 65995992 🚗平治 S500	汽油	5座	4663cc	自動波	2014	$168,
    ✅ [14] 68389898 🚗豐田 HIACE 2.8 DELUXE EURO 6	柴油	5座	28
    ✅ [14] 68389898 🚗本田 FREED GB5	汽油	7座	1500cc	自動波	2018	
    ✅ [14] 68389898 🚗奧迪 Q7 45 TFSI QUATTRO	汽油	7座	3000cc	
    ✅ [14] 55776805 🚗起亞 SORENTO DIESEL	柴油	5座	2200cc	自動波	
  📄 爬取第 9 頁...
    ✅ [14] 91637028
    ✅ [14] 91637028 🚗豐田 ALPHARD 2.5 HYBRID SRC MODELLI	混
    ✅ [14] 53247219 🚗鈴木 Jimny 1.5 4WD 5MT	汽油	4座	1462cc	棍
    ✅ [14] 65768938 🚗寶馬 318i SPORT	汽油	5座	2000cc	自動波	2021
    ✅ [14] 53247219 🚗豐田 ALPHARD 2.4 HYBRID	汽油	7座	2400cc	
    ✅ [14] 65768938 🚗本田 STEPWGN HYBRID RP5	混能	7座	2000cc	
    ✅ [14] 53247219 🚗萬事得 MAZDA 6 DIESEL	柴油	5座	2100cc	自動波
    ✅ [14] 63372121 🚗豐田 NOAH HYBRID	混能	7座	1800cc	自動波	202
    ✅ [14] 53247219 🚗豐田 BZ4X	電動	5座	150kW	自動波	2024	$268,0
    ✅ [14] 53247219 🚗平治 S450 AMG	汽油	5座	3000cc	自動波	2019	$
    ✅ [14] 52184568 🚗豐田 NOAH HYBRID WXB FACELIFT	混能	7座	1
    ✅ [14] 62269008 🚗平治 E200 AVANTGARDE	汽油	5座	2000cc	自動波
    ✅ [14] 68389898 🚗鈴木 HUSTLER HYBRID	混能	4座	658cc	自動波	2
    ✅ [14] 65995992 🚗平治 S500	汽油	5座	4663cc	自動波	2014	$168,
    ✅ [14] 68389898 🚗豐田 HIACE 2.8 DELUXE EURO 6	柴油	5座	28
    ✅ [14] 68389898 🚗本田 FREED GB5	汽油	7座	1500cc	自動波	2018	
    ✅ [14] 68389898 🚗奧迪 Q7 45 TFSI QUATTRO	汽油	7座	3000cc	
    ✅ [14] 55776805 🚗起亞 SORENTO DIESEL	柴油	5座	2200cc	自動波	
    📊 進度: 14/100 條 (第 10 頁)
  📄 爬取第 10 頁...
    ✅ [14] 91637028
    ✅ [14] 91637028 🚗豐田 ALPHARD 2.5 HYBRID SRC MODELLI	混
    ✅ [14] 53247219 🚗鈴木 Jimny 1.5 4WD 5MT	汽油	4座	1462cc	棍
    ✅ [14] 65768938 🚗寶馬 318i SPORT	汽油	5座	2000cc	自動波	2021
    ✅ [14] 53247219 🚗豐田 ALPHARD 2.4 HYBRID	汽油	7座	2400cc	
    ✅ [14] 65768938 🚗本田 STEPWGN HYBRID RP5	混能	7座	2000cc	
    ✅ [14] 53247219 🚗萬事得 MAZDA 6 DIESEL	柴油	5座	2100cc	自動波
    ✅ [14] 63372121 🚗豐田 NOAH HYBRID	混能	7座	1800cc	自動波	202
    ✅ [14] 53247219 🚗豐田 BZ4X	電動	5座	150kW	自動波	2024	$268,0
    ✅ [14] 53247219 🚗平治 S450 AMG	汽油	5座	3000cc	自動波	2019	$
    ✅ [14] 52184568 🚗豐田 NOAH HYBRID WXB FACELIFT	混能	7座	1
    ✅ [14] 62269008 🚗平治 E200 AVANTGARDE	汽油	5座	2000cc	自動波
    ✅ [14] 68389898 🚗鈴木 HUSTLER HYBRID	混能	4座	658cc	自動波	2
    ✅ [14] 65995992 🚗平治 S500	汽油	5座	4663cc	自動波	2014	$168,
    ✅ [14] 68389898 🚗豐田 HIACE 2.8 DELUXE EURO 6	柴油	5座	28
    ✅ [14] 68389898 🚗本田 FREED GB5	汽油	7座	1500cc	自動波	2018	
    ✅ [14] 68389898 🚗奧迪 Q7 45 TFSI QUATTRO	汽油	7座	3000cc	
    ✅ [14] 55776805 🚗起亞 SORENTO DIESEL	柴油	5座	2200cc	自動波	
  📄 爬取第 11 頁...
    ✅ [14] 91637028
    ✅ [14] 91637028 🚗豐田 ALPHARD 2.5 HYBRID SRC MODELLI	混
    ✅ [14] 53247219 🚗鈴木 Jimny 1.5 4WD 5MT	汽油	4座	1462cc	棍
    ✅ [14] 65768938 🚗寶馬 318i SPORT	汽油	5座	2000cc	自動波	2021
    ✅ [14] 53247219 🚗豐田 ALPHARD 2.4 HYBRID	汽油	7座	2400cc	
    ✅ [14] 65768938 🚗本田 STEPWGN HYBRID RP5	混能	7座	2000cc	
    ✅ [14] 53247219 🚗萬事得 MAZDA 6 DIESEL	柴油	5座	2100cc	自動波
    ✅ [14] 63372121 🚗豐田 NOAH HYBRID	混能	7座	1800cc	自動波	202
    ✅ [14] 53247219 🚗豐田 BZ4X	電動	5座	150kW	自動波	2024	$268,0
    ✅ [14] 53247219 🚗平治 S450 AMG	汽油	5座	3000cc	自動波	2019	$
    ✅ [14] 52184568 🚗豐田 NOAH HYBRID WXB FACELIFT	混能	7座	1
    ✅ [14] 62269008 🚗平治 E200 AVANTGARDE	汽油	5座	2000cc	自動波
    ✅ [14] 68389898 🚗鈴木 HUSTLER HYBRID	混能	4座	658cc	自動波	2
    ✅ [14] 65995992 🚗平治 S500	汽油	5座	4663cc	自動波	2014	$168,
    ✅ [14] 68389898 🚗豐田 HIACE 2.8 DELUXE EURO 6	柴油	5座	28
    ✅ [14] 68389898 🚗本田 FREED GB5	汽油	7座	1500cc	自動波	2018	
    ✅ [14] 68389898 🚗奧迪 Q7 45 TFSI QUATTRO	汽油	7座	3000cc	
    ✅ [14] 55776805 🚗起亞 SORENTO DIESEL	柴油	5座	2200cc	自動波	
  📄 爬取第 12 頁...
    ✅ [14] 91637028
    ✅ [14] 91637028 🚗豐田 ALPHARD 2.5 HYBRID SRC MODELLI	混
/Library/Developer/CommandLineTools/Library/Frameworks/Python3.framework/Versions/3.9/lib/python3.9/multiprocessing/resource_tracker.py:216: UserWarning: resource_tracker: There appear to be 1 leaked semaphore objects to clean up at shutdown
  warnings.warn('resource_tracker: There appear to be %d '
