/Users/claw/Library/Python/3.9/lib/python/site-packages/urllib3/__init__.py:35: NotOpenSSLWarning: urllib3 v2 only supports OpenSSL 1.1.1+, currently the 'ssl' module is compiled with 'LibreSSL 2.8.3'. See: https://github.com/urllib3/urllib3/issues/3020
  warnings.warn(
======================================================================
🤖 整合爬蟲系統 v2.0
======================================================================
🎯 目標: 100 條有效數據
📁 輸出: /Users/claw/Desktop/汽車保險潛客數據
⏰ 時間: 2026-03-27 08:00:14
======================================================================

🚗 啟動 28car.com 爬蟲...
  📄 爬取第 1 頁...
    ✅ [1] 90303689
    ✅ [2] 64019712 🚗保時捷 TAYCAN	電動	5座	120kW	自動波	2023	$73
    ✅ [2] 90303689 🚗本田 JAZZ GK5 RS	汽油	5座	1500cc	自動波	201
    ✅ [2] 90303689 🚗凌志 LS600H F SPORT	混能	5座	5000cc	自動波	
    ✅ [3] 94658335 🚗平治 E200 AMG	汽油	5座	2000cc	自動波	2024	$
    ✅ [4] 98893576 🚗購置Tesla二手部、仍有二手車全車保養，Ben 電話:9465833
    ✅ [4] 98893576 🚗豐田 HIACE 3.0 DELUXE EURO 5	柴油	5座	29
    ✅ [4] 98893576 🚗豐田 HIACE 3.0 DELUXE EURO 5	柴油	5座	29
    ✅ [4] 98893576 🚗豐田 HIACE 3.0 DELUXE EURO 5	柴油	5座	29
    ✅ [4] 98893576
    ✅ [4] 98893576
    ✅ [4] 98893576
    ✅ [4] 98893576
    ✅ [4] 98893576
    ✅ [4] 98893576
    ✅ [4] 98893576
    ✅ [5] 91428812 🚗福士 T6	柴油	5座	1968cc	自動波	2018	$69,300
    ✅ [5] 91428812 🚗富豪 16TON	柴油	2座	7143cc	自動波	2018	$199
    ✅ [6] 64050929 🚗富豪 16TON	柴油	2座	7143cc	自動波	2018	$199
    ✅ [6] 91428812 🚗寶馬 730LI	汽油	5座	2996cc	自動波	2010	$65,
  📄 爬取第 2 頁...
    ✅ [6] 90303689
    ✅ [6] 64019712 🚗保時捷 TAYCAN	電動	5座	120kW	自動波	2023	$73
    ✅ [6] 90303689 🚗本田 JAZZ GK5 RS	汽油	5座	1500cc	自動波	201
    ✅ [6] 90303689 🚗凌志 LS600H F SPORT	混能	5座	5000cc	自動波	
    ✅ [6] 94658335 🚗平治 E200 AMG	汽油	5座	2000cc	自動波	2024	$
    ✅ [6] 98893576 🚗購置Tesla二手部、仍有二手車全車保養，Ben 電話:9465833
    ✅ [6] 98893576 🚗豐田 HIACE 3.0 DELUXE EURO 5	柴油	5座	29
    ✅ [6] 98893576 🚗豐田 HIACE 3.0 DELUXE EURO 5	柴油	5座	29
    ✅ [6] 98893576 🚗豐田 HIACE 3.0 DELUXE EURO 5	柴油	5座	29
    ✅ [6] 98893576
    ✅ [6] 98893576
    ✅ [6] 98893576
    ✅ [6] 98893576
    ✅ [6] 98893576
    ✅ [6] 98893576
    ✅ [6] 98893576
    ✅ [6] 91428812 🚗福士 T6	柴油	5座	1968cc	自動波	2018	$69,300
    ✅ [6] 91428812 🚗富豪 16TON	柴油	2座	7143cc	自動波	2018	$199
    ✅ [6] 64050929 🚗富豪 16TON	柴油	2座	7143cc	自動波	2018	$199
    ✅ [6] 91428812 🚗寶馬 730LI	汽油	5座	2996cc	自動波	2010	$65,
  📄 爬取第 3 頁...
    ✅ [6] 90303689
    ✅ [6] 64019712 🚗保時捷 TAYCAN	電動	5座	120kW	自動波	2023	$73
    ✅ [6] 90303689 🚗本田 JAZZ GK5 RS	汽油	5座	1500cc	自動波	201
    ✅ [6] 90303689 🚗凌志 LS600H F SPORT	混能	5座	5000cc	自動波	
    ✅ [6] 94658335 🚗平治 E200 AMG	汽油	5座	2000cc	自動波	2024	$
    ✅ [6] 98893576 🚗購置Tesla二手部、仍有二手車全車保養，Ben 電話:9465833
    ✅ [6] 98893576 🚗豐田 HIACE 3.0 DELUXE EURO 5	柴油	5座	29
    ✅ [6] 98893576 🚗豐田 HIACE 3.0 DELUXE EURO 5	柴油	5座	29
    ✅ [6] 98893576 🚗豐田 HIACE 3.0 DELUXE EURO 5	柴油	5座	29
    ✅ [6] 98893576
    ✅ [6] 98893576
    ✅ [6] 98893576
    ✅ [6] 98893576
    ✅ [6] 98893576
    ✅ [6] 98893576
    ✅ [6] 98893576
    ✅ [6] 91428812 🚗福士 T6	柴油	5座	1968cc	自動波	2018	$69,300
    ✅ [6] 91428812 🚗富豪 16TON	柴油	2座	7143cc	自動波	2018	$199
    ✅ [6] 64050929 🚗富豪 16TON	柴油	2座	7143cc	自動波	2018	$199
    ✅ [6] 91428812 🚗寶馬 730LI	汽油	5座	2996cc	自動波	2010	$65,
  📄 爬取第 4 頁...
    ✅ [6] 90303689
    ✅ [6] 64019712 🚗保時捷 TAYCAN	電動	5座	120kW	自動波	2023	$73
    ✅ [6] 90303689 🚗本田 JAZZ GK5 RS	汽油	5座	1500cc	自動波	201
    ✅ [6] 90303689 🚗凌志 LS600H F SPORT	混能	5座	5000cc	自動波	
    ✅ [6] 94658335 🚗平治 E200 AMG	汽油	5座	2000cc	自動波	2024	$
    ✅ [6] 98893576 🚗購置Tesla二手部、仍有二手車全車保養，Ben 電話:9465833
    ✅ [6] 98893576 🚗豐田 HIACE 3.0 DELUXE EURO 5	柴油	5座	29
    ✅ [6] 98893576 🚗豐田 HIACE 3.0 DELUXE EURO 5	柴油	5座	29
    ✅ [6] 98893576 🚗豐田 HIACE 3.0 DELUXE EURO 5	柴油	5座	29
    ✅ [6] 98893576
    ✅ [6] 98893576
    ✅ [6] 98893576
    ✅ [6] 98893576
    ✅ [6] 98893576
    ✅ [6] 98893576
    ✅ [6] 98893576
    ✅ [6] 91428812 🚗福士 T6	柴油	5座	1968cc	自動波	2018	$69,300
    ✅ [6] 91428812 🚗富豪 16TON	柴油	2座	7143cc	自動波	2018	$199
    ✅ [6] 64050929 🚗富豪 16TON	柴油	2座	7143cc	自動波	2018	$199
    ✅ [6] 91428812 🚗寶馬 730LI	汽油	5座	2996cc	自動波	2010	$65,
    📊 進度: 6/100 條 (第 5 頁)
  📄 爬取第 5 頁...
    ✅ [6] 90303689
    ✅ [6] 64019712 🚗保時捷 TAYCAN	電動	5座	120kW	自動波	2023	$73
    ✅ [6] 90303689 🚗本田 JAZZ GK5 RS	汽油	5座	1500cc	自動波	201
    ✅ [6] 90303689 🚗凌志 LS600H F SPORT	混能	5座	5000cc	自動波	
    ✅ [6] 94658335 🚗平治 E200 AMG	汽油	5座	2000cc	自動波	2024	$
    ✅ [6] 98893576 🚗購置Tesla二手部、仍有二手車全車保養，Ben 電話:9465833
    ✅ [6] 98893576 🚗豐田 HIACE 3.0 DELUXE EURO 5	柴油	5座	29
    ✅ [6] 98893576 🚗豐田 HIACE 3.0 DELUXE EURO 5	柴油	5座	29
    ✅ [6] 98893576 🚗豐田 HIACE 3.0 DELUXE EURO 5	柴油	5座	29
    ✅ [6] 98893576
    ✅ [6] 98893576
    ✅ [6] 98893576
    ✅ [6] 98893576
    ✅ [6] 98893576
    ✅ [6] 98893576
    ✅ [6] 98893576
    ✅ [6] 91428812 🚗福士 T6	柴油	5座	1968cc	自動波	2018	$69,300
    ✅ [6] 91428812 🚗富豪 16TON	柴油	2座	7143cc	自動波	2018	$199
    ✅ [6] 64050929 🚗富豪 16TON	柴油	2座	7143cc	自動波	2018	$199
    ✅ [6] 91428812 🚗寶馬 730LI	汽油	5座	2996cc	自動波	2010	$65,
  📄 爬取第 6 頁...
    ✅ [6] 90303689
    ✅ [6] 64019712 🚗保時捷 TAYCAN	電動	5座	120kW	自動波	2023	$73
    ✅ [6] 90303689 🚗本田 JAZZ GK5 RS	汽油	5座	1500cc	自動波	201
    ✅ [6] 90303689 🚗凌志 LS600H F SPORT	混能	5座	5000cc	自動波	
    ✅ [6] 94658335 🚗平治 E200 AMG	汽油	5座	2000cc	自動波	2024	$
    ✅ [6] 98893576 🚗購置Tesla二手部、仍有二手車全車保養，Ben 電話:9465833
    ✅ [6] 98893576 🚗豐田 HIACE 3.0 DELUXE EURO 5	柴油	5座	29
    ✅ [6] 98893576 🚗豐田 HIACE 3.0 DELUXE EURO 5	柴油	5座	29
    ✅ [6] 98893576 🚗豐田 HIACE 3.0 DELUXE EURO 5	柴油	5座	29
    ✅ [6] 98893576
    ✅ [6] 98893576
    ✅ [6] 98893576
    ✅ [6] 98893576
    ✅ [6] 98893576
    ✅ [6] 98893576
    ✅ [6] 98893576
    ✅ [6] 91428812 🚗福士 T6	柴油	5座	1968cc	自動波	2018	$69,300
    ✅ [6] 91428812 🚗富豪 16TON	柴油	2座	7143cc	自動波	2018	$199
    ✅ [6] 64050929 🚗富豪 16TON	柴油	2座	7143cc	自動波	2018	$199
    ✅ [6] 91428812 🚗寶馬 730LI	汽油	5座	2996cc	自動波	2010	$65,
  📄 爬取第 7 頁...
    ✅ [6] 90303689
    ✅ [6] 64019712 🚗保時捷 TAYCAN	電動	5座	120kW	自動波	2023	$73
    ✅ [6] 90303689 🚗本田 JAZZ GK5 RS	汽油	5座	1500cc	自動波	201
    ✅ [6] 90303689 🚗凌志 LS600H F SPORT	混能	5座	5000cc	自動波	
    ✅ [6] 94658335 🚗平治 E200 AMG	汽油	5座	2000cc	自動波	2024	$
    ✅ [6] 98893576 🚗購置Tesla二手部、仍有二手車全車保養，Ben 電話:9465833
    ✅ [6] 98893576 🚗豐田 HIACE 3.0 DELUXE EURO 5	柴油	5座	29
    ✅ [6] 98893576 🚗豐田 HIACE 3.0 DELUXE EURO 5	柴油	5座	29
    ✅ [6] 98893576 🚗豐田 HIACE 3.0 DELUXE EURO 5	柴油	5座	29
    ✅ [6] 98893576
    ✅ [6] 98893576
    ✅ [6] 98893576
    ✅ [6] 98893576
    ✅ [6] 98893576
    ✅ [6] 98893576
    ✅ [6] 98893576
    ✅ [6] 91428812 🚗福士 T6	柴油	5座	1968cc	自動波	2018	$69,300
    ✅ [6] 91428812 🚗富豪 16TON	柴油	2座	7143cc	自動波	2018	$199
    ✅ [6] 64050929 🚗富豪 16TON	柴油	2座	7143cc	自動波	2018	$199
    ✅ [6] 91428812 🚗寶馬 730LI	汽油	5座	2996cc	自動波	2010	$65,
  📄 爬取第 8 頁...
    ✅ [6] 90303689
    ✅ [6] 64019712 🚗保時捷 TAYCAN	電動	5座	120kW	自動波	2023	$73
    ✅ [6] 90303689 🚗本田 JAZZ GK5 RS	汽油	5座	1500cc	自動波	201
    ✅ [6] 90303689 🚗凌志 LS600H F SPORT	混能	5座	5000cc	自動波	
    ✅ [6] 94658335 🚗平治 E200 AMG	汽油	5座	2000cc	自動波	2024	$
    ✅ [6] 98893576 🚗購置Tesla二手部、仍有二手車全車保養，Ben 電話:9465833
    ✅ [6] 98893576 🚗豐田 HIACE 3.0 DELUXE EURO 5	柴油	5座	29
    ✅ [6] 98893576 🚗豐田 HIACE 3.0 DELUXE EURO 5	柴油	5座	29
    ✅ [6] 98893576 🚗豐田 HIACE 3.0 DELUXE EURO 5	柴油	5座	29
    ✅ [6] 98893576
    ✅ [6] 98893576
    ✅ [6] 98893576
    ✅ [6] 98893576
    ✅ [6] 98893576
    ✅ [6] 98893576
    ✅ [6] 98893576
    ✅ [6] 91428812 🚗福士 T6	柴油	5座	1968cc	自動波	2018	$69,300
    ✅ [6] 91428812 🚗富豪 16TON	柴油	2座	7143cc	自動波	2018	$199
    ✅ [6] 64050929 🚗富豪 16TON	柴油	2座	7143cc	自動波	2018	$199
    ✅ [6] 91428812 🚗寶馬 730LI	汽油	5座	2996cc	自動波	2010	$65,
  📄 爬取第 9 頁...
    ✅ [6] 90303689
    ✅ [6] 64019712 🚗保時捷 TAYCAN	電動	5座	120kW	自動波	2023	$73
    ✅ [6] 90303689 🚗本田 JAZZ GK5 RS	汽油	5座	1500cc	自動波	201
    ✅ [6] 90303689 🚗凌志 LS600H F SPORT	混能	5座	5000cc	自動波	
    ✅ [6] 94658335 🚗平治 E200 AMG	汽油	5座	2000cc	自動波	2024	$
    ✅ [6] 98893576 🚗購置Tesla二手部、仍有二手車全車保養，Ben 電話:9465833
    ✅ [6] 98893576 🚗豐田 HIACE 3.0 DELUXE EURO 5	柴油	5座	29
    ✅ [6] 98893576 🚗豐田 HIACE 3.0 DELUXE EURO 5	柴油	5座	29
    ✅ [6] 98893576 🚗豐田 HIACE 3.0 DELUXE EURO 5	柴油	5座	29
    ✅ [6] 98893576
    ✅ [6] 98893576
    ✅ [6] 98893576
    ✅ [6] 98893576
    ✅ [6] 98893576
    ✅ [6] 98893576
    ✅ [6] 98893576
    ✅ [6] 91428812 🚗福士 T6	柴油	5座	1968cc	自動波	2018	$69,300
    ✅ [6] 91428812 🚗富豪 16TON	柴油	2座	7143cc	自動波	2018	$199
    ✅ [6] 64050929 🚗富豪 16TON	柴油	2座	7143cc	自動波	2018	$199
    ✅ [6] 91428812 🚗寶馬 730LI	汽油	5座	2996cc	自動波	2010	$65,
    📊 進度: 6/100 條 (第 10 頁)
  📄 爬取第 10 頁...
    ✅ [6] 90303689
    ✅ [6] 64019712 🚗保時捷 TAYCAN	電動	5座	120kW	自動波	2023	$73
    ✅ [6] 90303689 🚗本田 JAZZ GK5 RS	汽油	5座	1500cc	自動波	201
    ✅ [6] 90303689 🚗凌志 LS600H F SPORT	混能	5座	5000cc	自動波	
    ✅ [6] 94658335 🚗平治 E200 AMG	汽油	5座	2000cc	自動波	2024	$
    ✅ [6] 98893576 🚗購置Tesla二手部、仍有二手車全車保養，Ben 電話:9465833
    ✅ [6] 98893576 🚗豐田 HIACE 3.0 DELUXE EURO 5	柴油	5座	29
    ✅ [6] 98893576 🚗豐田 HIACE 3.0 DELUXE EURO 5	柴油	5座	29
    ✅ [6] 98893576 🚗豐田 HIACE 3.0 DELUXE EURO 5	柴油	5座	29
    ✅ [6] 98893576
    ✅ [6] 98893576
    ✅ [6] 98893576
    ✅ [6] 98893576
    ✅ [6] 98893576
    ✅ [6] 98893576
    ✅ [6] 98893576
    ✅ [6] 91428812 🚗福士 T6	柴油	5座	1968cc	自動波	2018	$69,300
    ✅ [6] 91428812 🚗富豪 16TON	柴油	2座	7143cc	自動波	2018	$199
    ✅ [6] 64050929 🚗富豪 16TON	柴油	2座	7143cc	自動波	2018	$199
    ✅ [6] 91428812 🚗寶馬 730LI	汽油	5座	2996cc	自動波	2010	$65,
  📄 爬取第 11 頁...
    ✅ [6] 90303689
    ✅ [6] 64019712 🚗保時捷 TAYCAN	電動	5座	120kW	自動波	2023	$73
    ✅ [6] 90303689 🚗本田 JAZZ GK5 RS	汽油	5座	1500cc	自動波	201
    ✅ [6] 90303689 🚗凌志 LS600H F SPORT	混能	5座	5000cc	自動波	
    ✅ [6] 94658335 🚗平治 E200 AMG	汽油	5座	2000cc	自動波	2024	$
    ✅ [6] 98893576 🚗購置Tesla二手部、仍有二手車全車保養，Ben 電話:9465833
    ✅ [6] 98893576 🚗豐田 HIACE 3.0 DELUXE EURO 5	柴油	5座	29
    ✅ [6] 98893576 🚗豐田 HIACE 3.0 DELUXE EURO 5	柴油	5座	29
    ✅ [6] 98893576 🚗豐田 HIACE 3.0 DELUXE EURO 5	柴油	5座	29
    ✅ [6] 98893576
    ✅ [6] 98893576
    ✅ [6] 98893576
    ✅ [6] 98893576
    ✅ [6] 98893576
    ✅ [6] 98893576
    ✅ [6] 98893576
    ✅ [6] 91428812 🚗福士 T6	柴油	5座	1968cc	自動波	2018	$69,300
    ✅ [6] 91428812 🚗富豪 16TON	柴油	2座	7143cc	自動波	2018	$199
    ✅ [6] 64050929 🚗富豪 16TON	柴油	2座	7143cc	自動波	2018	$199
    ✅ [6] 91428812 🚗寶馬 730LI	汽油	5座	2996cc	自動波	2010	$65,
  📄 爬取第 12 頁...
    ✅ [7] 93605044
    ✅ [7] 93605044 🚗豐田 ALPHARD 2.5	汽油	7座	2500cc	自動波	202
    ✅ [8] 98621233 🚗豐田 VOXY HYBRID ZS FACELIFT	混能	7座	18
    ✅ [8] 90303689 🚗豐田 HIACE	柴油	5座	2755cc	自動波	2022	$188
    ✅ [8] 90303689 🚗平治 S400 FL	汽油	5座	3000cc	自動波	2018	$3
    ✅ [8] 90303689 🚗凌志 ES250 PREMIUM	汽油	5座	2500cc	自動波	2
    ✅ [8] 64019712 🚗保時捷 TAYCAN	電動	5座	120kW	自動波	2023	$73
    ✅ [8] 90303689 🚗本田 JAZZ GK5 RS	汽油	5座	1500cc	自動波	201
    ✅ [8] 90303689 🚗凌志 LS600H F SPORT	混能	5座	5000cc	自動波	
    ✅ [8] 94658335 🚗平治 E200 AMG	汽油	5座	2000cc	自動波	2024	$
    ✅ [8] 98893576 🚗購置Tesla二手部、仍有二手車全車保養，Ben 電話:9465833
    ✅ [8] 98893576 🚗豐田 HIACE 3.0 DELUXE EURO 5	柴油	5座	29
    ✅ [8] 98893576 🚗豐田 HIACE 3.0 DELUXE EURO 5	柴油	5座	29
    ✅ [8] 98893576 🚗豐田 HIACE 3.0 DELUXE EURO 5	柴油	5座	29
    ✅ [8] 98893576
    ✅ [8] 98893576
    ✅ [8] 98893576
    ✅ [8] 98893576
    ✅ [8] 98893576
    ✅ [8] 98893576
  📄 爬取第 13 頁...
    ✅ [8] 93605044
    ✅ [8] 93605044 🚗豐田 ALPHARD 2.5	汽油	7座	2500cc	自動波	202
    ✅ [8] 98621233 🚗豐田 VOXY HYBRID ZS FACELIFT	混能	7座	18
    ✅ [8] 90303689 🚗豐田 HIACE	柴油	5座	2755cc	自動波	2022	$188
    ✅ [8] 90303689 🚗平治 S400 FL	汽油	5座	3000cc	自動波	2018	$3
    ✅ [8] 90303689 🚗凌志 ES250 PREMIUM	汽油	5座	2500cc	自動波	2
    ✅ [8] 64019712 🚗保時捷 TAYCAN	電動	5座	120kW	自動波	2023	$73
    ✅ [8] 90303689 🚗本田 JAZZ GK5 RS	汽油	5座	1500cc	自動波	201
    ✅ [8] 90303689 🚗凌志 LS600H F SPORT	混能	5座	5000cc	自動波	
    ✅ [8] 94658335 🚗平治 E200 AMG	汽油	5座	2000cc	自動波	2024	$
    ✅ [8] 98893576 🚗購置Tesla二手部、仍有二手車全車保養，Ben 電話:9465833
    ✅ [8] 98893576 🚗豐田 HIACE 3.0 DELUXE EURO 5	柴油	5座	29
    ✅ [8] 98893576 🚗豐田 HIACE 3.0 DELUXE EURO 5	柴油	5座	29
    ✅ [8] 98893576 🚗豐田 HIACE 3.0 DELUXE EURO 5	柴油	5座	29
    ✅ [8] 98893576
    ✅ [8] 98893576
    ✅ [8] 98893576
    ✅ [8] 98893576
    ✅ [8] 98893576
    ✅ [8] 98893576
  📄 爬取第 14 頁...
    ✅ [8] 93605044
    ✅ [8] 93605044 🚗豐田 ALPHARD 2.5	汽油	7座	2500cc	自動波	202
    ✅ [8] 98621233 🚗豐田 VOXY HYBRID ZS FACELIFT	混能	7座	18
    ✅ [8] 90303689 🚗豐田 HIACE	柴油	5座	2755cc	自動波	2022	$188
    ✅ [8] 90303689 🚗平治 S400 FL	汽油	5座	3000cc	自動波	2018	$3
    ✅ [8] 90303689 🚗凌志 ES250 PREMIUM	汽油	5座	2500cc	自動波	2
    ✅ [8] 64019712 🚗保時捷 TAYCAN	電動	5座	120kW	自動波	2023	$73
    ✅ [8] 90303689 🚗本田 JAZZ GK5 RS	汽油	5座	1500cc	自動波	201
    ✅ [8] 90303689 🚗凌志 LS600H F SPORT	混能	5座	5000cc	自動波	
    ✅ [8] 94658335 🚗平治 E200 AMG	汽油	5座	2000cc	自動波	2024	$
    ✅ [8] 98893576 🚗購置Tesla二手部、仍有二手車全車保養，Ben 電話:9465833
    ✅ [8] 98893576 🚗豐田 HIACE 3.0 DELUXE EURO 5	柴油	5座	29
    ✅ [8] 98893576 🚗豐田 HIACE 3.0 DELUXE EURO 5	柴油	5座	29
    ✅ [8] 98893576 🚗豐田 HIACE 3.0 DELUXE EURO 5	柴油	5座	29
    ✅ [8] 98893576
    ✅ [8] 98893576
    ✅ [8] 98893576
    ✅ [8] 98893576
    ✅ [8] 98893576
    ✅ [8] 98893576
    📊 進度: 8/100 條 (第 15 頁)
  📄 爬取第 15 頁...
    ✅ [8] 93605044
    ✅ [8] 93605044 🚗豐田 ALPHARD 2.5	汽油	7座	2500cc	自動波	202
    ✅ [8] 98621233 🚗豐田 VOXY HYBRID ZS FACELIFT	混能	7座	18
    ✅ [8] 90303689 🚗豐田 HIACE	柴油	5座	2755cc	自動波	2022	$188
    ✅ [8] 90303689 🚗平治 S400 FL	汽油	5座	3000cc	自動波	2018	$3
    ✅ [8] 90303689 🚗凌志 ES250 PREMIUM	汽油	5座	2500cc	自動波	2
    ✅ [8] 64019712 🚗保時捷 TAYCAN	電動	5座	120kW	自動波	2023	$73
    ✅ [8] 90303689 🚗本田 JAZZ GK5 RS	汽油	5座	1500cc	自動波	201
    ✅ [8] 90303689 🚗凌志 LS600H F SPORT	混能	5座	5000cc	自動波	
    ✅ [8] 94658335 🚗平治 E200 AMG	汽油	5座	2000cc	自動波	2024	$
    ✅ [8] 98893576 🚗購置Tesla二手部、仍有二手車全車保養，Ben 電話:9465833
    ✅ [8] 98893576 🚗豐田 HIACE 3.0 DELUXE EURO 5	柴油	5座	29
    ✅ [8] 98893576 🚗豐田 HIACE 3.0 DELUXE EURO 5	柴油	5座	29
    ✅ [8] 98893576 🚗豐田 HIACE 3.0 DELUXE EURO 5	柴油	5座	29
    ✅ [8] 98893576
    ✅ [8] 98893576
    ✅ [8] 98893576
    ✅ [8] 98893576
    ✅ [8] 98893576
    ✅ [8] 98893576
  📄 爬取第 16 頁...
    ✅ [8] 93605044
    ✅ [8] 93605044 🚗豐田 ALPHARD 2.5	汽油	7座	2500cc	自動波	202
    ✅ [8] 98621233 🚗豐田 VOXY HYBRID ZS FACELIFT	混能	7座	18
    ✅ [8] 90303689 🚗豐田 HIACE	柴油	5座	2755cc	自動波	2022	$188
    ✅ [8] 90303689 🚗平治 S400 FL	汽油	5座	3000cc	自動波	2018	$3
    ✅ [8] 90303689 🚗凌志 ES250 PREMIUM	汽油	5座	2500cc	自動波	2
    ✅ [8] 64019712 🚗保時捷 TAYCAN	電動	5座	120kW	自動波	2023	$73
    ✅ [8] 90303689 🚗本田 JAZZ GK5 RS	汽油	5座	1500cc	自動波	201
    ✅ [8] 90303689 🚗凌志 LS600H F SPORT	混能	5座	5000cc	自動波	
    ✅ [8] 94658335 🚗平治 E200 AMG	汽油	5座	2000cc	自動波	2024	$
    ✅ [8] 98893576 🚗購置Tesla二手部、仍有二手車全車保養，Ben 電話:9465833
    ✅ [8] 98893576 🚗豐田 HIACE 3.0 DELUXE EURO 5	柴油	5座	29
    ✅ [8] 98893576 🚗豐田 HIACE 3.0 DELUXE EURO 5	柴油	5座	29
    ✅ [8] 98893576 🚗豐田 HIACE 3.0 DELUXE EURO 5	柴油	5座	29
    ✅ [8] 98893576
    ✅ [8] 98893576
    ✅ [8] 98893576
    ✅ [8] 98893576
    ✅ [8] 98893576
    ✅ [8] 98893576
  📄 爬取第 17 頁...
    ✅ [8] 93605044
    ✅ [8] 93605044 🚗豐田 ALPHARD 2.5	汽油	7座	2500cc	自動波	202
    ✅ [8] 98621233 🚗豐田 VOXY HYBRID ZS FACELIFT	混能	7座	18
    ✅ [8] 90303689 🚗豐田 HIACE	柴油	5座	2755cc	自動波	2022	$188
    ✅ [8] 90303689 🚗平治 S400 FL	汽油	5座	3000cc	自動波	2018	$3
    ✅ [8] 90303689 🚗凌志 ES250 PREMIUM	汽油	5座	2500cc	自動波	2
    ✅ [8] 64019712 🚗保時捷 TAYCAN	電動	5座	120kW	自動波	2023	$73
    ✅ [8] 90303689 🚗本田 JAZZ GK5 RS	汽油	5座	1500cc	自動波	201
    ✅ [8] 90303689 🚗凌志 LS600H F SPORT	混能	5座	5000cc	自動波	
    ✅ [8] 94658335 🚗平治 E200 AMG	汽油	5座	2000cc	自動波	2024	$
    ✅ [8] 98893576 🚗購置Tesla二手部、仍有二手車全車保養，Ben 電話:9465833
    ✅ [8] 98893576 🚗豐田 HIACE 3.0 DELUXE EURO 5	柴油	5座	29
    ✅ [8] 98893576 🚗豐田 HIACE 3.0 DELUXE EURO 5	柴油	5座	29
    ✅ [8] 98893576 🚗豐田 HIACE 3.0 DELUXE EURO 5	柴油	5座	29
    ✅ [8] 98893576
    ✅ [8] 98893576
    ✅ [8] 98893576
    ✅ [8] 98893576
    ✅ [8] 98893576
    ✅ [8] 98893576
  📄 爬取第 18 頁...
    ✅ [8] 93605044
    ✅ [8] 93605044 🚗豐田 ALPHARD 2.5	汽油	7座	2500cc	自動波	202
    ✅ [8] 98621233 🚗豐田 VOXY HYBRID ZS FACELIFT	混能	7座	18
    ✅ [8] 90303689 🚗豐田 HIACE	柴油	5座	2755cc	自動波	2022	$188
    ✅ [8] 90303689 🚗平治 S400 FL	汽油	5座	3000cc	自動波	2018	$3
    ✅ [8] 90303689 🚗凌志 ES250 PREMIUM	汽油	5座	2500cc	自動波	2
    ✅ [8] 64019712 🚗保時捷 TAYCAN	電動	5座	120kW	自動波	2023	$73
    ✅ [8] 90303689 🚗本田 JAZZ GK5 RS	汽油	5座	1500cc	自動波	201
    ✅ [8] 90303689 🚗凌志 LS600H F SPORT	混能	5座	5000cc	自動波	
    ✅ [8] 94658335 🚗平治 E200 AMG	汽油	5座	2000cc	自動波	2024	$
    ✅ [8] 98893576 🚗購置Tesla二手部、仍有二手車全車保養，Ben 電話:9465833
    ✅ [8] 98893576 🚗豐田 HIACE 3.0 DELUXE EURO 5	柴油	5座	29
    ✅ [8] 98893576 🚗豐田 HIACE 3.0 DELUXE EURO 5	柴油	5座	29
    ✅ [8] 98893576 🚗豐田 HIACE 3.0 DELUXE EURO 5	柴油	5座	29
    ✅ [8] 98893576
    ✅ [8] 98893576
    ✅ [8] 98893576
    ✅ [8] 98893576
    ✅ [8] 98893576
    ✅ [8] 98893576
  📄 爬取第 19 頁...
    ✅ [8] 93605044
    ✅ [8] 93605044 🚗豐田 ALPHARD 2.5	汽油	7座	2500cc	自動波	202
    ✅ [8] 98621233 🚗豐田 VOXY HYBRID ZS FACELIFT	混能	7座	18
    ✅ [8] 90303689 🚗豐田 HIACE	柴油	5座	2755cc	自動波	2022	$188
    ✅ [8] 90303689 🚗平治 S400 FL	汽油	5座	3000cc	自動波	2018	$3
    ✅ [8] 90303689 🚗凌志 ES250 PREMIUM	汽油	5座	2500cc	自動波	2
    ✅ [8] 64019712 🚗保時捷 TAYCAN	電動	5座	120kW	自動波	2023	$73
    ✅ [8] 90303689 🚗本田 JAZZ GK5 RS	汽油	5座	1500cc	自動波	201
    ✅ [8] 90303689 🚗凌志 LS600H F SPORT	混能	5座	5000cc	自動波	
    ✅ [8] 94658335 🚗平治 E200 AMG	汽油	5座	2000cc	自動波	2024	$
    ✅ [8] 98893576 🚗購置Tesla二手部、仍有二手車全車保養，Ben 電話:9465833
    ✅ [8] 98893576 🚗豐田 HIACE 3.0 DELUXE EURO 5	柴油	5座	29
    ✅ [8] 98893576 🚗豐田 HIACE 3.0 DELUXE EURO 5	柴油	5座	29
    ✅ [8] 98893576 🚗豐田 HIACE 3.0 DELUXE EURO 5	柴油	5座	29
    ✅ [8] 98893576
    ✅ [8] 98893576
    ✅ [8] 98893576
    ✅ [8] 98893576
    ✅ [8] 98893576
    ✅ [8] 98893576
    📊 進度: 8/100 條 (第 20 頁)
  📄 爬取第 20 頁...
    ✅ [8] 93605044
    ✅ [8] 93605044 🚗豐田 ALPHARD 2.5	汽油	7座	2500cc	自動波	202
    ✅ [8] 98621233 🚗豐田 VOXY HYBRID ZS FACELIFT	混能	7座	18
    ✅ [8] 90303689 🚗豐田 HIACE	柴油	5座	2755cc	自動波	2022	$188
    ✅ [8] 90303689 🚗平治 S400 FL	汽油	5座	3000cc	自動波	2018	$3
    ✅ [8] 90303689 🚗凌志 ES250 PREMIUM	汽油	5座	2500cc	自動波	2
    ✅ [8] 64019712 🚗保時捷 TAYCAN	電動	5座	120kW	自動波	2023	$73
    ✅ [8] 90303689 🚗本田 JAZZ GK5 RS	汽油	5座	1500cc	自動波	201
    ✅ [8] 90303689 🚗凌志 LS600H F SPORT	混能	5座	5000cc	自動波	
    ✅ [8] 94658335 🚗平治 E200 AMG	汽油	5座	2000cc	自動波	2024	$
    ✅ [8] 98893576 🚗購置Tesla二手部、仍有二手車全車保養，Ben 電話:9465833
    ✅ [8] 98893576 🚗豐田 HIACE 3.0 DELUXE EURO 5	柴油	5座	29
    ✅ [8] 98893576 🚗豐田 HIACE 3.0 DELUXE EURO 5	柴油	5座	29
    ✅ [8] 98893576 🚗豐田 HIACE 3.0 DELUXE EURO 5	柴油	5座	29
    ✅ [8] 98893576
    ✅ [8] 98893576
    ✅ [8] 98893576
    ✅ [8] 98893576
    ✅ [8] 98893576
    ✅ [8] 98893576
  📄 爬取第 21 頁...
    ✅ [8] 93605044
    ✅ [8] 93605044 🚗豐田 ALPHARD 2.5	汽油	7座	2500cc	自動波	202
    ✅ [8] 98621233 🚗豐田 VOXY HYBRID ZS FACELIFT	混能	7座	18
    ✅ [8] 90303689 🚗豐田 HIACE	柴油	5座	2755cc	自動波	2022	$188
    ✅ [8] 90303689 🚗平治 S400 FL	汽油	5座	3000cc	自動波	2018	$3
    ✅ [8] 90303689 🚗凌志 ES250 PREMIUM	汽油	5座	2500cc	自動波	2
    ✅ [8] 64019712 🚗保時捷 TAYCAN	電動	5座	120kW	自動波	2023	$73
    ✅ [8] 90303689 🚗本田 JAZZ GK5 RS	汽油	5座	1500cc	自動波	201
    ✅ [8] 90303689 🚗凌志 LS600H F SPORT	混能	5座	5000cc	自動波	
    ✅ [8] 94658335 🚗平治 E200 AMG	汽油	5座	2000cc	自動波	2024	$
    ✅ [8] 98893576 🚗購置Tesla二手部、仍有二手車全車保養，Ben 電話:9465833
    ✅ [8] 98893576 🚗豐田 HIACE 3.0 DELUXE EURO 5	柴油	5座	29
    ✅ [8] 98893576 🚗豐田 HIACE 3.0 DELUXE EURO 5	柴油	5座	29
    ✅ [8] 98893576 🚗豐田 HIACE 3.0 DELUXE EURO 5	柴油	5座	29
    ✅ [8] 98893576
    ✅ [8] 98893576
    ✅ [8] 98893576
    ✅ [8] 98893576
    ✅ [8] 98893576
    ✅ [8] 98893576
  📄 爬取第 22 頁...
    ✅ [8] 93605044
    ✅ [8] 93605044 🚗豐田 ALPHARD 2.5	汽油	7座	2500cc	自動波	202
    ✅ [8] 98621233 🚗豐田 VOXY HYBRID ZS FACELIFT	混能	7座	18
    ✅ [8] 90303689 🚗豐田 HIACE	柴油	5座	2755cc	自動波	2022	$188
    ✅ [8] 90303689 🚗平治 S400 FL	汽油	5座	3000cc	自動波	2018	$3
    ✅ [8] 90303689 🚗凌志 ES250 PREMIUM	汽油	5座	2500cc	自動波	2
    ✅ [8] 64019712 🚗保時捷 TAYCAN	電動	5座	120kW	自動波	2023	$73
    ✅ [8] 90303689 🚗本田 JAZZ GK5 RS	汽油	5座	1500cc	自動波	201
    ✅ [8] 90303689 🚗凌志 LS600H F SPORT	混能	5座	5000cc	自動波	
    ✅ [8] 94658335 🚗平治 E200 AMG	汽油	5座	2000cc	自動波	2024	$
    ✅ [8] 98893576 🚗購置Tesla二手部、仍有二手車全車保養，Ben 電話:9465833
    ✅ [8] 98893576 🚗豐田 HIACE 3.0 DELUXE EURO 5	柴油	5座	29
    ✅ [8] 98893576 🚗豐田 HIACE 3.0 DELUXE EURO 5	柴油	5座	29
    ✅ [8] 98893576 🚗豐田 HIACE 3.0 DELUXE EURO 5	柴油	5座	29
    ✅ [8] 98893576
    ✅ [8] 98893576
    ✅ [8] 98893576
    ✅ [8] 98893576
    ✅ [8] 98893576
    ✅ [8] 98893576
  📄 爬取第 23 頁...
    ✅ [8] 93605044
    ✅ [8] 93605044 🚗豐田 ALPHARD 2.5	汽油	7座	2500cc	自動波	202
    ✅ [8] 98621233 🚗豐田 VOXY HYBRID ZS FACELIFT	混能	7座	18
    ✅ [8] 90303689 🚗豐田 HIACE	柴油	5座	2755cc	自動波	2022	$188
    ✅ [8] 90303689 🚗平治 S400 FL	汽油	5座	3000cc	自動波	2018	$3
    ✅ [8] 90303689 🚗凌志 ES250 PREMIUM	汽油	5座	2500cc	自動波	2
    ✅ [8] 64019712 🚗保時捷 TAYCAN	電動	5座	120kW	自動波	2023	$73
    ✅ [8] 90303689 🚗本田 JAZZ GK5 RS	汽油	5座	1500cc	自動波	201
    ✅ [8] 90303689 🚗凌志 LS600H F SPORT	混能	5座	5000cc	自動波	
    ✅ [8] 94658335 🚗平治 E200 AMG	汽油	5座	2000cc	自動波	2024	$
    ✅ [8] 98893576 🚗購置Tesla二手部、仍有二手車全車保養，Ben 電話:9465833
    ✅ [8] 98893576 🚗豐田 HIACE 3.0 DELUXE EURO 5	柴油	5座	29
    ✅ [8] 98893576 🚗豐田 HIACE 3.0 DELUXE EURO 5	柴油	5座	29
    ✅ [8] 98893576 🚗豐田 HIACE 3.0 DELUXE EURO 5	柴油	5座	29
    ✅ [8] 98893576
    ✅ [8] 98893576
    ✅ [8] 98893576
    ✅ [8] 98893576
    ✅ [8] 98893576
    ✅ [8] 98893576
  📄 爬取第 24 頁...
    ✅ [8] 93605044
    ✅ [8] 93605044 🚗豐田 FT86	汽油	4座	2000cc	棍波	2014	$113,0
    ✅ [9] 91212285 🚗豐田 VELLFIRE3.5	汽油	7座	3500cc	自動波	201
    ✅ [9] 93605044 🚗豐田 PRIUS 1.8 HYBRID	混能	5座	1800cc	自動
    ✅ [9] 93605044 🚗豐田 ALPHARD 2.5	汽油	7座	2500cc	自動波	202
    ✅ [9] 98621233 🚗豐田 VOXY HYBRID ZS FACELIFT	混能	7座	18
    ✅ [9] 90303689 🚗豐田 HIACE	柴油	5座	2755cc	自動波	2022	$188
    ✅ [9] 90303689 🚗平治 S400 FL	汽油	5座	3000cc	自動波	2018	$3
    ✅ [9] 90303689 🚗凌志 ES250 PREMIUM	汽油	5座	2500cc	自動波	2
    ✅ [9] 64019712 🚗保時捷 TAYCAN	電動	5座	120kW	自動波	2023	$73
    ✅ [9] 90303689 🚗本田 JAZZ GK5 RS	汽油	5座	1500cc	自動波	201
    ✅ [9] 90303689 🚗凌志 LS600H F SPORT	混能	5座	5000cc	自動波	
    ✅ [9] 94658335 🚗平治 E200 AMG	汽油	5座	2000cc	自動波	2024	$
    ✅ [9] 98893576 🚗購置Tesla二手部、仍有二手車全車保養，Ben 電話:9465833
    ✅ [9] 98893576 🚗豐田 HIACE 3.0 DELUXE EURO 5	柴油	5座	29
    ✅ [9] 98893576 🚗豐田 HIACE 3.0 DELUXE EURO 5	柴油	5座	29
    ✅ [9] 98893576 🚗豐田 HIACE 3.0 DELUXE EURO 5	柴油	5座	29
    ✅ [9] 98893576
    ✅ [9] 98893576
    ✅ [9] 98893576
    📊 進度: 9/100 條 (第 25 頁)
  📄 爬取第 25 頁...
    ✅ [9] 93605044
    ✅ [9] 93605044 🚗豐田 FT86	汽油	4座	2000cc	棍波	2014	$113,0
    ✅ [9] 91212285 🚗豐田 VELLFIRE3.5	汽油	7座	3500cc	自動波	201
    ✅ [9] 93605044 🚗豐田 PRIUS 1.8 HYBRID	混能	5座	1800cc	自動
    ✅ [9] 93605044 🚗豐田 ALPHARD 2.5	汽油	7座	2500cc	自動波	202
    ✅ [9] 98621233 🚗豐田 VOXY HYBRID ZS FACELIFT	混能	7座	18
    ✅ [9] 90303689 🚗豐田 HIACE	柴油	5座	2755cc	自動波	2022	$188
    ✅ [9] 90303689 🚗平治 S400 FL	汽油	5座	3000cc	自動波	2018	$3
    ✅ [9] 90303689 🚗凌志 ES250 PREMIUM	汽油	5座	2500cc	自動波	2
    ✅ [9] 64019712 🚗保時捷 TAYCAN	電動	5座	120kW	自動波	2023	$73
    ✅ [9] 90303689 🚗本田 JAZZ GK5 RS	汽油	5座	1500cc	自動波	201
    ✅ [9] 90303689 🚗凌志 LS600H F SPORT	混能	5座	5000cc	自動波	
    ✅ [9] 94658335 🚗平治 E200 AMG	汽油	5座	2000cc	自動波	2024	$
    ✅ [9] 98893576 🚗購置Tesla二手部、仍有二手車全車保養，Ben 電話:9465833
    ✅ [9] 98893576 🚗豐田 HIACE 3.0 DELUXE EURO 5	柴油	5座	29
    ✅ [9] 98893576 🚗豐田 HIACE 3.0 DELUXE EURO 5	柴油	5座	29
    ✅ [9] 98893576 🚗豐田 HIACE 3.0 DELUXE EURO 5	柴油	5座	29
    ✅ [9] 98893576
    ✅ [9] 98893576
    ✅ [9] 98893576
  📄 爬取第 26 頁...
    ✅ [9] 93605044
    ✅ [9] 93605044 🚗豐田 FT86	汽油	4座	2000cc	棍波	2014	$113,0
    ✅ [9] 91212285 🚗豐田 VELLFIRE3.5	汽油	7座	3500cc	自動波	201
    ✅ [9] 93605044 🚗豐田 PRIUS 1.8 HYBRID	混能	5座	1800cc	自動
    ✅ [9] 93605044 🚗豐田 ALPHARD 2.5	汽油	7座	2500cc	自動波	202
    ✅ [9] 98621233 🚗豐田 VOXY HYBRID ZS FACELIFT	混能	7座	18
    ✅ [9] 90303689 🚗豐田 HIACE	柴油	5座	2755cc	自動波	2022	$188
    ✅ [9] 90303689 🚗平治 S400 FL	汽油	5座	3000cc	自動波	2018	$3
    ✅ [9] 90303689 🚗凌志 ES250 PREMIUM	汽油	5座	2500cc	自動波	2
    ✅ [9] 64019712 🚗保時捷 TAYCAN	電動	5座	120kW	自動波	2023	$73
    ✅ [9] 90303689 🚗本田 JAZZ GK5 RS	汽油	5座	1500cc	自動波	201
    ✅ [9] 90303689 🚗凌志 LS600H F SPORT	混能	5座	5000cc	自動波	
    ✅ [9] 94658335 🚗平治 E200 AMG	汽油	5座	2000cc	自動波	2024	$
    ✅ [9] 98893576 🚗購置Tesla二手部、仍有二手車全車保養，Ben 電話:9465833
    ✅ [9] 98893576 🚗豐田 HIACE 3.0 DELUXE EURO 5	柴油	5座	29
    ✅ [9] 98893576 🚗豐田 HIACE 3.0 DELUXE EURO 5	柴油	5座	29
    ✅ [9] 98893576 🚗豐田 HIACE 3.0 DELUXE EURO 5	柴油	5座	29
    ✅ [9] 98893576
    ✅ [9] 98893576
    ✅ [9] 98893576
  📄 爬取第 27 頁...
    ✅ [9] 93605044
    ✅ [9] 93605044 🚗豐田 FT86	汽油	4座	2000cc	棍波	2014	$113,0
    ✅ [9] 91212285 🚗豐田 VELLFIRE3.5	汽油	7座	3500cc	自動波	201
    ✅ [9] 93605044 🚗豐田 PRIUS 1.8 HYBRID	混能	5座	1800cc	自動
    ✅ [9] 93605044 🚗豐田 ALPHARD 2.5	汽油	7座	2500cc	自動波	202
    ✅ [9] 98621233 🚗豐田 VOXY HYBRID ZS FACELIFT	混能	7座	18
    ✅ [9] 90303689 🚗豐田 HIACE	柴油	5座	2755cc	自動波	2022	$188
    ✅ [9] 90303689 🚗平治 S400 FL	汽油	5座	3000cc	自動波	2018	$3
    ✅ [9] 90303689 🚗凌志 ES250 PREMIUM	汽油	5座	2500cc	自動波	2
    ✅ [9] 64019712 🚗保時捷 TAYCAN	電動	5座	120kW	自動波	2023	$73
    ✅ [9] 90303689 🚗本田 JAZZ GK5 RS	汽油	5座	1500cc	自動波	201
    ✅ [9] 90303689 🚗凌志 LS600H F SPORT	混能	5座	5000cc	自動波	
    ✅ [9] 94658335 🚗平治 E200 AMG	汽油	5座	2000cc	自動波	2024	$
    ✅ [9] 98893576 🚗購置Tesla二手部、仍有二手車全車保養，Ben 電話:9465833
    ✅ [9] 98893576 🚗豐田 HIACE 3.0 DELUXE EURO 5	柴油	5座	29
    ✅ [9] 98893576 🚗豐田 HIACE 3.0 DELUXE EURO 5	柴油	5座	29
    ✅ [9] 98893576 🚗豐田 HIACE 3.0 DELUXE EURO 5	柴油	5座	29
    ✅ [9] 98893576
    ✅ [9] 98893576
    ✅ [9] 98893576
  📄 爬取第 28 頁...
    ✅ [9] 93605044
    ✅ [9] 93605044 🚗豐田 FT86	汽油	4座	2000cc	棍波	2014	$113,0
    ✅ [9] 91212285 🚗豐田 VELLFIRE3.5	汽油	7座	3500cc	自動波	201
    ✅ [9] 93605044 🚗豐田 PRIUS 1.8 HYBRID	混能	5座	1800cc	自動
    ✅ [9] 93605044 🚗豐田 ALPHARD 2.5	汽油	7座	2500cc	自動波	202
    ✅ [9] 98621233 🚗豐田 VOXY HYBRID ZS FACELIFT	混能	7座	18
    ✅ [9] 90303689 🚗豐田 HIACE	柴油	5座	2755cc	自動波	2022	$188
    ✅ [9] 90303689 🚗平治 S400 FL	汽油	5座	3000cc	自動波	2018	$3
    ✅ [9] 90303689 🚗凌志 ES250 PREMIUM	汽油	5座	2500cc	自動波	2
    ✅ [9] 64019712 🚗保時捷 TAYCAN	電動	5座	120kW	自動波	2023	$73
    ✅ [9] 90303689 🚗本田 JAZZ GK5 RS	汽油	5座	1500cc	自動波	201
    ✅ [9] 90303689 🚗凌志 LS600H F SPORT	混能	5座	5000cc	自動波	
    ✅ [9] 94658335 🚗平治 E200 AMG	汽油	5座	2000cc	自動波	2024	$
    ✅ [9] 98893576 🚗購置Tesla二手部、仍有二手車全車保養，Ben 電話:9465833
    ✅ [9] 98893576 🚗豐田 HIACE 3.0 DELUXE EURO 5	柴油	5座	29
    ✅ [9] 98893576 🚗豐田 HIACE 3.0 DELUXE EURO 5	柴油	5座	29
    ✅ [9] 98893576 🚗豐田 HIACE 3.0 DELUXE EURO 5	柴油	5座	29
    ✅ [9] 98893576
    ✅ [9] 98893576
    ✅ [9] 98893576
  📄 爬取第 29 頁...
    ✅ [9] 93605044
    ✅ [9] 93605044 🚗豐田 FT86	汽油	4座	2000cc	棍波	2014	$113,0
    ✅ [9] 91212285 🚗豐田 VELLFIRE3.5	汽油	7座	3500cc	自動波	201
    ✅ [9] 93605044 🚗豐田 PRIUS 1.8 HYBRID	混能	5座	1800cc	自動
    ✅ [9] 93605044 🚗豐田 ALPHARD 2.5	汽油	7座	2500cc	自動波	202
    ✅ [9] 98621233 🚗豐田 VOXY HYBRID ZS FACELIFT	混能	7座	18
    ✅ [9] 90303689 🚗豐田 HIACE	柴油	5座	2755cc	自動波	2022	$188
    ✅ [9] 90303689 🚗平治 S400 FL	汽油	5座	3000cc	自動波	2018	$3
    ✅ [9] 90303689 🚗凌志 ES250 PREMIUM	汽油	5座	2500cc	自動波	2
    ✅ [9] 64019712 🚗保時捷 TAYCAN	電動	5座	120kW	自動波	2023	$73
    ✅ [9] 90303689 🚗本田 JAZZ GK5 RS	汽油	5座	1500cc	自動波	201
    ✅ [9] 90303689 🚗凌志 LS600H F SPORT	混能	5座	5000cc	自動波	
    ✅ [9] 94658335 🚗平治 E200 AMG	汽油	5座	2000cc	自動波	2024	$
    ✅ [9] 98893576 🚗購置Tesla二手部、仍有二手車全車保養，Ben 電話:9465833
    ✅ [9] 98893576 🚗豐田 HIACE 3.0 DELUXE EURO 5	柴油	5座	29
    ✅ [9] 98893576 🚗豐田 HIACE 3.0 DELUXE EURO 5	柴油	5座	29
    ✅ [9] 98893576 🚗豐田 HIACE 3.0 DELUXE EURO 5	柴油	5座	29
    ✅ [9] 98893576
    ✅ [9] 98893576
    ✅ [9] 98893576
    📊 進度: 9/100 條 (第 30 頁)
  📄 爬取第 30 頁...
    ✅ [9] 93605044
    ✅ [9] 93605044 🚗豐田 FT86	汽油	4座	2000cc	棍波	2014	$113,0
    ✅ [9] 91212285 🚗豐田 VELLFIRE3.5	汽油	7座	3500cc	自動波	201
    ✅ [9] 93605044 🚗豐田 PRIUS 1.8 HYBRID	混能	5座	1800cc	自動
    ✅ [9] 93605044 🚗豐田 ALPHARD 2.5	汽油	7座	2500cc	自動波	202
    ✅ [9] 98621233 🚗豐田 VOXY HYBRID ZS FACELIFT	混能	7座	18
    ✅ [9] 90303689 🚗豐田 HIACE	柴油	5座	2755cc	自動波	2022	$188
    ✅ [9] 90303689 🚗平治 S400 FL	汽油	5座	3000cc	自動波	2018	$3
    ✅ [9] 90303689 🚗凌志 ES250 PREMIUM	汽油	5座	2500cc	自動波	2
    ✅ [9] 64019712 🚗保時捷 TAYCAN	電動	5座	120kW	自動波	2023	$73
    ✅ [9] 90303689 🚗本田 JAZZ GK5 RS	汽油	5座	1500cc	自動波	201
    ✅ [9] 90303689 🚗凌志 LS600H F SPORT	混能	5座	5000cc	自動波	
    ✅ [9] 94658335 🚗平治 E200 AMG	汽油	5座	2000cc	自動波	2024	$
    ✅ [9] 98893576 🚗購置Tesla二手部、仍有二手車全車保養，Ben 電話:9465833
    ✅ [9] 98893576 🚗豐田 HIACE 3.0 DELUXE EURO 5	柴油	5座	29
    ✅ [9] 98893576 🚗豐田 HIACE 3.0 DELUXE EURO 5	柴油	5座	29
    ✅ [9] 98893576 🚗豐田 HIACE 3.0 DELUXE EURO 5	柴油	5座	29
    ✅ [9] 98893576
    ✅ [9] 98893576
    ✅ [9] 98893576
  📄 爬取第 31 頁...
    ✅ [9] 93605044
    ✅ [9] 93605044 🚗豐田 FT86	汽油	4座	2000cc	棍波	2014	$113,0
    ✅ [9] 91212285 🚗豐田 VELLFIRE3.5	汽油	7座	3500cc	自動波	201
    ✅ [9] 93605044 🚗豐田 PRIUS 1.8 HYBRID	混能	5座	1800cc	自動
    ✅ [9] 93605044 🚗豐田 ALPHARD 2.5	汽油	7座	2500cc	自動波	202
    ✅ [9] 98621233 🚗豐田 VOXY HYBRID ZS FACELIFT	混能	7座	18
    ✅ [9] 90303689 🚗豐田 HIACE	柴油	5座	2755cc	自動波	2022	$188
    ✅ [9] 90303689 🚗平治 S400 FL	汽油	5座	3000cc	自動波	2018	$3
    ✅ [9] 90303689 🚗凌志 ES250 PREMIUM	汽油	5座	2500cc	自動波	2
    ✅ [9] 64019712 🚗保時捷 TAYCAN	電動	5座	120kW	自動波	2023	$73
    ✅ [9] 90303689 🚗本田 JAZZ GK5 RS	汽油	5座	1500cc	自動波	201
    ✅ [9] 90303689 🚗凌志 LS600H F SPORT	混能	5座	5000cc	自動波	
    ✅ [9] 94658335 🚗平治 E200 AMG	汽油	5座	2000cc	自動波	2024	$
    ✅ [9] 98893576 🚗購置Tesla二手部、仍有二手車全車保養，Ben 電話:9465833
    ✅ [9] 98893576 🚗豐田 HIACE 3.0 DELUXE EURO 5	柴油	5座	29
    ✅ [9] 98893576 🚗豐田 HIACE 3.0 DELUXE EURO 5	柴油	5座	29
    ✅ [9] 98893576 🚗豐田 HIACE 3.0 DELUXE EURO 5	柴油	5座	29
    ✅ [9] 98893576
    ✅ [9] 98893576
    ✅ [9] 98893576
  📄 爬取第 32 頁...
    ✅ [9] 93605044
    ✅ [9] 93605044 🚗豐田 FT86	汽油	4座	2000cc	棍波	2014	$113,0
    ✅ [9] 91212285 🚗豐田 VELLFIRE3.5	汽油	7座	3500cc	自動波	201
    ✅ [9] 93605044 🚗豐田 PRIUS 1.8 HYBRID	混能	5座	1800cc	自動
    ✅ [9] 93605044 🚗豐田 ALPHARD 2.5	汽油	7座	2500cc	自動波	202
    ✅ [9] 98621233 🚗豐田 VOXY HYBRID ZS FACELIFT	混能	7座	18
    ✅ [9] 90303689 🚗豐田 HIACE	柴油	5座	2755cc	自動波	2022	$188
    ✅ [9] 90303689 🚗平治 S400 FL	汽油	5座	3000cc	自動波	2018	$3
    ✅ [9] 90303689 🚗凌志 ES250 PREMIUM	汽油	5座	2500cc	自動波	2
    ✅ [9] 64019712 🚗保時捷 TAYCAN	電動	5座	120kW	自動波	2023	$73
    ✅ [9] 90303689 🚗本田 JAZZ GK5 RS	汽油	5座	1500cc	自動波	201
    ✅ [9] 90303689 🚗凌志 LS600H F SPORT	混能	5座	5000cc	自動波	
    ✅ [9] 94658335 🚗平治 E200 AMG	汽油	5座	2000cc	自動波	2024	$
    ✅ [9] 98893576 🚗購置Tesla二手部、仍有二手車全車保養，Ben 電話:9465833
    ✅ [9] 98893576 🚗豐田 HIACE 3.0 DELUXE EURO 5	柴油	5座	29
    ✅ [9] 98893576 🚗豐田 HIACE 3.0 DELUXE EURO 5	柴油	5座	29
    ✅ [9] 98893576 🚗豐田 HIACE 3.0 DELUXE EURO 5	柴油	5座	29
    ✅ [9] 98893576
    ✅ [9] 98893576
    ✅ [9] 98893576
  📄 爬取第 33 頁...
    ✅ [9] 93605044
    ✅ [9] 93605044 🚗豐田 FT86	汽油	4座	2000cc	棍波	2014	$113,0
    ✅ [9] 91212285 🚗豐田 VELLFIRE3.5	汽油	7座	3500cc	自動波	201
    ✅ [9] 93605044 🚗豐田 PRIUS 1.8 HYBRID	混能	5座	1800cc	自動
    ✅ [9] 93605044 🚗豐田 ALPHARD 2.5	汽油	7座	2500cc	自動波	202
    ✅ [9] 98621233 🚗豐田 VOXY HYBRID ZS FACELIFT	混能	7座	18
    ✅ [9] 90303689 🚗豐田 HIACE	柴油	5座	2755cc	自動波	2022	$188
    ✅ [9] 90303689 🚗平治 S400 FL	汽油	5座	3000cc	自動波	2018	$3
    ✅ [9] 90303689 🚗凌志 ES250 PREMIUM	汽油	5座	2500cc	自動波	2
    ✅ [9] 64019712 🚗保時捷 TAYCAN	電動	5座	120kW	自動波	2023	$73
    ✅ [9] 90303689 🚗本田 JAZZ GK5 RS	汽油	5座	1500cc	自動波	201
    ✅ [9] 90303689 🚗凌志 LS600H F SPORT	混能	5座	5000cc	自動波	
    ✅ [9] 94658335 🚗平治 E200 AMG	汽油	5座	2000cc	自動波	2024	$
    ✅ [9] 98893576 🚗購置Tesla二手部、仍有二手車全車保養，Ben 電話:9465833
    ✅ [9] 98893576 🚗豐田 HIACE 3.0 DELUXE EURO 5	柴油	5座	29
    ✅ [9] 98893576 🚗豐田 HIACE 3.0 DELUXE EURO 5	柴油	5座	29
    ✅ [9] 98893576 🚗豐田 HIACE 3.0 DELUXE EURO 5	柴油	5座	29
    ✅ [9] 98893576
    ✅ [9] 98893576
    ✅ [9] 98893576
  📄 爬取第 34 頁...
    ✅ [9] 93605044
    ✅ [9] 93605044 🚗豐田 FT86	汽油	4座	2000cc	棍波	2014	$113,0
    ✅ [9] 91212285 🚗豐田 VELLFIRE3.5	汽油	7座	3500cc	自動波	201
    ✅ [9] 93605044 🚗豐田 PRIUS 1.8 HYBRID	混能	5座	1800cc	自動
    ✅ [9] 93605044 🚗豐田 ALPHARD 2.5	汽油	7座	2500cc	自動波	202
    ✅ [9] 98621233 🚗豐田 VOXY HYBRID ZS FACELIFT	混能	7座	18
    ✅ [9] 90303689 🚗豐田 HIACE	柴油	5座	2755cc	自動波	2022	$188
    ✅ [9] 90303689 🚗平治 S400 FL	汽油	5座	3000cc	自動波	2018	$3
    ✅ [9] 90303689 🚗凌志 ES250 PREMIUM	汽油	5座	2500cc	自動波	2
    ✅ [9] 64019712 🚗保時捷 TAYCAN	電動	5座	120kW	自動波	2023	$73
    ✅ [9] 90303689 🚗本田 JAZZ GK5 RS	汽油	5座	1500cc	自動波	201
    ✅ [9] 90303689 🚗凌志 LS600H F SPORT	混能	5座	5000cc	自動波	
    ✅ [9] 94658335 🚗平治 E200 AMG	汽油	5座	2000cc	自動波	2024	$
    ✅ [9] 98893576 🚗購置Tesla二手部、仍有二手車全車保養，Ben 電話:9465833
    ✅ [9] 98893576 🚗豐田 HIACE 3.0 DELUXE EURO 5	柴油	5座	29
    ✅ [9] 98893576 🚗豐田 HIACE 3.0 DELUXE EURO 5	柴油	5座	29
    ✅ [9] 98893576 🚗豐田 HIACE 3.0 DELUXE EURO 5	柴油	5座	29
    ✅ [9] 98893576
    ✅ [9] 98893576
    ✅ [9] 98893576
    📊 進度: 9/100 條 (第 35 頁)
  📄 爬取第 35 頁...
    ✅ [9] 93605044
    ✅ [9] 93605044 🚗豐田 FT86	汽油	4座	2000cc	棍波	2014	$113,0
    ✅ [9] 91212285 🚗豐田 VELLFIRE3.5	汽油	7座	3500cc	自動波	201
    ✅ [9] 93605044 🚗豐田 PRIUS 1.8 HYBRID	混能	5座	1800cc	自動
    ✅ [9] 93605044 🚗豐田 ALPHARD 2.5	汽油	7座	2500cc	自動波	202
    ✅ [9] 98621233 🚗豐田 VOXY HYBRID ZS FACELIFT	混能	7座	18
    ✅ [9] 90303689 🚗豐田 HIACE	柴油	5座	2755cc	自動波	2022	$188
    ✅ [9] 90303689 🚗平治 S400 FL	汽油	5座	3000cc	自動波	2018	$3
    ✅ [9] 90303689 🚗凌志 ES250 PREMIUM	汽油	5座	2500cc	自動波	2
    ✅ [9] 64019712 🚗保時捷 TAYCAN	電動	5座	120kW	自動波	2023	$73
    ✅ [9] 90303689 🚗本田 JAZZ GK5 RS	汽油	5座	1500cc	自動波	201
    ✅ [9] 90303689 🚗凌志 LS600H F SPORT	混能	5座	5000cc	自動波	
    ✅ [9] 94658335 🚗平治 E200 AMG	汽油	5座	2000cc	自動波	2024	$
    ✅ [9] 98893576 🚗購置Tesla二手部、仍有二手車全車保養，Ben 電話:9465833
    ✅ [9] 98893576 🚗豐田 HIACE 3.0 DELUXE EURO 5	柴油	5座	29
    ✅ [9] 98893576 🚗豐田 HIACE 3.0 DELUXE EURO 5	柴油	5座	29
    ✅ [9] 98893576 🚗豐田 HIACE 3.0 DELUXE EURO 5	柴油	5座	29
    ✅ [9] 98893576
    ✅ [9] 98893576
    ✅ [9] 98893576
  📄 爬取第 36 頁...
    ✅ [10] 93343280
    ✅ [11] 62749813 🚗標緻 TRAVELLER	柴油	6座	2000cc	自動波	2018	
    ✅ [11] 62749813 🚗豐田 PRIUS 1.8 HYBRID MODELLISTA	混能	5
    ✅ [11] 93605044 🚗豐田 PRIUS 1.8 HYBRID MODELLISTA	混能	5
    ✅ [11] 93605044 🚗豐田 ALPHARD 3.5	汽油	7座	3500cc	自動波	201
    ✅ [11] 93605044 🚗寶馬 420iA GRAN COUPE	汽油	5座	2000cc	自動
    ✅ [11] 93605044 🚗豐田 VOXY HYBRID	混能	7座	1800cc	自動波	201
    ✅ [11] 93605044 🚗豐田 VELLFIRE 3.5	汽油	7座	3500cc	自動波	20
    ✅ [11] 93605044 🚗豐田 FT86	汽油	4座	2000cc	棍波	2014	$113,0
    ✅ [11] 91212285 🚗豐田 VELLFIRE3.5	汽油	7座	3500cc	自動波	201
    ✅ [11] 93605044 🚗豐田 PRIUS 1.8 HYBRID	混能	5座	1800cc	自動
    ✅ [11] 98621233 🚗豐田 ALPHARD 2.5	汽油	7座	2500cc	自動波	202
    ✅ [11] 93605044 🚗豐田 HIACE	柴油	5座	2755cc	自動波	2022	$188
    ✅ [11] 90303689 🚗豐田 VOXY HYBRID ZS FACELIFT	混能	7座	18
    ✅ [11] 90303689 🚗平治 S400 FL	汽油	5座	3000cc	自動波	2018	$3
    ✅ [11] 90303689 🚗凌志 ES250 PREMIUM	汽油	5座	2500cc	自動波	2
    ✅ [11] 64019712 🚗保時捷 TAYCAN	電動	5座	120kW	自動波	2023	$73
    ✅ [11] 90303689 🚗本田 JAZZ GK5 RS	汽油	5座	1500cc	自動波	201
    ✅ [11] 90303689 🚗凌志 LS600H F SPORT	混能	5座	5000cc	自動波	
  📄 爬取第 37 頁...
    ✅ [11] 93343280
    ✅ [11] 62749813 🚗標緻 TRAVELLER	柴油	6座	2000cc	自動波	2018	
    ✅ [11] 62749813 🚗豐田 PRIUS 1.8 HYBRID MODELLISTA	混能	5
    ✅ [11] 93605044 🚗豐田 PRIUS 1.8 HYBRID MODELLISTA	混能	5
    ✅ [11] 93605044 🚗豐田 ALPHARD 3.5	汽油	7座	3500cc	自動波	201
    ✅ [11] 93605044 🚗寶馬 420iA GRAN COUPE	汽油	5座	2000cc	自動
    ✅ [11] 93605044 🚗豐田 VOXY HYBRID	混能	7座	1800cc	自動波	201
    ✅ [11] 93605044 🚗豐田 VELLFIRE 3.5	汽油	7座	3500cc	自動波	20
    ✅ [11] 93605044 🚗豐田 FT86	汽油	4座	2000cc	棍波	2014	$113,0
    ✅ [11] 91212285 🚗豐田 VELLFIRE3.5	汽油	7座	3500cc	自動波	201
    ✅ [11] 93605044 🚗豐田 PRIUS 1.8 HYBRID	混能	5座	1800cc	自動
    ✅ [11] 98621233 🚗豐田 ALPHARD 2.5	汽油	7座	2500cc	自動波	202
    ✅ [11] 93605044 🚗豐田 HIACE	柴油	5座	2755cc	自動波	2022	$188
    ✅ [11] 90303689 🚗豐田 VOXY HYBRID ZS FACELIFT	混能	7座	18
    ✅ [11] 90303689 🚗平治 S400 FL	汽油	5座	3000cc	自動波	2018	$3
    ✅ [11] 90303689 🚗凌志 ES250 PREMIUM	汽油	5座	2500cc	自動波	2
    ✅ [11] 64019712 🚗保時捷 TAYCAN	電動	5座	120kW	自動波	2023	$73
    ✅ [11] 90303689 🚗本田 JAZZ GK5 RS	汽油	5座	1500cc	自動波	201
    ✅ [11] 90303689 🚗凌志 LS600H F SPORT	混能	5座	5000cc	自動波	
  📄 爬取第 38 頁...
    ✅ [11] 93343280
    ✅ [11] 62749813 🚗標緻 TRAVELLER	柴油	6座	2000cc	自動波	2018	
    ✅ [11] 62749813 🚗豐田 PRIUS 1.8 HYBRID MODELLISTA	混能	5
    ✅ [11] 93605044 🚗豐田 PRIUS 1.8 HYBRID MODELLISTA	混能	5
    ✅ [11] 93605044 🚗豐田 ALPHARD 3.5	汽油	7座	3500cc	自動波	201
    ✅ [11] 93605044 🚗寶馬 420iA GRAN COUPE	汽油	5座	2000cc	自動
    ✅ [11] 93605044 🚗豐田 VOXY HYBRID	混能	7座	1800cc	自動波	201
    ✅ [11] 93605044 🚗豐田 VELLFIRE 3.5	汽油	7座	3500cc	自動波	20
    ✅ [11] 93605044 🚗豐田 FT86	汽油	4座	2000cc	棍波	2014	$113,0
    ✅ [11] 91212285 🚗豐田 VELLFIRE3.5	汽油	7座	3500cc	自動波	201
    ✅ [11] 93605044 🚗豐田 PRIUS 1.8 HYBRID	混能	5座	1800cc	自動
    ✅ [11] 98621233 🚗豐田 ALPHARD 2.5	汽油	7座	2500cc	自動波	202
    ✅ [11] 93605044 🚗豐田 HIACE	柴油	5座	2755cc	自動波	2022	$188
    ✅ [11] 90303689 🚗豐田 VOXY HYBRID ZS FACELIFT	混能	7座	18
    ✅ [11] 90303689 🚗平治 S400 FL	汽油	5座	3000cc	自動波	2018	$3
    ✅ [11] 90303689 🚗凌志 ES250 PREMIUM	汽油	5座	2500cc	自動波	2
    ✅ [11] 64019712 🚗保時捷 TAYCAN	電動	5座	120kW	自動波	2023	$73
    ✅ [11] 90303689 🚗本田 JAZZ GK5 RS	汽油	5座	1500cc	自動波	201
    ✅ [11] 90303689 🚗凌志 LS600H F SPORT	混能	5座	5000cc	自動波	
  📄 爬取第 39 頁...
    ✅ [11] 93343280
    ✅ [11] 62749813 🚗標緻 TRAVELLER	柴油	6座	2000cc	自動波	2018	
    ✅ [11] 62749813 🚗豐田 PRIUS 1.8 HYBRID MODELLISTA	混能	5
    ✅ [11] 93605044 🚗豐田 PRIUS 1.8 HYBRID MODELLISTA	混能	5
    ✅ [11] 93605044 🚗豐田 ALPHARD 3.5	汽油	7座	3500cc	自動波	201
    ✅ [11] 93605044 🚗寶馬 420iA GRAN COUPE	汽油	5座	2000cc	自動
    ✅ [11] 93605044 🚗豐田 VOXY HYBRID	混能	7座	1800cc	自動波	201
    ✅ [11] 93605044 🚗豐田 VELLFIRE 3.5	汽油	7座	3500cc	自動波	20
    ✅ [11] 93605044 🚗豐田 FT86	汽油	4座	2000cc	棍波	2014	$113,0
    ✅ [11] 91212285 🚗豐田 VELLFIRE3.5	汽油	7座	3500cc	自動波	201
    ✅ [11] 93605044 🚗豐田 PRIUS 1.8 HYBRID	混能	5座	1800cc	自動
    ✅ [11] 98621233 🚗豐田 ALPHARD 2.5	汽油	7座	2500cc	自動波	202
    ✅ [11] 93605044 🚗豐田 HIACE	柴油	5座	2755cc	自動波	2022	$188
    ✅ [11] 90303689 🚗豐田 VOXY HYBRID ZS FACELIFT	混能	7座	18
    ✅ [11] 90303689 🚗平治 S400 FL	汽油	5座	3000cc	自動波	2018	$3
    ✅ [11] 90303689 🚗凌志 ES250 PREMIUM	汽油	5座	2500cc	自動波	2
    ✅ [11] 64019712 🚗保時捷 TAYCAN	電動	5座	120kW	自動波	2023	$73
    ✅ [11] 90303689 🚗本田 JAZZ GK5 RS	汽油	5座	1500cc	自動波	201
    ✅ [11] 90303689 🚗凌志 LS600H F SPORT	混能	5座	5000cc	自動波	
    📊 進度: 11/100 條 (第 40 頁)
  📄 爬取第 40 頁...
    ✅ [11] 93343280
    ✅ [11] 62749813 🚗標緻 TRAVELLER	柴油	6座	2000cc	自動波	2018	
    ✅ [11] 62749813 🚗豐田 PRIUS 1.8 HYBRID MODELLISTA	混能	5
    ✅ [11] 93605044 🚗豐田 PRIUS 1.8 HYBRID MODELLISTA	混能	5
    ✅ [11] 93605044 🚗豐田 ALPHARD 3.5	汽油	7座	3500cc	自動波	201
    ✅ [11] 93605044 🚗寶馬 420iA GRAN COUPE	汽油	5座	2000cc	自動
    ✅ [11] 93605044 🚗豐田 VOXY HYBRID	混能	7座	1800cc	自動波	201
    ✅ [11] 93605044 🚗豐田 VELLFIRE 3.5	汽油	7座	3500cc	自動波	20
    ✅ [11] 93605044 🚗豐田 FT86	汽油	4座	2000cc	棍波	2014	$113,0
    ✅ [11] 91212285 🚗豐田 VELLFIRE3.5	汽油	7座	3500cc	自動波	201
    ✅ [11] 93605044 🚗豐田 PRIUS 1.8 HYBRID	混能	5座	1800cc	自動
    ✅ [11] 98621233 🚗豐田 ALPHARD 2.5	汽油	7座	2500cc	自動波	202
    ✅ [11] 93605044 🚗豐田 HIACE	柴油	5座	2755cc	自動波	2022	$188
    ✅ [11] 90303689 🚗豐田 VOXY HYBRID ZS FACELIFT	混能	7座	18
    ✅ [11] 90303689 🚗平治 S400 FL	汽油	5座	3000cc	自動波	2018	$3
    ✅ [11] 90303689 🚗凌志 ES250 PREMIUM	汽油	5座	2500cc	自動波	2
    ✅ [11] 64019712 🚗保時捷 TAYCAN	電動	5座	120kW	自動波	2023	$73
    ✅ [11] 90303689 🚗本田 JAZZ GK5 RS	汽油	5座	1500cc	自動波	201
    ✅ [11] 90303689 🚗凌志 LS600H F SPORT	混能	5座	5000cc	自動波	
  📄 爬取第 41 頁...
    ✅ [11] 93343280
    ✅ [11] 62749813 🚗標緻 TRAVELLER	柴油	6座	2000cc	自動波	2018	
    ✅ [11] 62749813 🚗豐田 PRIUS 1.8 HYBRID MODELLISTA	混能	5
    ✅ [11] 93605044 🚗豐田 PRIUS 1.8 HYBRID MODELLISTA	混能	5
    ✅ [11] 93605044 🚗豐田 ALPHARD 3.5	汽油	7座	3500cc	自動波	201
    ✅ [11] 93605044 🚗寶馬 420iA GRAN COUPE	汽油	5座	2000cc	自動
    ✅ [11] 93605044 🚗豐田 VOXY HYBRID	混能	7座	1800cc	自動波	201
    ✅ [11] 93605044 🚗豐田 VELLFIRE 3.5	汽油	7座	3500cc	自動波	20
    ✅ [11] 93605044 🚗豐田 FT86	汽油	4座	2000cc	棍波	2014	$113,0
    ✅ [11] 91212285 🚗豐田 VELLFIRE3.5	汽油	7座	3500cc	自動波	201
    ✅ [11] 93605044 🚗豐田 PRIUS 1.8 HYBRID	混能	5座	1800cc	自動
    ✅ [11] 98621233 🚗豐田 ALPHARD 2.5	汽油	7座	2500cc	自動波	202
    ✅ [11] 93605044 🚗豐田 HIACE	柴油	5座	2755cc	自動波	2022	$188
    ✅ [11] 90303689 🚗豐田 VOXY HYBRID ZS FACELIFT	混能	7座	18
    ✅ [11] 90303689 🚗平治 S400 FL	汽油	5座	3000cc	自動波	2018	$3
    ✅ [11] 90303689 🚗凌志 ES250 PREMIUM	汽油	5座	2500cc	自動波	2
    ✅ [11] 64019712 🚗保時捷 TAYCAN	電動	5座	120kW	自動波	2023	$73
    ✅ [11] 90303689 🚗本田 JAZZ GK5 RS	汽油	5座	1500cc	自動波	201
    ✅ [11] 90303689 🚗凌志 LS600H F SPORT	混能	5座	5000cc	自動波	
  📄 爬取第 42 頁...
    ✅ [11] 93343280
    ✅ [11] 62749813 🚗標緻 TRAVELLER	柴油	6座	2000cc	自動波	2018	
    ✅ [11] 62749813 🚗豐田 PRIUS 1.8 HYBRID MODELLISTA	混能	5
    ✅ [11] 93605044 🚗豐田 PRIUS 1.8 HYBRID MODELLISTA	混能	5
    ✅ [11] 93605044 🚗豐田 ALPHARD 3.5	汽油	7座	3500cc	自動波	201
    ✅ [11] 93605044 🚗寶馬 420iA GRAN COUPE	汽油	5座	2000cc	自動
    ✅ [11] 93605044 🚗豐田 VOXY HYBRID	混能	7座	1800cc	自動波	201
    ✅ [11] 93605044 🚗豐田 VELLFIRE 3.5	汽油	7座	3500cc	自動波	20
    ✅ [11] 93605044 🚗豐田 FT86	汽油	4座	2000cc	棍波	2014	$113,0
    ✅ [11] 91212285 🚗豐田 VELLFIRE3.5	汽油	7座	3500cc	自動波	201
    ✅ [11] 93605044 🚗豐田 PRIUS 1.8 HYBRID	混能	5座	1800cc	自動
    ✅ [11] 98621233 🚗豐田 ALPHARD 2.5	汽油	7座	2500cc	自動波	202
    ✅ [11] 93605044 🚗豐田 HIACE	柴油	5座	2755cc	自動波	2022	$188
    ✅ [11] 90303689 🚗豐田 VOXY HYBRID ZS FACELIFT	混能	7座	18
    ✅ [11] 90303689 🚗平治 S400 FL	汽油	5座	3000cc	自動波	2018	$3
    ✅ [11] 90303689 🚗凌志 ES250 PREMIUM	汽油	5座	2500cc	自動波	2
    ✅ [11] 64019712 🚗保時捷 TAYCAN	電動	5座	120kW	自動波	2023	$73
    ✅ [11] 90303689 🚗本田 JAZZ GK5 RS	汽油	5座	1500cc	自動波	201
    ✅ [11] 90303689 🚗凌志 LS600H F SPORT	混能	5座	5000cc	自動波	
  📄 爬取第 43 頁...
    ✅ [11] 93343280
    ✅ [11] 62749813 🚗標緻 TRAVELLER	柴油	6座	2000cc	自動波	2018	
    ✅ [11] 62749813 🚗豐田 PRIUS 1.8 HYBRID MODELLISTA	混能	5
    ✅ [11] 93605044 🚗豐田 PRIUS 1.8 HYBRID MODELLISTA	混能	5
    ✅ [11] 93605044 🚗豐田 ALPHARD 3.5	汽油	7座	3500cc	自動波	201
    ✅ [11] 93605044 🚗寶馬 420iA GRAN COUPE	汽油	5座	2000cc	自動
    ✅ [11] 93605044 🚗豐田 VOXY HYBRID	混能	7座	1800cc	自動波	201
    ✅ [11] 93605044 🚗豐田 VELLFIRE 3.5	汽油	7座	3500cc	自動波	20
    ✅ [11] 93605044 🚗豐田 FT86	汽油	4座	2000cc	棍波	2014	$113,0
    ✅ [11] 91212285 🚗豐田 VELLFIRE3.5	汽油	7座	3500cc	自動波	201
    ✅ [11] 93605044 🚗豐田 PRIUS 1.8 HYBRID	混能	5座	1800cc	自動
    ✅ [11] 98621233 🚗豐田 ALPHARD 2.5	汽油	7座	2500cc	自動波	202
    ✅ [11] 93605044 🚗豐田 HIACE	柴油	5座	2755cc	自動波	2022	$188
    ✅ [11] 90303689 🚗豐田 VOXY HYBRID ZS FACELIFT	混能	7座	18
    ✅ [11] 90303689 🚗平治 S400 FL	汽油	5座	3000cc	自動波	2018	$3
    ✅ [11] 90303689 🚗凌志 ES250 PREMIUM	汽油	5座	2500cc	自動波	2
    ✅ [11] 64019712 🚗保時捷 TAYCAN	電動	5座	120kW	自動波	2023	$73
    ✅ [11] 90303689 🚗本田 JAZZ GK5 RS	汽油	5座	1500cc	自動波	201
    ✅ [11] 90303689 🚗凌志 LS600H F SPORT	混能	5座	5000cc	自動波	
  📄 爬取第 44 頁...
    ✅ [11] 93343280
    ✅ [11] 62749813 🚗標緻 TRAVELLER	柴油	6座	2000cc	自動波	2018	
    ✅ [11] 62749813 🚗豐田 PRIUS 1.8 HYBRID MODELLISTA	混能	5
    ✅ [11] 93605044 🚗豐田 PRIUS 1.8 HYBRID MODELLISTA	混能	5
    ✅ [11] 93605044 🚗豐田 ALPHARD 3.5	汽油	7座	3500cc	自動波	201
    ✅ [11] 93605044 🚗寶馬 420iA GRAN COUPE	汽油	5座	2000cc	自動
    ✅ [11] 93605044 🚗豐田 VOXY HYBRID	混能	7座	1800cc	自動波	201
    ✅ [11] 93605044 🚗豐田 VELLFIRE 3.5	汽油	7座	3500cc	自動波	20
    ✅ [11] 93605044 🚗豐田 FT86	汽油	4座	2000cc	棍波	2014	$113,0
    ✅ [11] 91212285 🚗豐田 VELLFIRE3.5	汽油	7座	3500cc	自動波	201
    ✅ [11] 93605044 🚗豐田 PRIUS 1.8 HYBRID	混能	5座	1800cc	自動
    ✅ [11] 98621233 🚗豐田 ALPHARD 2.5	汽油	7座	2500cc	自動波	202
    ✅ [11] 93605044 🚗豐田 HIACE	柴油	5座	2755cc	自動波	2022	$188
    ✅ [11] 90303689 🚗豐田 VOXY HYBRID ZS FACELIFT	混能	7座	18
    ✅ [11] 90303689 🚗平治 S400 FL	汽油	5座	3000cc	自動波	2018	$3
    ✅ [11] 90303689 🚗凌志 ES250 PREMIUM	汽油	5座	2500cc	自動波	2
    ✅ [11] 64019712 🚗保時捷 TAYCAN	電動	5座	120kW	自動波	2023	$73
    ✅ [11] 90303689 🚗本田 JAZZ GK5 RS	汽油	5座	1500cc	自動波	201
    ✅ [11] 90303689 🚗凌志 LS600H F SPORT	混能	5座	5000cc	自動波	
    📊 進度: 11/100 條 (第 45 頁)
  📄 爬取第 45 頁...
    ✅ [11] 93343280
    ✅ [11] 62749813 🚗標緻 TRAVELLER	柴油	6座	2000cc	自動波	2018	
    ✅ [11] 62749813 🚗豐田 PRIUS 1.8 HYBRID MODELLISTA	混能	5
    ✅ [11] 93605044 🚗豐田 PRIUS 1.8 HYBRID MODELLISTA	混能	5
    ✅ [11] 93605044 🚗豐田 ALPHARD 3.5	汽油	7座	3500cc	自動波	201
    ✅ [11] 93605044 🚗寶馬 420iA GRAN COUPE	汽油	5座	2000cc	自動
    ✅ [11] 93605044 🚗豐田 VOXY HYBRID	混能	7座	1800cc	自動波	201
    ✅ [11] 93605044 🚗豐田 VELLFIRE 3.5	汽油	7座	3500cc	自動波	20
    ✅ [11] 93605044 🚗豐田 FT86	汽油	4座	2000cc	棍波	2014	$113,0
    ✅ [11] 91212285 🚗豐田 VELLFIRE3.5	汽油	7座	3500cc	自動波	201
    ✅ [11] 93605044 🚗豐田 PRIUS 1.8 HYBRID	混能	5座	1800cc	自動
    ✅ [11] 98621233 🚗豐田 ALPHARD 2.5	汽油	7座	2500cc	自動波	202
    ✅ [11] 93605044 🚗豐田 HIACE	柴油	5座	2755cc	自動波	2022	$188
    ✅ [11] 90303689 🚗豐田 VOXY HYBRID ZS FACELIFT	混能	7座	18
    ✅ [11] 90303689 🚗平治 S400 FL	汽油	5座	3000cc	自動波	2018	$3
    ✅ [11] 90303689 🚗凌志 ES250 PREMIUM	汽油	5座	2500cc	自動波	2
    ✅ [11] 64019712 🚗保時捷 TAYCAN	電動	5座	120kW	自動波	2023	$73
    ✅ [11] 90303689 🚗本田 JAZZ GK5 RS	汽油	5座	1500cc	自動波	201
    ✅ [11] 90303689 🚗凌志 LS600H F SPORT	混能	5座	5000cc	自動波	
  📄 爬取第 46 頁...
    ✅ [11] 93343280
    ✅ [11] 62749813 🚗標緻 TRAVELLER	柴油	6座	2000cc	自動波	2018	
    ✅ [11] 62749813 🚗豐田 PRIUS 1.8 HYBRID MODELLISTA	混能	5
    ✅ [11] 93605044 🚗豐田 PRIUS 1.8 HYBRID MODELLISTA	混能	5
    ✅ [11] 93605044 🚗豐田 ALPHARD 3.5	汽油	7座	3500cc	自動波	201
    ✅ [11] 93605044 🚗寶馬 420iA GRAN COUPE	汽油	5座	2000cc	自動
    ✅ [11] 93605044 🚗豐田 VOXY HYBRID	混能	7座	1800cc	自動波	201
    ✅ [11] 93605044 🚗豐田 VELLFIRE 3.5	汽油	7座	3500cc	自動波	20
    ✅ [11] 93605044 🚗豐田 FT86	汽油	4座	2000cc	棍波	2014	$113,0
    ✅ [11] 91212285 🚗豐田 VELLFIRE3.5	汽油	7座	3500cc	自動波	201
    ✅ [11] 93605044 🚗豐田 PRIUS 1.8 HYBRID	混能	5座	1800cc	自動
    ✅ [11] 98621233 🚗豐田 ALPHARD 2.5	汽油	7座	2500cc	自動波	202
    ✅ [11] 93605044 🚗豐田 HIACE	柴油	5座	2755cc	自動波	2022	$188
    ✅ [11] 90303689 🚗豐田 VOXY HYBRID ZS FACELIFT	混能	7座	18
    ✅ [11] 90303689 🚗平治 S400 FL	汽油	5座	3000cc	自動波	2018	$3
    ✅ [11] 90303689 🚗凌志 ES250 PREMIUM	汽油	5座	2500cc	自動波	2
    ✅ [11] 64019712 🚗保時捷 TAYCAN	電動	5座	120kW	自動波	2023	$73
    ✅ [11] 90303689 🚗本田 JAZZ GK5 RS	汽油	5座	1500cc	自動波	201
    ✅ [11] 90303689 🚗凌志 LS600H F SPORT	混能	5座	5000cc	自動波	
  📄 爬取第 47 頁...
    ✅ [11] 93343280
    ✅ [11] 62749813 🚗標緻 TRAVELLER	柴油	6座	2000cc	自動波	2018	
    ✅ [11] 62749813 🚗豐田 PRIUS 1.8 HYBRID MODELLISTA	混能	5
    ✅ [11] 93605044 🚗豐田 PRIUS 1.8 HYBRID MODELLISTA	混能	5
    ✅ [11] 93605044 🚗豐田 ALPHARD 3.5	汽油	7座	3500cc	自動波	201
    ✅ [11] 93605044 🚗寶馬 420iA GRAN COUPE	汽油	5座	2000cc	自動
    ✅ [11] 93605044 🚗豐田 VOXY HYBRID	混能	7座	1800cc	自動波	201
    ✅ [11] 93605044 🚗豐田 VELLFIRE 3.5	汽油	7座	3500cc	自動波	20
    ✅ [11] 93605044 🚗豐田 FT86	汽油	4座	2000cc	棍波	2014	$113,0
    ✅ [11] 91212285 🚗豐田 VELLFIRE3.5	汽油	7座	3500cc	自動波	201
    ✅ [11] 93605044 🚗豐田 PRIUS 1.8 HYBRID	混能	5座	1800cc	自動
    ✅ [11] 98621233 🚗豐田 ALPHARD 2.5	汽油	7座	2500cc	自動波	202
    ✅ [11] 93605044 🚗豐田 HIACE	柴油	5座	2755cc	自動波	2022	$188
    ✅ [11] 90303689 🚗豐田 VOXY HYBRID ZS FACELIFT	混能	7座	18
    ✅ [11] 90303689 🚗平治 S400 FL	汽油	5座	3000cc	自動波	2018	$3
    ✅ [11] 90303689 🚗凌志 ES250 PREMIUM	汽油	5座	2500cc	自動波	2
    ✅ [11] 64019712 🚗保時捷 TAYCAN	電動	5座	120kW	自動波	2023	$73
    ✅ [11] 90303689 🚗本田 JAZZ GK5 RS	汽油	5座	1500cc	自動波	201
    ✅ [11] 90303689 🚗凌志 LS600H F SPORT	混能	5座	5000cc	自動波	
  📄 爬取第 48 頁...
    ✅ [12] 92189907
    ✅ [12] 93605044
    ✅ [12] 93605044 🚗本田 STEPWGN HYBRID	混能	7座	2000cc	自動波	
    ✅ [12] 93605044 🚗三菱 PAJERO DIESEL	柴油	7座	2500cc	自動波	1
    ✅ [12] 93605044 🚗豐田 ALPHARD 2.5	汽油	7座	2500cc	自動波	202
    ✅ [12] 62749813 🚗豐田 NOAH HYBRID	混能	7座	1800cc	自動波	201
    ✅ [12] 93605044 🚗豐田 NOAH HYBRID	混能	7座	1800cc	自動波	201
    ✅ [12] 62749813 🚗豐田 ALPHARD 3.5	汽油	7座	3500cc	自動波	201
    ✅ [12] 62749813 🚗豐田 ALPHARD 3.5	汽油	7座	3500cc	自動波	201
    ✅ [12] 93605044 🚗豐田 ALPHARD 3.5	汽油	7座	3500cc	自動波	201
    ✅ [12] 93343280 🚗豐田 VELLFIRE3.5	汽油	7座	3500cc	自動波	202
    ✅ [12] 62749813 🚗標緻 TRAVELLER	柴油	6座	2000cc	自動波	2018	
    ✅ [12] 62749813 🚗豐田 PRIUS 1.8 HYBRID MODELLISTA	混能	5
    ✅ [12] 93605044 🚗豐田 PRIUS 1.8 HYBRID MODELLISTA	混能	5
    ✅ [12] 93605044 🚗豐田 ALPHARD 3.5	汽油	7座	3500cc	自動波	201
    ✅ [12] 93605044 🚗寶馬 420iA GRAN COUPE	汽油	5座	2000cc	自動
    ✅ [12] 93605044 🚗豐田 VOXY HYBRID	混能	7座	1800cc	自動波	201
    ✅ [12] 93605044 🚗豐田 VELLFIRE 3.5	汽油	7座	3500cc	自動波	20
    ✅ [12] 93605044 🚗豐田 FT86	汽油	4座	2000cc	棍波	2014	$113,0
  📄 爬取第 49 頁...
    ✅ [12] 92189907
    ✅ [12] 93605044
    ✅ [12] 93605044 🚗本田 STEPWGN HYBRID	混能	7座	2000cc	自動波	
    ✅ [12] 93605044 🚗三菱 PAJERO DIESEL	柴油	7座	2500cc	自動波	1
    ✅ [12] 93605044 🚗豐田 ALPHARD 2.5	汽油	7座	2500cc	自動波	202
    ✅ [12] 62749813 🚗豐田 NOAH HYBRID	混能	7座	1800cc	自動波	201
    ✅ [12] 93605044 🚗豐田 NOAH HYBRID	混能	7座	1800cc	自動波	201
    ✅ [12] 62749813 🚗豐田 ALPHARD 3.5	汽油	7座	3500cc	自動波	201
    ✅ [12] 62749813 🚗豐田 ALPHARD 3.5	汽油	7座	3500cc	自動波	201
    ✅ [12] 93605044 🚗豐田 ALPHARD 3.5	汽油	7座	3500cc	自動波	201
    ✅ [12] 93343280 🚗豐田 VELLFIRE3.5	汽油	7座	3500cc	自動波	202
    ✅ [12] 62749813 🚗標緻 TRAVELLER	柴油	6座	2000cc	自動波	2018	
    ✅ [12] 62749813 🚗豐田 PRIUS 1.8 HYBRID MODELLISTA	混能	5
    ✅ [12] 93605044 🚗豐田 PRIUS 1.8 HYBRID MODELLISTA	混能	5
    ✅ [12] 93605044 🚗豐田 ALPHARD 3.5	汽油	7座	3500cc	自動波	201
    ✅ [12] 93605044 🚗寶馬 420iA GRAN COUPE	汽油	5座	2000cc	自動
    ✅ [12] 93605044 🚗豐田 VOXY HYBRID	混能	7座	1800cc	自動波	201
    ✅ [12] 93605044 🚗豐田 VELLFIRE 3.5	汽油	7座	3500cc	自動波	20
    ✅ [12] 93605044 🚗豐田 FT86	汽油	4座	2000cc	棍波	2014	$113,0
    📊 進度: 12/100 條 (第 50 頁)
  📄 爬取第 50 頁...
    ✅ [12] 92189907
    ✅ [12] 93605044
    ✅ [12] 93605044 🚗本田 STEPWGN HYBRID	混能	7座	2000cc	自動波	
    ✅ [12] 93605044 🚗三菱 PAJERO DIESEL	柴油	7座	2500cc	自動波	1
    ✅ [12] 93605044 🚗豐田 ALPHARD 2.5	汽油	7座	2500cc	自動波	202
    ✅ [12] 62749813 🚗豐田 NOAH HYBRID	混能	7座	1800cc	自動波	201
    ✅ [12] 93605044 🚗豐田 NOAH HYBRID	混能	7座	1800cc	自動波	201
    ✅ [12] 62749813 🚗豐田 ALPHARD 3.5	汽油	7座	3500cc	自動波	201
    ✅ [12] 62749813 🚗豐田 ALPHARD 3.5	汽油	7座	3500cc	自動波	201
    ✅ [12] 93605044 🚗豐田 ALPHARD 3.5	汽油	7座	3500cc	自動波	201
    ✅ [12] 93343280 🚗豐田 VELLFIRE3.5	汽油	7座	3500cc	自動波	202
    ✅ [12] 62749813 🚗標緻 TRAVELLER	柴油	6座	2000cc	自動波	2018	
    ✅ [12] 62749813 🚗豐田 PRIUS 1.8 HYBRID MODELLISTA	混能	5
    ✅ [12] 93605044 🚗豐田 PRIUS 1.8 HYBRID MODELLISTA	混能	5
    ✅ [12] 93605044 🚗豐田 ALPHARD 3.5	汽油	7座	3500cc	自動波	201
    ✅ [12] 93605044 🚗寶馬 420iA GRAN COUPE	汽油	5座	2000cc	自動
    ✅ [12] 93605044 🚗豐田 VOXY HYBRID	混能	7座	1800cc	自動波	201
    ✅ [12] 93605044 🚗豐田 VELLFIRE 3.5	汽油	7座	3500cc	自動波	20
    ✅ [12] 93605044 🚗豐田 FT86	汽油	4座	2000cc	棍波	2014	$113,0
    ⚠️ 已達最大頁數限制 (50 頁)，停止爬取

📊 28car 完成: 12 條

📘 啟動 Facebook 爬蟲...
❌ Facebook 瀏覽器啟動失敗: <urlopen error retrieval incomplete: got only 4964352 out of 9481108 bytes>
📊 Facebook 完成: 0 條

======================================================================
📊 總計獲取: 12 條

✅ Excel 導出完成:
   📄 28car 資料: /Users/claw/Desktop/汽車保險潛客數據/本地_28car資料_20260327.xlsx
      - 28car電話: 12 條
   📄 全部資料: /Users/claw/Desktop/汽車保險潛客數據/本地_全部資料_20260327.xlsx (12 條)

📊 來源統計:
   - 28car: 12 條
   - Facebook: 0 條
     ├─ 帖子: 0 條
     ├─ 評論: 0 條
     └─ 含電話: 0 條
   - 合併去重後總計: 12 個電話
======================================================================
⚠️ 警告: 未達到目標 100 條，僅獲取 12 條
