========================================
🦞 整合自動化開始: 2026年 3月31日 星期二 11時08分56秒 CST
========================================
🚗 [1/4] 28car 爬蟲...
🚗 28car 爬蟲啟動 (目標100條)

📊 數據庫現有: 125 條

📄 正在抓取第 1 頁...
   URL: https://www.28car.com/sell_lst.php
    ✅ 98395961 | 日產
    ✅ 92881202 | 保時捷
    ✅ 70148961 | 寶馬
    ✅ 92861361 | 賓利
    ✅ 93095474 | 賓利
    ✅ 68898681 | 豐田
    ✅ 51337644 | 豐田
    ✅ 64642601 | 萬事得
    ✅ 94523594 | 平治
   本頁新增: 9 | 累計: 134/100


🎉 已達到目標 100 條！

==================================================
✅ 爬蟲完成！
==================================================
本次新增: 9 條
數據庫總計: 134 條
有車型資料: 132 條 (98%)

📊 已導出 134 條記錄到: /Users/claw/.openclaw/workspace/28car_潛客_100條.xlsx

💾 數據庫: /Users/claw/.openclaw/workspace/car28_scraper.db
✅ 28car 完成
📘 [2/4] Facebook 爬蟲...
Traceback (most recent call last):
  File "/Users/claw/.openclaw/workspace/fb_crawler_final_v5.py", line 412, in main
    comments = crawler.extract_comments_semantic(post_url)
  File "/Users/claw/.openclaw/workspace/fb_crawler_final_v5.py", line 178, in extract_comments_semantic
    self.page.goto(post_url, wait_until='networkidle', timeout=90000)
  File "/Library/Python/3.9/site-packages/playwright/sync_api/_generated.py", line 9054, in goto
    self._sync(
  File "/Library/Python/3.9/site-packages/playwright/_impl/_sync_base.py", line 115, in _sync
    return task.result()
  File "/Library/Python/3.9/site-packages/playwright/_impl/_page.py", line 552, in goto
    return await self._main_frame.goto(**locals_to_params(locals()))
  File "/Library/Python/3.9/site-packages/playwright/_impl/_frame.py", line 153, in goto
    await self._channel.send(
  File "/Library/Python/3.9/site-packages/playwright/_impl/_connection.py", line 69, in send
    return await self._connection.wrap_api_call(
  File "/Library/Python/3.9/site-packages/playwright/_impl/_connection.py", line 559, in wrap_api_call
    raise rewrite_error(error, f"{parsed_st['apiName']}: {error}") from None
playwright._impl._errors.TimeoutError: Page.goto: Timeout 90000ms exceeded.
Call log:
  - navigating to "https://www.facebook.com/share/p/1DrEnCiSTY/", waiting until "networkidle"

======================================================================
📘 Facebook 智能爬蟲 v5.0
======================================================================
技術方案：Playwright + 語義定位 + Cookie狀態保持

🔑 加載登入狀態: /Users/claw/.fb_crawler/fb_storage_state.json

📄 [1/1] 處理中...

🌐 訪問貼文: https://www.facebook.com/share/p/1DrEnCiSTY/...

❌ 錯誤: Page.goto: Timeout 90000ms exceeded.
Call log:
  - navigating to "https://www.facebook.com/share/p/1DrEnCiSTY/", waiting until "networkidle"


👋 瀏覽器已關閉
✅ Facebook 完成
📊 [3/4] 合併去重...
✅ 已匯出 Excel
☁️ [4/4] 同步到潛客系統...
🌐 潛客系統正常 (HTTP 200)
Traceback (most recent call last):
  File "<stdin>", line 50, in <module>
  File "/Library/Developer/CommandLineTools/Library/Frameworks/Python3.framework/Versions/3.9/lib/python3.9/asyncio/runners.py", line 44, in run
    return loop.run_until_complete(main)
  File "/Library/Developer/CommandLineTools/Library/Frameworks/Python3.framework/Versions/3.9/lib/python3.9/asyncio/base_events.py", line 642, in run_until_complete
    return future.result()
  File "<stdin>", line 16, in upload_leads
TypeError: new_context() got an unexpected keyword argument 'user_data_dir'
✅ 潛客系統同步完成
🚗 [5/5] 港車北上報價系統檢查...
✅ 港車北上報價系統正常 (本地檔案存在)

========================================
✅ 整合自動化完成: 2026年 3月31日 星期二 11時10分42秒 CST
========================================
