========================================
🦞 整合自動化開始: 2026年 4月 2日 星期四 07時00分04秒 CST
========================================
🚗 [1/4] 28car 爬蟲...
🚗 28car 爬蟲啟動 (目標100條)

📊 數據庫現有: 145 條

📄 正在抓取第 1 頁...
   URL: https://www.28car.com/sell_lst.php
    ✅ 64388789 | 平治
    ✅ 96008558 | 現代
    ✅ 94448758 | 奧迪
    ✅ 91517374 | 豐田
    ✅ 95184435 | 豐田
    ✅ 67751011 | 現代
    ✅ 68991904 | 平治
    ✅ 51004509 | 豐田
   本頁新增: 8 | 累計: 153/100


🎉 已達到目標 100 條！

==================================================
✅ 爬蟲完成！
==================================================
本次新增: 8 條
數據庫總計: 153 條
有車型資料: 151 條 (98%)

📊 已導出 153 條記錄到: /Users/claw/.openclaw/workspace/28car_潛客_100條.xlsx

💾 數據庫: /Users/claw/.openclaw/workspace/car28_scraper.db
✅ 28car 完成
📘 [2/4] Facebook 爬蟲 (可跳過)...
======================================================================
📘 Facebook 智能爬蟲 v5.0
======================================================================
技術方案：Playwright + 語義定位 + Cookie狀態保持

🔑 加載登入狀態: /Users/claw/.fb_crawler/fb_storage_state.json

📄 [1/1] 處理中...

🌐 訪問貼文: https://www.facebook.com/share/p/1DrEnCiSTY/...
  滾動加載內容...
  展開所有留言...
  提取留言資料...
    找到 6 個 article 區塊
    使用備用策略...

  📊 保存 0/0 條留言

======================================================================
✅ 爬蟲完成！
======================================================================
📊 本次新增: 0 條
📊 數據庫總計: 49 條
📁 Excel導出: /Users/claw/.openclaw/workspace/fb_潛客_20260402.xlsx

👋 瀏覽器已關閉
