========================================
🦞 整合自動化開始: 2026年 3月31日 星期二 11時12分36秒 CST
========================================
🚗 [1/4] 28car 爬蟲...
🚗 28car 爬蟲啟動 (目標100條)

📊 數據庫現有: 134 條

📄 正在抓取第 1 頁...
   URL: https://www.28car.com/sell_lst.php
    ✅ 97476242 | 寶馬
    ✅ 90839289 | 平治
    ✅ 96888164 | 凌志
    ✅ 55051388 | 保時捷
    ✅ 51343578 | 豐田
    ✅ 91362339 | 豐田
   本頁新增: 6 | 累計: 140/100


🎉 已達到目標 100 條！

==================================================
✅ 爬蟲完成！
==================================================
本次新增: 6 條
數據庫總計: 140 條
有車型資料: 138 條 (98%)

📊 已導出 140 條記錄到: /Users/claw/.openclaw/workspace/28car_潛客_100條.xlsx

💾 數據庫: /Users/claw/.openclaw/workspace/car28_scraper.db
✅ 28car 完成
📘 [2/4] Facebook 爬蟲...
Traceback (most recent call last):
  File "/Users/claw/.openclaw/workspace/fb_crawler_final_v5.py", line 412, in main
    comments = crawler.extract_comments_semantic(post_url)
  File "/Users/claw/.openclaw/workspace/fb_crawler_final_v5.py", line 178, in extract_comments_semantic
    self.page.goto(post_url, wait_until='networkidle', timeout=90000)
  File "/Library/Python/3.9/site-packages/playwright/sync_api/_generated.py", line 9054, in goto
    self._sync(
  File "/Library/Python/3.9/site-packages/playwright/_impl/_sync_base.py", line 115, in _sync
    return task.result()
  File "/Library/Python/3.9/site-packages/playwright/_impl/_page.py", line 552, in goto
    return await self._main_frame.goto(**locals_to_params(locals()))
  File "/Library/Python/3.9/site-packages/playwright/_impl/_frame.py", line 153, in goto
    await self._channel.send(
  File "/Library/Python/3.9/site-packages/playwright/_impl/_connection.py", line 69, in send
    return await self._connection.wrap_api_call(
  File "/Library/Python/3.9/site-packages/playwright/_impl/_connection.py", line 559, in wrap_api_call
    raise rewrite_error(error, f"{parsed_st['apiName']}: {error}") from None
playwright._impl._errors.TimeoutError: Page.goto: Timeout 90000ms exceeded.
Call log:
  - navigating to "https://www.facebook.com/share/p/1DrEnCiSTY/", waiting until "networkidle"

======================================================================
📘 Facebook 智能爬蟲 v5.0
======================================================================
技術方案：Playwright + 語義定位 + Cookie狀態保持

🔑 加載登入狀態: /Users/claw/.fb_crawler/fb_storage_state.json

📄 [1/1] 處理中...

🌐 訪問貼文: https://www.facebook.com/share/p/1DrEnCiSTY/...

❌ 錯誤: Page.goto: Timeout 90000ms exceeded.
Call log:
  - navigating to "https://www.facebook.com/share/p/1DrEnCiSTY/", waiting until "networkidle"


👋 瀏覽器已關閉
✅ Facebook 完成
📊 [3/4] 合併去重...
✅ 已匯出 Excel
☁️ [4/4] 同步到潛客系統...
🌐 潛客系統正常 (HTTP 200)
/Library/Python/3.9/site-packages/urllib3/__init__.py:35: NotOpenSSLWarning: urllib3 v2 only supports OpenSSL 1.1.1+, currently the 'ssl' module is compiled with 'LibreSSL 2.8.3'. See: https://github.com/urllib3/urllib3/issues/3020
  warnings.warn(
