========================================
🦞 整合自動化開始: 2026年 4月 3日 星期五 07時02分22秒 CST
========================================
🚗 [1/4] 28car 爬蟲...
🚗 28car 爬蟲啟動 (目標100條)

📊 數據庫現有: 153 條

📄 正在抓取第 1 頁...
   URL: https://www.28car.com/sell_lst.php
    ✅ 93343280 | 豐田
    ✅ 92580664 | 豐田
    ✅ 93180295 | 豐田
    ✅ 53270102 | 寶馬
   本頁新增: 4 | 累計: 157/100


🎉 已達到目標 100 條！

==================================================
✅ 爬蟲完成！
==================================================
本次新增: 4 條
數據庫總計: 157 條
有車型資料: 155 條 (98%)

📊 已導出 157 條記錄到: /Users/claw/.openclaw/workspace/28car_潛客_100條.xlsx

💾 數據庫: /Users/claw/.openclaw/workspace/car28_scraper.db
✅ 28car 完成
📘 [2/4] Facebook 爬蟲 (可跳過)...
======================================================================
📘 Facebook 智能爬蟲 v5.0
======================================================================
技術方案：Playwright + 語義定位 + Cookie狀態保持

🔑 加載登入狀態: /Users/claw/.fb_crawler/fb_storage_state.json

📄 [1/1] 處理中...

🌐 訪問貼文: https://www.facebook.com/share/p/1DrEnCiSTY/...
  滾動加載內容...
  展開所有留言...
  提取留言資料...
    找到 6 個 article 區塊
    使用備用策略...

  📊 保存 0/0 條留言

======================================================================
✅ 爬蟲完成！
======================================================================
📊 本次新增: 0 條
📊 數據庫總計: 49 條
📁 Excel導出: /Users/claw/.openclaw/workspace/fb_潛客_20260403.xlsx

👋 瀏覽器已關閉

📘 [2/4] Facebook 爬蟲：無輸出（可能已斷開連接或需要重新登入）
📊 [3/4] 合併去重/匯出 Excel：已在 background 完成
☁️ [4/4] 潛客系統：HTTP 200 ✅，但上傳被 SIGTERM 中斷

========================================
✅ 整合自動化完成（部分）: 2026年 4月 3日 星期五 07時08分 CST
28car: ✅ 新增4條，總計157條
FB: ⚠️ 無輸出（需檢查登入狀態）
Excel: ✅ 已匯出到桌面
潛客系統: 🌐 HTTP 200，但上傳未完成
========================================
