========================================
🦞 每日爬蟲任務開始: 2026年 3月30日 星期一 12時18分12秒 CST
========================================
🚗 執行 28car 爬蟲...
🚗 28car 爬蟲啟動 (目標100條)

📊 數據庫現有: 103 條

📄 正在抓取第 1 頁...
   URL: https://www.28car.com/sell_lst.php
    ✅ 91985815 | 起亞 SORENTO DIESEL V2.2 汽油 5座 2199cc
    ✅ 92724670 | 寶馬 X5 XDRIVE30D 柴油 7座 2993cc 自動波 20
    ✅ 97678100 | 雷諾 MEGANE RS250 MK3 MONACO GP 汽油 5座
    ✅ 64686860 | 本田 FL5 TYPE R 汽油 4座 1996cc 棍波 2023 
    ✅ 52260037 | 保時捷 997 CARRERA S 汽油 5座 3824cc 自動波 
    ✅ 60973441 | 豐田 VOXY HYBRID SZ 混能 7座 2000cc 自動波 
    ✅ 51728941 | 寶馬 M3 汽油 4座 3246cc 棍波 2003 $328,000
   本頁新增: 7 | 累計: 110/100


🎉 已達到目標 100 條！

==================================================
✅ 爬蟲完成！
==================================================
本次新增: 7 條
數據庫總計: 110 條
有車型資料: 109 條 (99%)

📊 已導出 110 條記錄到: /Users/claw/.openclaw/workspace/28car_潛客_100條.xlsx

💾 數據庫: /Users/claw/.openclaw/workspace/car28_scraper.db

⚠️  Facebook 登入狀態不存在，跳過

🔄 整合爬蟲結果...
2026-03-30 12:18:24,767 - INFO - 目錄檢查完成: /Users/claw/.openclaw/workspace/爬蟲潛客總滙
2026-03-30 12:18:24,767 - INFO - 💾 已備份舊檔案: 爬蟲潛客總滙_備份_20260330_1218.xlsx
2026-03-30 12:18:24,769 - INFO - 成功連接數據庫: /Users/claw/.openclaw/workspace/car28_scraper.db
2026-03-30 12:18:24,769 - INFO - ✅ 28car: 110 筆
2026-03-30 12:18:24,770 - INFO - 成功連接數據庫: /Users/claw/.openclaw/workspace/fb_leads_final.db
2026-03-30 12:18:24,770 - INFO - ✅ Facebook: 3 筆
2026-03-30 12:18:24,771 - INFO - 
📊 合併完成: 113 筆
2026-03-30 12:18:24,772 - INFO - 🔍 去重完成: 刪除 2 筆重複，剩餘 111 筆
2026-03-30 12:18:24,818 - INFO - 
💾 已保存: /Users/claw/.openclaw/workspace/爬蟲潛客總滙/爬蟲潛客總滙_20260330_1218.xlsx
2026-03-30 12:18:24,831 - INFO - 💾 已更新: /Users/claw/.openclaw/workspace/爬蟲潛客總滙/爬蟲潛客總滙_最新.xlsx
2026-03-30 12:18:24,831 - INFO - 
📈 統計:
2026-03-30 12:18:24,832 - INFO - 平台
28car       110
Facebook      1
2026-03-30 12:18:24,832 - INFO - 總計: 111 筆
============================================================
🦞 爬蟲潛客整合系統 (優化版)
⏰ 執行時間: 2026-03-30 12:18:24
============================================================

📥 導出數據...

🔄 合併去重...

✅ 完成！

⏱️  執行耗時: 0.06 秒
============================================================

📋 複製到桌面潛客系統...
✅ 已複製到桌面

========================================
✅ 任務完成: 2026年 3月30日 星期一 12時18分24秒 CST
========================================
